
Editor Session:  2026-09-21T13:06:55
Player:          MP4 Splitter v11
Server:          http://localhost:8855

13:06:56  Open clip      01-alpha-scene             segment.mp4  url=segment_22137e5c/viewer.html
13:06:56  Open clip      outside                    x.mp4  REFUSED: not a video under Customers/: ../outside/x.mp4
13:06:56  + Frame        segment_22137e5c           at=10 count=1 side=right  nb_frames=41
13:06:56  + Frame        segment_22137e5c           at=10 count=1 side=sideways  REFUSED: side must be 'left' or 'right'
13:06:56  + Frame        ../escape                  at=1 count=1  REFUSED: unknown slug
13:06:56  - Frame        segment_22137e5c           at=10 count=1 side=left  nb_frames=40
13:06:56  Undo           segment_22137e5c             nb_frames=40
13:06:56  Unmark all     segment_22137e5c
13:06:56  Mark           segment_22137e5c           frame=5 on=True
13:06:56  Mark           segment_22137e5c           frame=20 on=True
13:06:56  Mark           segment_22137e5c           frame=5 on=False
13:06:56  Unmark all     segment_22137e5c
13:06:56  + Frame        segment_22137e5c           at=10 count=5 side=right  nb_frames=45
13:06:58  Save scene     segment_22137e5c             nb_frames=45  duration_s=1.8
13:06:58  Save scene     segment_22137e5c             REFUSED: stale
13:06:59  Save scene     segment_22137e5c             nb_frames=45  duration_s=1.8
13:06:59  Discard edits  segment_22137e5c             nb_frames=45
13:06:59  Unmark all     segment_22137e5c
13:06:59  Mark           segment_22137e5c           frame=15 on=True
13:06:59  Mark           segment_22137e5c           frame=30 on=True
13:07:00  Cut scene      segment_22137e5c             count=3  version=1
13:07:00  Cut scene      segment_22137e5c             count=3  version=2
13:07:00  Unmark all     segment_22137e5c
13:07:00  Cut scene      segment_22137e5c             REFUSED: no break points marked yet
13:07:00  Reset editor   segment_22137e5c
13:07:00  Open clip      03-charlie-scene           segment.mp4  url=segment_c6ecc4e2/viewer.html
13:07:00  Hand off       segment_c6ecc4e2           version=1 names=['a']  REFUSED: nothing has been cut yet
13:07:00  Mark           segment_c6ecc4e2           frame=10 on=True
13:07:01  Cut scene      segment_c6ecc4e2             count=2  version=1
13:07:01  Hand off       segment_c6ecc4e2           version=1 names=['one', 'two']  REFUSED: this clip is not inside a store's videos/<name>/ folder, so there is no video for these scenes to belong to. Cutting still works; the pieces are in /Users/carsonkramer/Rentify/Video-Editor/Customers/_Editor_Test/sandbox/03-charlie-scene/dev/_cuts.
13:07:01  Hand off       segment_c6ecc4e2           version=1 names=['one']  REFUSED: this clip is not inside a store's videos/<name>/ folder, so there is no video for these scenes to belong to. Cutting still works; the pieces are in /Users/carsonkramer/Rentify/Video-Editor/Customers/_Editor_Test/sandbox/03-charlie-scene/dev/_cuts.
13:07:01  Hand off       ../escape                  version=1 names=['a']  REFUSED: unknown slug
13:07:01  Archive        _Editor_Test               folder=sandbox
13:07:01  Archive        _Editor_Test               folder=sandbox
13:07:01  Archive        _Editor_Test               folder=elsewhere  REFUSED: folder must be 'sandbox' or 'dev'
13:07:01  Open clip      02-bravo-scene             segment.mp4  url=segment_bad6fd89/viewer.html
13:07:01  Open clip      02-bravo-scene             segment.mp4  url=segment_bad6fd89/viewer.html
13:07:01  Open clip      02-bravo-scene             segment.mp4  url=segment_bad6fd89/viewer.html
