
Editor Session:  2026-09-03T00:30:35
Player:          MP4 Splitter v11
Server:          http://localhost:8855

00:30:36  Open clip      01-alpha-scene             segment.mp4  url=segment_22137e5c/viewer.html
00:30:36  Open clip      outside                    x.mp4  REFUSED: not a video under Customers/: ../outside/x.mp4
00:30:36  + Frame        segment_22137e5c           at=10 count=1 side=right  nb_frames=41
00:30:36  + Frame        segment_22137e5c           at=10 count=1 side=sideways  REFUSED: side must be 'left' or 'right'
00:30:36  + Frame        ../escape                  at=1 count=1  REFUSED: unknown slug
00:30:36  - Frame        segment_22137e5c           at=10 count=1 side=left  nb_frames=40
00:30:36  Undo           segment_22137e5c             nb_frames=40
00:30:36  Unmark all     segment_22137e5c
00:30:36  Mark           segment_22137e5c           frame=5 on=True
00:30:36  Mark           segment_22137e5c           frame=20 on=True
00:30:36  Mark           segment_22137e5c           frame=5 on=False
00:30:36  Unmark all     segment_22137e5c
00:30:36  + Frame        segment_22137e5c           at=10 count=5 side=right  nb_frames=45
00:30:38  Save scene     segment_22137e5c             nb_frames=45  duration_s=1.8
00:30:38  Save scene     segment_22137e5c             REFUSED: stale
00:30:39  Save scene     segment_22137e5c             nb_frames=45  duration_s=1.8
00:30:39  Discard edits  segment_22137e5c             nb_frames=45
00:30:39  Unmark all     segment_22137e5c
00:30:39  Mark           segment_22137e5c           frame=15 on=True
00:30:39  Mark           segment_22137e5c           frame=30 on=True
00:30:40  Cut scene      segment_22137e5c             count=3  version=1
00:30:40  Cut scene      segment_22137e5c             count=3  version=2
00:30:40  Unmark all     segment_22137e5c
00:30:40  Cut scene      segment_22137e5c             REFUSED: no break points marked yet
00:30:40  Reset editor   segment_22137e5c
00:30:41  Open clip      03-charlie-scene           segment.mp4  url=segment_c6ecc4e2/viewer.html
00:30:41  Hand off       segment_c6ecc4e2           version=1 names=['a']  REFUSED: nothing has been cut yet
00:30:41  Mark           segment_c6ecc4e2           frame=10 on=True
00:30:41  Cut scene      segment_c6ecc4e2             count=2  version=1
00:30:41  Hand off       segment_c6ecc4e2           version=1 names=['one', 'two']  REFUSED: this clip is not inside a store's videos/<name>/ folder, so there is no video for these scenes to belong to. Cutting still works; the pieces are in /Users/carsonkramer/Rentify/Video-Editor/Customers/_Editor_Test/sandbox/03-charlie-scene/dev/_cuts.
00:30:41  Hand off       segment_c6ecc4e2           version=1 names=['one']  REFUSED: this clip is not inside a store's videos/<name>/ folder, so there is no video for these scenes to belong to. Cutting still works; the pieces are in /Users/carsonkramer/Rentify/Video-Editor/Customers/_Editor_Test/sandbox/03-charlie-scene/dev/_cuts.
00:30:41  Hand off       ../escape                  version=1 names=['a']  REFUSED: unknown slug
00:30:41  Archive        _Editor_Test               folder=sandbox
00:30:41  Archive        _Editor_Test               folder=sandbox
00:30:41  Archive        _Editor_Test               folder=elsewhere  REFUSED: folder must be 'sandbox' or 'dev'
00:30:41  Open clip      02-bravo-scene             segment.mp4  url=segment_bad6fd89/viewer.html

Editor Session:  2026-09-03T09:08:14
Player:          MP4 Splitter v11
Server:          http://localhost:8855

09:08:15  Open clip      01-alpha-scene             segment.mp4  url=segment_22137e5c/viewer.html
09:08:15  Open clip      outside                    x.mp4  REFUSED: not a video under Customers/: ../outside/x.mp4
09:08:15  + Frame        segment_22137e5c           at=10 count=1 side=right  nb_frames=41
09:08:15  + Frame        segment_22137e5c           at=10 count=1 side=sideways  REFUSED: side must be 'left' or 'right'
09:08:15  + Frame        ../escape                  at=1 count=1  REFUSED: unknown slug
09:08:15  - Frame        segment_22137e5c           at=10 count=1 side=left  nb_frames=40
09:08:15  Undo           segment_22137e5c             nb_frames=40
09:08:15  Unmark all     segment_22137e5c
09:08:15  Mark           segment_22137e5c           frame=5 on=True
09:08:15  Mark           segment_22137e5c           frame=20 on=True
09:08:15  Mark           segment_22137e5c           frame=5 on=False
09:08:15  Unmark all     segment_22137e5c
09:08:15  + Frame        segment_22137e5c           at=10 count=5 side=right  nb_frames=45
09:08:17  Save scene     segment_22137e5c             nb_frames=45  duration_s=1.8
09:08:17  Save scene     segment_22137e5c             REFUSED: stale
09:08:18  Save scene     segment_22137e5c             nb_frames=45  duration_s=1.8
09:08:18  Discard edits  segment_22137e5c             nb_frames=45
09:08:18  Unmark all     segment_22137e5c
09:08:18  Mark           segment_22137e5c           frame=15 on=True
09:08:18  Mark           segment_22137e5c           frame=30 on=True
09:08:19  Cut scene      segment_22137e5c             count=3  version=1
09:08:19  Cut scene      segment_22137e5c             count=3  version=2
09:08:19  Unmark all     segment_22137e5c
09:08:19  Cut scene      segment_22137e5c             REFUSED: no break points marked yet
09:08:19  Reset editor   segment_22137e5c
09:08:20  Open clip      03-charlie-scene           segment.mp4  url=segment_c6ecc4e2/viewer.html
09:08:20  Hand off       segment_c6ecc4e2           version=1 names=['a']  REFUSED: nothing has been cut yet
09:08:20  Mark           segment_c6ecc4e2           frame=10 on=True
09:08:20  Cut scene      segment_c6ecc4e2             count=2  version=1
09:08:20  Hand off       segment_c6ecc4e2           version=1 names=['one', 'two']  REFUSED: this clip is not inside a store's videos/<name>/ folder, so there is no video for these scenes to belong to. Cutting still works; the pieces are in /Users/carsonkramer/Rentify/Video-Editor/Customers/_Editor_Test/sandbox/03-charlie-scene/dev/_cuts.
09:08:20  Hand off       segment_c6ecc4e2           version=1 names=['one']  REFUSED: this clip is not inside a store's videos/<name>/ folder, so there is no video for these scenes to belong to. Cutting still works; the pieces are in /Users/carsonkramer/Rentify/Video-Editor/Customers/_Editor_Test/sandbox/03-charlie-scene/dev/_cuts.
09:08:20  Hand off       ../escape                  version=1 names=['a']  REFUSED: unknown slug
09:08:20  Archive        _Editor_Test               folder=sandbox
09:08:20  Archive        _Editor_Test               folder=sandbox
09:08:20  Archive        _Editor_Test               folder=elsewhere  REFUSED: folder must be 'sandbox' or 'dev'
09:08:20  Open clip      02-bravo-scene             segment.mp4  url=segment_bad6fd89/viewer.html

Editor Session:  2026-09-03T09:36:32
Player:          MP4 Splitter v11
Server:          http://localhost:8855

09:36:33  Open clip      01-alpha-scene             segment.mp4  url=segment_22137e5c/viewer.html
09:36:33  Open clip      outside                    x.mp4  REFUSED: not a video under Customers/: ../outside/x.mp4
09:36:33  + Frame        segment_22137e5c           at=10 count=1 side=right  nb_frames=41
09:36:33  + Frame        segment_22137e5c           at=10 count=1 side=sideways  REFUSED: side must be 'left' or 'right'
09:36:33  + Frame        ../escape                  at=1 count=1  REFUSED: unknown slug
09:36:33  - Frame        segment_22137e5c           at=10 count=1 side=left  nb_frames=40
09:36:33  Undo           segment_22137e5c             nb_frames=40
09:36:33  Unmark all     segment_22137e5c
09:36:33  Mark           segment_22137e5c           frame=5 on=True
09:36:33  Mark           segment_22137e5c           frame=20 on=True
09:36:33  Mark           segment_22137e5c           frame=5 on=False
09:36:33  Unmark all     segment_22137e5c
09:36:33  + Frame        segment_22137e5c           at=10 count=5 side=right  nb_frames=45
09:36:35  Save scene     segment_22137e5c             nb_frames=45  duration_s=1.8
09:36:35  Save scene     segment_22137e5c             REFUSED: stale
09:36:36  Save scene     segment_22137e5c             nb_frames=45  duration_s=1.8
09:36:36  Discard edits  segment_22137e5c             nb_frames=45
09:36:36  Unmark all     segment_22137e5c
09:36:36  Mark           segment_22137e5c           frame=15 on=True
09:36:36  Mark           segment_22137e5c           frame=30 on=True
09:36:37  Cut scene      segment_22137e5c             count=3  version=1
09:36:38  Cut scene      segment_22137e5c             count=3  version=2
09:36:38  Unmark all     segment_22137e5c
09:36:38  Cut scene      segment_22137e5c             REFUSED: no break points marked yet
09:36:38  Reset editor   segment_22137e5c
09:36:38  Open clip      03-charlie-scene           segment.mp4  url=segment_c6ecc4e2/viewer.html
09:36:38  Hand off       segment_c6ecc4e2           version=1 names=['a']  REFUSED: nothing has been cut yet
09:36:38  Mark           segment_c6ecc4e2           frame=10 on=True
09:36:38  Cut scene      segment_c6ecc4e2             count=2  version=1
09:36:38  Hand off       segment_c6ecc4e2           version=1 names=['one', 'two']  REFUSED: this clip is not inside a store's videos/<name>/ folder, so there is no video for these scenes to belong to. Cutting still works; the pieces are in /Users/carsonkramer/Rentify/Video-Editor/Customers/_Editor_Test/sandbox/03-charlie-scene/dev/_cuts.
09:36:38  Hand off       segment_c6ecc4e2           version=1 names=['one']  REFUSED: this clip is not inside a store's videos/<name>/ folder, so there is no video for these scenes to belong to. Cutting still works; the pieces are in /Users/carsonkramer/Rentify/Video-Editor/Customers/_Editor_Test/sandbox/03-charlie-scene/dev/_cuts.
09:36:38  Hand off       ../escape                  version=1 names=['a']  REFUSED: unknown slug
09:36:38  Archive        _Editor_Test               folder=sandbox
09:36:38  Archive        _Editor_Test               folder=sandbox
09:36:38  Archive        _Editor_Test               folder=elsewhere  REFUSED: folder must be 'sandbox' or 'dev'
09:36:38  Open clip      02-bravo-scene             segment.mp4  url=segment_bad6fd89/viewer.html

Editor Session:  2026-09-03T09:40:45
Player:          MP4 Splitter v11
Server:          http://localhost:8855

09:40:46  Open clip      01-alpha-scene             segment.mp4  url=segment_22137e5c/viewer.html
09:40:46  Open clip      outside                    x.mp4  REFUSED: not a video under Customers/: ../outside/x.mp4
09:40:46  + Frame        segment_22137e5c           at=10 count=1 side=right  nb_frames=41
09:40:46  + Frame        segment_22137e5c           at=10 count=1 side=sideways  REFUSED: side must be 'left' or 'right'
09:40:46  + Frame        ../escape                  at=1 count=1  REFUSED: unknown slug
09:40:46  - Frame        segment_22137e5c           at=10 count=1 side=left  nb_frames=40
09:40:46  Undo           segment_22137e5c             nb_frames=40
09:40:46  Unmark all     segment_22137e5c
09:40:46  Mark           segment_22137e5c           frame=5 on=True
09:40:46  Mark           segment_22137e5c           frame=20 on=True
09:40:46  Mark           segment_22137e5c           frame=5 on=False
09:40:46  Unmark all     segment_22137e5c
09:40:46  + Frame        segment_22137e5c           at=10 count=5 side=right  nb_frames=45
09:40:48  Save scene     segment_22137e5c             nb_frames=45  duration_s=1.8
09:40:48  Save scene     segment_22137e5c             REFUSED: stale
09:40:49  Save scene     segment_22137e5c             nb_frames=45  duration_s=1.8
09:40:49  Discard edits  segment_22137e5c             nb_frames=45
09:40:49  Unmark all     segment_22137e5c
09:40:49  Mark           segment_22137e5c           frame=15 on=True
09:40:49  Mark           segment_22137e5c           frame=30 on=True
09:40:50  Cut scene      segment_22137e5c             count=3  version=1
09:40:50  Cut scene      segment_22137e5c             count=3  version=2
09:40:50  Unmark all     segment_22137e5c
09:40:50  Cut scene      segment_22137e5c             REFUSED: no break points marked yet
09:40:50  Reset editor   segment_22137e5c
09:40:51  Open clip      03-charlie-scene           segment.mp4  url=segment_c6ecc4e2/viewer.html
09:40:51  Hand off       segment_c6ecc4e2           version=1 names=['a']  REFUSED: nothing has been cut yet
09:40:51  Mark           segment_c6ecc4e2           frame=10 on=True
09:40:51  Cut scene      segment_c6ecc4e2             count=2  version=1
09:40:51  Hand off       segment_c6ecc4e2           version=1 names=['one', 'two']  REFUSED: this clip is not inside a store's videos/<name>/ folder, so there is no video for these scenes to belong to. Cutting still works; the pieces are in /Users/carsonkramer/Rentify/Video-Editor/Customers/_Editor_Test/sandbox/03-charlie-scene/dev/_cuts.
09:40:51  Hand off       segment_c6ecc4e2           version=1 names=['one']  REFUSED: this clip is not inside a store's videos/<name>/ folder, so there is no video for these scenes to belong to. Cutting still works; the pieces are in /Users/carsonkramer/Rentify/Video-Editor/Customers/_Editor_Test/sandbox/03-charlie-scene/dev/_cuts.
09:40:51  Hand off       ../escape                  version=1 names=['a']  REFUSED: unknown slug
09:40:51  Archive        _Editor_Test               folder=sandbox
09:40:51  Archive        _Editor_Test               folder=sandbox
09:40:51  Archive        _Editor_Test               folder=elsewhere  REFUSED: folder must be 'sandbox' or 'dev'
09:40:51  Open clip      02-bravo-scene             segment.mp4  url=segment_bad6fd89/viewer.html

Editor Session:  2026-09-03T09:57:59
Player:          MP4 Splitter v11
Server:          http://localhost:8845


Editor Session:  2026-09-03T10:07:23
Player:          MP4 Splitter v11
Server:          http://localhost:8855

10:07:24  Open clip      01-alpha-scene             segment.mp4  url=segment_22137e5c/viewer.html
10:07:24  Open clip      outside                    x.mp4  REFUSED: not a video under Customers/: ../outside/x.mp4
10:07:24  + Frame        segment_22137e5c           at=10 count=1 side=right  nb_frames=41
10:07:24  + Frame        segment_22137e5c           at=10 count=1 side=sideways  REFUSED: side must be 'left' or 'right'
10:07:24  + Frame        ../escape                  at=1 count=1  REFUSED: unknown slug
10:07:24  - Frame        segment_22137e5c           at=10 count=1 side=left  nb_frames=40
10:07:24  Undo           segment_22137e5c             nb_frames=40
10:07:24  Unmark all     segment_22137e5c
10:07:24  Mark           segment_22137e5c           frame=5 on=True
10:07:24  Mark           segment_22137e5c           frame=20 on=True
10:07:24  Mark           segment_22137e5c           frame=5 on=False
10:07:24  Unmark all     segment_22137e5c
10:07:24  + Frame        segment_22137e5c           at=10 count=5 side=right  nb_frames=45
10:07:26  Save scene     segment_22137e5c             nb_frames=45  duration_s=1.8
10:07:26  Save scene     segment_22137e5c             REFUSED: stale
10:07:27  Save scene     segment_22137e5c             nb_frames=45  duration_s=1.8
10:07:27  Discard edits  segment_22137e5c             nb_frames=45
10:07:27  Unmark all     segment_22137e5c
10:07:27  Mark           segment_22137e5c           frame=15 on=True
10:07:27  Mark           segment_22137e5c           frame=30 on=True
10:07:28  Cut scene      segment_22137e5c             count=3  version=1
10:07:29  Cut scene      segment_22137e5c             count=3  version=2
10:07:29  Unmark all     segment_22137e5c
10:07:29  Cut scene      segment_22137e5c             REFUSED: no break points marked yet
10:07:29  Reset editor   segment_22137e5c
10:07:29  Open clip      03-charlie-scene           segment.mp4  url=segment_c6ecc4e2/viewer.html
10:07:29  Hand off       segment_c6ecc4e2           version=1 names=['a']  REFUSED: nothing has been cut yet
10:07:29  Mark           segment_c6ecc4e2           frame=10 on=True
10:07:29  Cut scene      segment_c6ecc4e2             count=2  version=1
10:07:29  Hand off       segment_c6ecc4e2           version=1 names=['one', 'two']  REFUSED: this clip is not inside a store's videos/<name>/ folder, so there is no video for these scenes to belong to. Cutting still works; the pieces are in /Users/carsonkramer/Rentify/Video-Editor/Customers/_Editor_Test/sandbox/03-charlie-scene/dev/_cuts.
10:07:29  Hand off       segment_c6ecc4e2           version=1 names=['one']  REFUSED: this clip is not inside a store's videos/<name>/ folder, so there is no video for these scenes to belong to. Cutting still works; the pieces are in /Users/carsonkramer/Rentify/Video-Editor/Customers/_Editor_Test/sandbox/03-charlie-scene/dev/_cuts.
10:07:29  Hand off       ../escape                  version=1 names=['a']  REFUSED: unknown slug
10:07:29  Archive        _Editor_Test               folder=sandbox
10:07:29  Archive        _Editor_Test               folder=sandbox
10:07:29  Archive        _Editor_Test               folder=elsewhere  REFUSED: folder must be 'sandbox' or 'dev'
10:07:29  Open clip      02-bravo-scene             segment.mp4  url=segment_bad6fd89/viewer.html

Editor Session:  2026-09-03T11:12:31
Player:          MP4 Splitter v11
Server:          http://localhost:8855

11:12:32  Open clip      01-alpha-scene             segment.mp4  url=segment_22137e5c/viewer.html
11:12:32  Open clip      outside                    x.mp4  REFUSED: not a video under Customers/: ../outside/x.mp4
11:12:32  + Frame        segment_22137e5c           at=10 count=1 side=right  nb_frames=41
11:12:32  + Frame        segment_22137e5c           at=10 count=1 side=sideways  REFUSED: side must be 'left' or 'right'
11:12:32  + Frame        ../escape                  at=1 count=1  REFUSED: unknown slug
11:12:32  - Frame        segment_22137e5c           at=10 count=1 side=left  nb_frames=40
11:12:32  Undo           segment_22137e5c             nb_frames=40
11:12:32  Unmark all     segment_22137e5c
11:12:32  Mark           segment_22137e5c           frame=5 on=True
11:12:32  Mark           segment_22137e5c           frame=20 on=True
11:12:32  Mark           segment_22137e5c           frame=5 on=False
11:12:32  Unmark all     segment_22137e5c
11:12:32  + Frame        segment_22137e5c           at=10 count=5 side=right  nb_frames=45
11:12:34  Save scene     segment_22137e5c             nb_frames=45  duration_s=1.8
11:12:34  Save scene     segment_22137e5c             REFUSED: stale
11:12:35  Save scene     segment_22137e5c             nb_frames=45  duration_s=1.8
11:12:35  Discard edits  segment_22137e5c             nb_frames=45
11:12:35  Unmark all     segment_22137e5c
11:12:35  Mark           segment_22137e5c           frame=15 on=True
11:12:35  Mark           segment_22137e5c           frame=30 on=True
11:12:36  Cut scene      segment_22137e5c             count=3  version=1
11:12:36  Cut scene      segment_22137e5c             count=3  version=2
11:12:36  Unmark all     segment_22137e5c
11:12:36  Cut scene      segment_22137e5c             REFUSED: no break points marked yet
11:12:36  Reset editor   segment_22137e5c
11:12:36  Open clip      03-charlie-scene           segment.mp4  url=segment_c6ecc4e2/viewer.html
11:12:36  Hand off       segment_c6ecc4e2           version=1 names=['a']  REFUSED: nothing has been cut yet
11:12:36  Mark           segment_c6ecc4e2           frame=10 on=True
11:12:37  Cut scene      segment_c6ecc4e2             count=2  version=1
11:12:37  Hand off       segment_c6ecc4e2           version=1 names=['one', 'two']  REFUSED: this clip is not inside a store's videos/<name>/ folder, so there is no video for these scenes to belong to. Cutting still works; the pieces are in /Users/carsonkramer/Rentify/Video-Editor/Customers/_Editor_Test/sandbox/03-charlie-scene/dev/_cuts.
11:12:37  Hand off       segment_c6ecc4e2           version=1 names=['one']  REFUSED: this clip is not inside a store's videos/<name>/ folder, so there is no video for these scenes to belong to. Cutting still works; the pieces are in /Users/carsonkramer/Rentify/Video-Editor/Customers/_Editor_Test/sandbox/03-charlie-scene/dev/_cuts.
11:12:37  Hand off       ../escape                  version=1 names=['a']  REFUSED: unknown slug
11:12:37  Archive        _Editor_Test               folder=sandbox
11:12:37  Archive        _Editor_Test               folder=sandbox
11:12:37  Archive        _Editor_Test               folder=elsewhere  REFUSED: folder must be 'sandbox' or 'dev'
11:12:37  Open clip      02-bravo-scene             segment.mp4  url=segment_bad6fd89/viewer.html

Editor Session:  2026-09-03T11:26:20
Player:          MP4 Splitter v11
Server:          http://localhost:8855

11:26:21  Open clip      01-alpha-scene             segment.mp4  url=segment_22137e5c/viewer.html
11:26:21  Open clip      outside                    x.mp4  REFUSED: not a video under Customers/: ../outside/x.mp4
11:26:21  + Frame        segment_22137e5c           at=10 count=1 side=right  nb_frames=41
11:26:21  + Frame        segment_22137e5c           at=10 count=1 side=sideways  REFUSED: side must be 'left' or 'right'
11:26:21  + Frame        ../escape                  at=1 count=1  REFUSED: unknown slug
11:26:21  - Frame        segment_22137e5c           at=10 count=1 side=left  nb_frames=40
11:26:21  Undo           segment_22137e5c             nb_frames=40
11:26:21  Unmark all     segment_22137e5c
11:26:21  Mark           segment_22137e5c           frame=5 on=True
11:26:21  Mark           segment_22137e5c           frame=20 on=True
11:26:21  Mark           segment_22137e5c           frame=5 on=False
11:26:21  Unmark all     segment_22137e5c
11:26:21  + Frame        segment_22137e5c           at=10 count=5 side=right  nb_frames=45
11:26:23  Save scene     segment_22137e5c             nb_frames=45  duration_s=1.8
11:26:23  Save scene     segment_22137e5c             REFUSED: stale
11:26:24  Save scene     segment_22137e5c             nb_frames=45  duration_s=1.8
11:26:24  Discard edits  segment_22137e5c             nb_frames=45
11:26:24  Unmark all     segment_22137e5c
11:26:24  Mark           segment_22137e5c           frame=15 on=True
11:26:24  Mark           segment_22137e5c           frame=30 on=True
11:26:25  Cut scene      segment_22137e5c             count=3  version=1
11:26:25  Cut scene      segment_22137e5c             count=3  version=2
11:26:25  Unmark all     segment_22137e5c
11:26:25  Cut scene      segment_22137e5c             REFUSED: no break points marked yet
11:26:25  Reset editor   segment_22137e5c
11:26:26  Open clip      03-charlie-scene           segment.mp4  url=segment_c6ecc4e2/viewer.html
11:26:26  Hand off       segment_c6ecc4e2           version=1 names=['a']  REFUSED: nothing has been cut yet
11:26:26  Mark           segment_c6ecc4e2           frame=10 on=True
11:26:26  Cut scene      segment_c6ecc4e2             count=2  version=1
11:26:26  Hand off       segment_c6ecc4e2           version=1 names=['one', 'two']  REFUSED: this clip is not inside a store's videos/<name>/ folder, so there is no video for these scenes to belong to. Cutting still works; the pieces are in /Users/carsonkramer/Rentify/Video-Editor/Customers/_Editor_Test/sandbox/03-charlie-scene/dev/_cuts.
11:26:26  Hand off       segment_c6ecc4e2           version=1 names=['one']  REFUSED: this clip is not inside a store's videos/<name>/ folder, so there is no video for these scenes to belong to. Cutting still works; the pieces are in /Users/carsonkramer/Rentify/Video-Editor/Customers/_Editor_Test/sandbox/03-charlie-scene/dev/_cuts.
11:26:26  Hand off       ../escape                  version=1 names=['a']  REFUSED: unknown slug
11:26:26  Archive        _Editor_Test               folder=sandbox
11:26:26  Archive        _Editor_Test               folder=sandbox
11:26:26  Archive        _Editor_Test               folder=elsewhere  REFUSED: folder must be 'sandbox' or 'dev'
11:26:26  Open clip      02-bravo-scene             segment.mp4  url=segment_bad6fd89/viewer.html

Editor Session:  2026-09-03T11:32:37
Player:          MP4 Splitter v11
Server:          http://localhost:8855

11:32:37  Open clip      01-alpha-scene             segment.mp4  url=segment_22137e5c/viewer.html
11:32:37  Open clip      outside                    x.mp4  REFUSED: not a video under Customers/: ../outside/x.mp4
11:32:37  + Frame        segment_22137e5c           at=10 count=1 side=right  nb_frames=41
11:32:37  + Frame        segment_22137e5c           at=10 count=1 side=sideways  REFUSED: side must be 'left' or 'right'
11:32:37  + Frame        ../escape                  at=1 count=1  REFUSED: unknown slug
11:32:37  - Frame        segment_22137e5c           at=10 count=1 side=left  nb_frames=40
11:32:38  Undo           segment_22137e5c             nb_frames=40
11:32:38  Unmark all     segment_22137e5c
11:32:38  Mark           segment_22137e5c           frame=5 on=True
11:32:38  Mark           segment_22137e5c           frame=20 on=True
11:32:38  Mark           segment_22137e5c           frame=5 on=False
11:32:38  Unmark all     segment_22137e5c
11:32:38  + Frame        segment_22137e5c           at=10 count=5 side=right  nb_frames=45
11:32:39  Save scene     segment_22137e5c             nb_frames=45  duration_s=1.8
11:32:40  Save scene     segment_22137e5c             REFUSED: stale
11:32:40  Save scene     segment_22137e5c             nb_frames=45  duration_s=1.8
11:32:41  Discard edits  segment_22137e5c             nb_frames=45
11:32:41  Unmark all     segment_22137e5c
11:32:41  Mark           segment_22137e5c           frame=15 on=True
11:32:41  Mark           segment_22137e5c           frame=30 on=True
11:32:41  Cut scene      segment_22137e5c             count=3  version=1
11:32:42  Cut scene      segment_22137e5c             count=3  version=2
11:32:42  Unmark all     segment_22137e5c
11:32:42  Cut scene      segment_22137e5c             REFUSED: no break points marked yet
11:32:42  Reset editor   segment_22137e5c
11:32:42  Open clip      03-charlie-scene           segment.mp4  url=segment_c6ecc4e2/viewer.html
11:32:42  Hand off       segment_c6ecc4e2           version=1 names=['a']  REFUSED: nothing has been cut yet
11:32:42  Mark           segment_c6ecc4e2           frame=10 on=True
11:32:43  Cut scene      segment_c6ecc4e2             count=2  version=1
11:32:43  Hand off       segment_c6ecc4e2           version=1 names=['one', 'two']  REFUSED: this clip is not inside a store's videos/<name>/ folder, so there is no video for these scenes to belong to. Cutting still works; the pieces are in /Users/carsonkramer/Rentify/Video-Editor/Customers/_Editor_Test/sandbox/03-charlie-scene/dev/_cuts.
11:32:43  Hand off       segment_c6ecc4e2           version=1 names=['one']  REFUSED: this clip is not inside a store's videos/<name>/ folder, so there is no video for these scenes to belong to. Cutting still works; the pieces are in /Users/carsonkramer/Rentify/Video-Editor/Customers/_Editor_Test/sandbox/03-charlie-scene/dev/_cuts.
11:32:43  Hand off       ../escape                  version=1 names=['a']  REFUSED: unknown slug
11:32:43  Archive        _Editor_Test               folder=sandbox
11:32:43  Archive        _Editor_Test               folder=sandbox
11:32:43  Archive        _Editor_Test               folder=elsewhere  REFUSED: folder must be 'sandbox' or 'dev'
11:32:43  Open clip      02-bravo-scene             segment.mp4  url=segment_bad6fd89/viewer.html

Editor Session:  2026-09-03T12:10:49
Player:          MP4 Splitter v11
Server:          http://localhost:8855

12:10:50  Open clip      01-alpha-scene             segment.mp4  url=segment_22137e5c/viewer.html
12:10:50  Open clip      outside                    x.mp4  REFUSED: not a video under Customers/: ../outside/x.mp4
12:10:50  + Frame        segment_22137e5c           at=10 count=1 side=right  nb_frames=41
12:10:50  + Frame        segment_22137e5c           at=10 count=1 side=sideways  REFUSED: side must be 'left' or 'right'
12:10:50  + Frame        ../escape                  at=1 count=1  REFUSED: unknown slug
12:10:50  - Frame        segment_22137e5c           at=10 count=1 side=left  nb_frames=40
12:10:50  Undo           segment_22137e5c             nb_frames=40
12:10:50  Unmark all     segment_22137e5c
12:10:50  Mark           segment_22137e5c           frame=5 on=True
12:10:50  Mark           segment_22137e5c           frame=20 on=True
12:10:50  Mark           segment_22137e5c           frame=5 on=False
12:10:50  Unmark all     segment_22137e5c
12:10:50  + Frame        segment_22137e5c           at=10 count=5 side=right  nb_frames=45
12:10:52  Save scene     segment_22137e5c             nb_frames=45  duration_s=1.8
12:10:52  Save scene     segment_22137e5c             REFUSED: stale
12:10:53  Save scene     segment_22137e5c             nb_frames=45  duration_s=1.8
12:10:53  Discard edits  segment_22137e5c             nb_frames=45
12:10:53  Unmark all     segment_22137e5c
12:10:53  Mark           segment_22137e5c           frame=15 on=True
12:10:53  Mark           segment_22137e5c           frame=30 on=True
12:10:54  Cut scene      segment_22137e5c             count=3  version=1
12:10:55  Cut scene      segment_22137e5c             count=3  version=2
12:10:55  Unmark all     segment_22137e5c
12:10:55  Cut scene      segment_22137e5c             REFUSED: no break points marked yet
12:10:55  Reset editor   segment_22137e5c
12:10:55  Open clip      03-charlie-scene           segment.mp4  url=segment_c6ecc4e2/viewer.html
12:10:55  Hand off       segment_c6ecc4e2           version=1 names=['a']  REFUSED: nothing has been cut yet
12:10:55  Mark           segment_c6ecc4e2           frame=10 on=True
12:10:55  Cut scene      segment_c6ecc4e2             count=2  version=1
12:10:55  Hand off       segment_c6ecc4e2           version=1 names=['one', 'two']  REFUSED: this clip is not inside a store's videos/<name>/ folder, so there is no video for these scenes to belong to. Cutting still works; the pieces are in /Users/carsonkramer/Rentify/Video-Editor/Customers/_Editor_Test/sandbox/03-charlie-scene/dev/_cuts.
12:10:55  Hand off       segment_c6ecc4e2           version=1 names=['one']  REFUSED: this clip is not inside a store's videos/<name>/ folder, so there is no video for these scenes to belong to. Cutting still works; the pieces are in /Users/carsonkramer/Rentify/Video-Editor/Customers/_Editor_Test/sandbox/03-charlie-scene/dev/_cuts.
12:10:55  Hand off       ../escape                  version=1 names=['a']  REFUSED: unknown slug
12:10:55  Archive        _Editor_Test               folder=sandbox
12:10:55  Archive        _Editor_Test               folder=sandbox
12:10:55  Archive        _Editor_Test               folder=elsewhere  REFUSED: folder must be 'sandbox' or 'dev'
12:10:55  Open clip      02-bravo-scene             segment.mp4  url=segment_bad6fd89/viewer.html

Editor Session:  2026-09-03T12:20:41
Player:          MP4 Splitter v11
Server:          http://localhost:8855

12:20:42  Open clip      01-alpha-scene             segment.mp4  url=segment_22137e5c/viewer.html
12:20:42  Open clip      outside                    x.mp4  REFUSED: not a video under Customers/: ../outside/x.mp4
12:20:42  + Frame        segment_22137e5c           at=10 count=1 side=right  nb_frames=41
12:20:42  + Frame        segment_22137e5c           at=10 count=1 side=sideways  REFUSED: side must be 'left' or 'right'
12:20:42  + Frame        ../escape                  at=1 count=1  REFUSED: unknown slug
12:20:42  - Frame        segment_22137e5c           at=10 count=1 side=left  nb_frames=40
12:20:42  Undo           segment_22137e5c             nb_frames=40
12:20:42  Unmark all     segment_22137e5c
12:20:42  Mark           segment_22137e5c           frame=5 on=True
12:20:42  Mark           segment_22137e5c           frame=20 on=True
12:20:42  Mark           segment_22137e5c           frame=5 on=False
12:20:42  Unmark all     segment_22137e5c
12:20:42  + Frame        segment_22137e5c           at=10 count=5 side=right  nb_frames=45
12:20:44  Save scene     segment_22137e5c             nb_frames=45  duration_s=1.8
12:20:44  Save scene     segment_22137e5c             REFUSED: stale
12:20:45  Save scene     segment_22137e5c             nb_frames=45  duration_s=1.8
12:20:45  Discard edits  segment_22137e5c             nb_frames=45
12:20:45  Unmark all     segment_22137e5c
12:20:45  Mark           segment_22137e5c           frame=15 on=True
12:20:45  Mark           segment_22137e5c           frame=30 on=True
12:20:46  Cut scene      segment_22137e5c             count=3  version=1
12:20:47  Cut scene      segment_22137e5c             count=3  version=2
12:20:47  Unmark all     segment_22137e5c
12:20:47  Cut scene      segment_22137e5c             REFUSED: no break points marked yet
12:20:47  Reset editor   segment_22137e5c
12:20:47  Open clip      03-charlie-scene           segment.mp4  url=segment_c6ecc4e2/viewer.html
12:20:47  Hand off       segment_c6ecc4e2           version=1 names=['a']  REFUSED: nothing has been cut yet
12:20:47  Mark           segment_c6ecc4e2           frame=10 on=True
12:20:47  Cut scene      segment_c6ecc4e2             count=2  version=1
12:20:47  Hand off       segment_c6ecc4e2           version=1 names=['one', 'two']  REFUSED: this clip is not inside a store's videos/<name>/ folder, so there is no video for these scenes to belong to. Cutting still works; the pieces are in /Users/carsonkramer/Rentify/Video-Editor/Customers/_Editor_Test/sandbox/03-charlie-scene/dev/_cuts.
12:20:47  Hand off       segment_c6ecc4e2           version=1 names=['one']  REFUSED: this clip is not inside a store's videos/<name>/ folder, so there is no video for these scenes to belong to. Cutting still works; the pieces are in /Users/carsonkramer/Rentify/Video-Editor/Customers/_Editor_Test/sandbox/03-charlie-scene/dev/_cuts.
12:20:47  Hand off       ../escape                  version=1 names=['a']  REFUSED: unknown slug
12:20:47  Archive        _Editor_Test               folder=sandbox
12:20:47  Archive        _Editor_Test               folder=sandbox
12:20:47  Archive        _Editor_Test               folder=elsewhere  REFUSED: folder must be 'sandbox' or 'dev'
12:20:47  Open clip      02-bravo-scene             segment.mp4  url=segment_bad6fd89/viewer.html

Editor Session:  2026-09-03T12:40:17
Player:          MP4 Splitter v11
Server:          http://localhost:8855

12:40:17  Open clip      01-alpha-scene             segment.mp4  url=segment_22137e5c/viewer.html
12:40:17  Open clip      outside                    x.mp4  REFUSED: not a video under Customers/: ../outside/x.mp4
12:40:17  + Frame        segment_22137e5c           at=10 count=1 side=right  nb_frames=41
12:40:17  + Frame        segment_22137e5c           at=10 count=1 side=sideways  REFUSED: side must be 'left' or 'right'
12:40:17  + Frame        ../escape                  at=1 count=1  REFUSED: unknown slug
12:40:17  - Frame        segment_22137e5c           at=10 count=1 side=left  nb_frames=40
12:40:17  Undo           segment_22137e5c             nb_frames=40
12:40:17  Unmark all     segment_22137e5c
12:40:17  Mark           segment_22137e5c           frame=5 on=True
12:40:17  Mark           segment_22137e5c           frame=20 on=True
12:40:17  Mark           segment_22137e5c           frame=5 on=False
12:40:17  Unmark all     segment_22137e5c
12:40:18  + Frame        segment_22137e5c           at=10 count=5 side=right  nb_frames=45
12:40:19  Save scene     segment_22137e5c             nb_frames=45  duration_s=1.8
12:40:19  Save scene     segment_22137e5c             REFUSED: stale
12:40:20  Save scene     segment_22137e5c             nb_frames=45  duration_s=1.8
12:40:20  Discard edits  segment_22137e5c             nb_frames=45
12:40:20  Unmark all     segment_22137e5c
12:40:20  Mark           segment_22137e5c           frame=15 on=True
12:40:20  Mark           segment_22137e5c           frame=30 on=True
12:40:21  Cut scene      segment_22137e5c             count=3  version=1
12:40:22  Cut scene      segment_22137e5c             count=3  version=2
12:40:22  Unmark all     segment_22137e5c
12:40:22  Cut scene      segment_22137e5c             REFUSED: no break points marked yet
12:40:22  Reset editor   segment_22137e5c
12:40:22  Open clip      03-charlie-scene           segment.mp4  url=segment_c6ecc4e2/viewer.html
12:40:22  Hand off       segment_c6ecc4e2           version=1 names=['a']  REFUSED: nothing has been cut yet
12:40:22  Mark           segment_c6ecc4e2           frame=10 on=True
12:40:22  Cut scene      segment_c6ecc4e2             count=2  version=1
12:40:22  Hand off       segment_c6ecc4e2           version=1 names=['one', 'two']  REFUSED: this clip is not inside a store's videos/<name>/ folder, so there is no video for these scenes to belong to. Cutting still works; the pieces are in /Users/carsonkramer/Rentify/Video-Editor/Customers/_Editor_Test/sandbox/03-charlie-scene/dev/_cuts.
12:40:22  Hand off       segment_c6ecc4e2           version=1 names=['one']  REFUSED: this clip is not inside a store's videos/<name>/ folder, so there is no video for these scenes to belong to. Cutting still works; the pieces are in /Users/carsonkramer/Rentify/Video-Editor/Customers/_Editor_Test/sandbox/03-charlie-scene/dev/_cuts.
12:40:22  Hand off       ../escape                  version=1 names=['a']  REFUSED: unknown slug
12:40:22  Archive        _Editor_Test               folder=sandbox
12:40:22  Archive        _Editor_Test               folder=sandbox
12:40:22  Archive        _Editor_Test               folder=elsewhere  REFUSED: folder must be 'sandbox' or 'dev'
12:40:23  Open clip      02-bravo-scene             segment.mp4  url=segment_bad6fd89/viewer.html

Editor Session:  2026-09-03T12:52:03
Player:          MP4 Splitter v11
Server:          http://localhost:8855

12:52:03  Open clip      01-alpha-scene             segment.mp4  url=segment_22137e5c/viewer.html
12:52:03  Open clip      outside                    x.mp4  REFUSED: not a video under Customers/: ../outside/x.mp4
12:52:03  + Frame        segment_22137e5c           at=10 count=1 side=right  nb_frames=41
12:52:03  + Frame        segment_22137e5c           at=10 count=1 side=sideways  REFUSED: side must be 'left' or 'right'
12:52:03  + Frame        ../escape                  at=1 count=1  REFUSED: unknown slug
12:52:03  - Frame        segment_22137e5c           at=10 count=1 side=left  nb_frames=40
12:52:04  Undo           segment_22137e5c             nb_frames=40
12:52:04  Unmark all     segment_22137e5c
12:52:04  Mark           segment_22137e5c           frame=5 on=True
12:52:04  Mark           segment_22137e5c           frame=20 on=True
12:52:04  Mark           segment_22137e5c           frame=5 on=False
12:52:04  Unmark all     segment_22137e5c
12:52:04  + Frame        segment_22137e5c           at=10 count=5 side=right  nb_frames=45
12:52:05  Save scene     segment_22137e5c             nb_frames=45  duration_s=1.8
12:52:06  Save scene     segment_22137e5c             REFUSED: stale
12:52:06  Save scene     segment_22137e5c             nb_frames=45  duration_s=1.8
12:52:07  Discard edits  segment_22137e5c             nb_frames=45
12:52:07  Unmark all     segment_22137e5c
12:52:07  Mark           segment_22137e5c           frame=15 on=True
12:52:07  Mark           segment_22137e5c           frame=30 on=True
12:52:07  Cut scene      segment_22137e5c             count=3  version=1
12:52:08  Cut scene      segment_22137e5c             count=3  version=2
12:52:08  Unmark all     segment_22137e5c
12:52:08  Cut scene      segment_22137e5c             REFUSED: no break points marked yet
12:52:08  Reset editor   segment_22137e5c
12:52:08  Open clip      03-charlie-scene           segment.mp4  url=segment_c6ecc4e2/viewer.html
12:52:08  Hand off       segment_c6ecc4e2           version=1 names=['a']  REFUSED: nothing has been cut yet
12:52:08  Mark           segment_c6ecc4e2           frame=10 on=True
12:52:09  Cut scene      segment_c6ecc4e2             count=2  version=1
12:52:09  Hand off       segment_c6ecc4e2           version=1 names=['one', 'two']  REFUSED: this clip is not inside a store's videos/<name>/ folder, so there is no video for these scenes to belong to. Cutting still works; the pieces are in /Users/carsonkramer/Rentify/Video-Editor/Customers/_Editor_Test/sandbox/03-charlie-scene/dev/_cuts.
12:52:09  Hand off       segment_c6ecc4e2           version=1 names=['one']  REFUSED: this clip is not inside a store's videos/<name>/ folder, so there is no video for these scenes to belong to. Cutting still works; the pieces are in /Users/carsonkramer/Rentify/Video-Editor/Customers/_Editor_Test/sandbox/03-charlie-scene/dev/_cuts.
12:52:09  Hand off       ../escape                  version=1 names=['a']  REFUSED: unknown slug
12:52:09  Archive        _Editor_Test               folder=sandbox
12:52:09  Archive        _Editor_Test               folder=sandbox
12:52:09  Archive        _Editor_Test               folder=elsewhere  REFUSED: folder must be 'sandbox' or 'dev'
12:52:09  Open clip      02-bravo-scene             segment.mp4  url=segment_bad6fd89/viewer.html

Editor Session:  2026-09-03T12:54:26
Player:          MP4 Splitter v11
Server:          http://localhost:8855

12:54:26  Open clip      01-alpha-scene             segment.mp4  url=segment_22137e5c/viewer.html
12:54:26  Open clip      outside                    x.mp4  REFUSED: not a video under Customers/: ../outside/x.mp4
12:54:26  + Frame        segment_22137e5c           at=10 count=1 side=right  nb_frames=41
12:54:26  + Frame        segment_22137e5c           at=10 count=1 side=sideways  REFUSED: side must be 'left' or 'right'
12:54:26  + Frame        ../escape                  at=1 count=1  REFUSED: unknown slug
12:54:26  - Frame        segment_22137e5c           at=10 count=1 side=left  nb_frames=40
12:54:27  Undo           segment_22137e5c             nb_frames=40
12:54:27  Unmark all     segment_22137e5c
12:54:27  Mark           segment_22137e5c           frame=5 on=True
12:54:27  Mark           segment_22137e5c           frame=20 on=True
12:54:27  Mark           segment_22137e5c           frame=5 on=False
12:54:27  Unmark all     segment_22137e5c
12:54:27  + Frame        segment_22137e5c           at=10 count=5 side=right  nb_frames=45
12:54:28  Save scene     segment_22137e5c             nb_frames=45  duration_s=1.8
12:54:28  Save scene     segment_22137e5c             REFUSED: stale
12:54:29  Save scene     segment_22137e5c             nb_frames=45  duration_s=1.8
12:54:29  Discard edits  segment_22137e5c             nb_frames=45
12:54:29  Unmark all     segment_22137e5c
12:54:29  Mark           segment_22137e5c           frame=15 on=True
12:54:29  Mark           segment_22137e5c           frame=30 on=True
12:54:30  Cut scene      segment_22137e5c             count=3  version=1
12:54:31  Cut scene      segment_22137e5c             count=3  version=2
12:54:31  Unmark all     segment_22137e5c
12:54:31  Cut scene      segment_22137e5c             REFUSED: no break points marked yet
12:54:31  Reset editor   segment_22137e5c
12:54:31  Open clip      03-charlie-scene           segment.mp4  url=segment_c6ecc4e2/viewer.html
12:54:31  Hand off       segment_c6ecc4e2           version=1 names=['a']  REFUSED: nothing has been cut yet
12:54:31  Mark           segment_c6ecc4e2           frame=10 on=True
12:54:31  Cut scene      segment_c6ecc4e2             count=2  version=1
12:54:31  Hand off       segment_c6ecc4e2           version=1 names=['one', 'two']  REFUSED: this clip is not inside a store's videos/<name>/ folder, so there is no video for these scenes to belong to. Cutting still works; the pieces are in /Users/carsonkramer/Rentify/Video-Editor/Customers/_Editor_Test/sandbox/03-charlie-scene/dev/_cuts.
12:54:31  Hand off       segment_c6ecc4e2           version=1 names=['one']  REFUSED: this clip is not inside a store's videos/<name>/ folder, so there is no video for these scenes to belong to. Cutting still works; the pieces are in /Users/carsonkramer/Rentify/Video-Editor/Customers/_Editor_Test/sandbox/03-charlie-scene/dev/_cuts.
12:54:31  Hand off       ../escape                  version=1 names=['a']  REFUSED: unknown slug
12:54:31  Archive        _Editor_Test               folder=sandbox
12:54:31  Archive        _Editor_Test               folder=sandbox
12:54:31  Archive        _Editor_Test               folder=elsewhere  REFUSED: folder must be 'sandbox' or 'dev'
12:54:32  Open clip      02-bravo-scene             segment.mp4  url=segment_bad6fd89/viewer.html

Editor Session:  2026-09-03T19:26:55
Player:          MP4 Splitter v11
Server:          http://localhost:8855

19:26:56  Open clip      01-alpha-scene             segment.mp4  url=segment_22137e5c/viewer.html
19:26:56  Open clip      outside                    x.mp4  REFUSED: not a video under Customers/: ../outside/x.mp4
19:26:56  + Frame        segment_22137e5c           at=10 count=1 side=right  nb_frames=41
19:26:56  + Frame        segment_22137e5c           at=10 count=1 side=sideways  REFUSED: side must be 'left' or 'right'
19:26:56  + Frame        ../escape                  at=1 count=1  REFUSED: unknown slug
19:26:56  - Frame        segment_22137e5c           at=10 count=1 side=left  nb_frames=40
19:26:56  Undo           segment_22137e5c             nb_frames=40
19:26:56  Unmark all     segment_22137e5c
19:26:56  Mark           segment_22137e5c           frame=5 on=True
19:26:56  Mark           segment_22137e5c           frame=20 on=True
19:26:56  Mark           segment_22137e5c           frame=5 on=False
19:26:56  Unmark all     segment_22137e5c
19:26:56  + Frame        segment_22137e5c           at=10 count=5 side=right  nb_frames=45
19:26:58  Save scene     segment_22137e5c             nb_frames=45  duration_s=1.8
19:26:58  Save scene     segment_22137e5c             REFUSED: stale
19:26:59  Save scene     segment_22137e5c             nb_frames=45  duration_s=1.8
19:26:59  Discard edits  segment_22137e5c             nb_frames=45
19:26:59  Unmark all     segment_22137e5c
19:26:59  Mark           segment_22137e5c           frame=15 on=True
19:26:59  Mark           segment_22137e5c           frame=30 on=True
19:27:00  Cut scene      segment_22137e5c             count=3  version=1
19:27:01  Cut scene      segment_22137e5c             count=3  version=2
19:27:01  Unmark all     segment_22137e5c
19:27:01  Cut scene      segment_22137e5c             REFUSED: no break points marked yet
19:27:01  Reset editor   segment_22137e5c
19:27:01  Open clip      03-charlie-scene           segment.mp4  url=segment_c6ecc4e2/viewer.html
19:27:01  Hand off       segment_c6ecc4e2           version=1 names=['a']  REFUSED: nothing has been cut yet
19:27:01  Mark           segment_c6ecc4e2           frame=10 on=True
19:27:01  Cut scene      segment_c6ecc4e2             count=2  version=1
19:27:01  Hand off       segment_c6ecc4e2           version=1 names=['one', 'two']  REFUSED: this clip is not inside a store's videos/<name>/ folder, so there is no video for these scenes to belong to. Cutting still works; the pieces are in /Users/carsonkramer/Rentify/Video-Editor/Customers/_Editor_Test/sandbox/03-charlie-scene/dev/_cuts.
19:27:01  Hand off       segment_c6ecc4e2           version=1 names=['one']  REFUSED: this clip is not inside a store's videos/<name>/ folder, so there is no video for these scenes to belong to. Cutting still works; the pieces are in /Users/carsonkramer/Rentify/Video-Editor/Customers/_Editor_Test/sandbox/03-charlie-scene/dev/_cuts.
19:27:01  Hand off       ../escape                  version=1 names=['a']  REFUSED: unknown slug
19:27:01  Archive        _Editor_Test               folder=sandbox
19:27:01  Archive        _Editor_Test               folder=sandbox
19:27:01  Archive        _Editor_Test               folder=elsewhere  REFUSED: folder must be 'sandbox' or 'dev'
19:27:01  Open clip      02-bravo-scene             segment.mp4  url=segment_bad6fd89/viewer.html

Editor Session:  2026-09-03T19:49:05
Player:          MP4 Splitter v11
Server:          http://localhost:8855

19:49:05  Open clip      01-alpha-scene             segment.mp4  url=segment_22137e5c/viewer.html
19:49:05  Open clip      outside                    x.mp4  REFUSED: not a video under Customers/: ../outside/x.mp4
19:49:05  + Frame        segment_22137e5c           at=10 count=1 side=right  nb_frames=41
19:49:05  + Frame        segment_22137e5c           at=10 count=1 side=sideways  REFUSED: side must be 'left' or 'right'
19:49:05  + Frame        ../escape                  at=1 count=1  REFUSED: unknown slug
19:49:05  - Frame        segment_22137e5c           at=10 count=1 side=left  nb_frames=40
19:49:06  Undo           segment_22137e5c             nb_frames=40
19:49:06  Unmark all     segment_22137e5c
19:49:06  Mark           segment_22137e5c           frame=5 on=True
19:49:06  Mark           segment_22137e5c           frame=20 on=True
19:49:06  Mark           segment_22137e5c           frame=5 on=False
19:49:06  Unmark all     segment_22137e5c
19:49:06  + Frame        segment_22137e5c           at=10 count=5 side=right  nb_frames=45
19:49:07  Save scene     segment_22137e5c             nb_frames=45  duration_s=1.8
19:49:07  Save scene     segment_22137e5c             REFUSED: stale
19:49:08  Save scene     segment_22137e5c             nb_frames=45  duration_s=1.8
19:49:08  Discard edits  segment_22137e5c             nb_frames=45
19:49:08  Unmark all     segment_22137e5c
19:49:08  Mark           segment_22137e5c           frame=15 on=True
19:49:08  Mark           segment_22137e5c           frame=30 on=True
19:49:09  Cut scene      segment_22137e5c             count=3  version=1
19:49:10  Cut scene      segment_22137e5c             count=3  version=2
19:49:10  Unmark all     segment_22137e5c
19:49:10  Cut scene      segment_22137e5c             REFUSED: no break points marked yet
19:49:10  Reset editor   segment_22137e5c
19:49:10  Open clip      03-charlie-scene           segment.mp4  url=segment_c6ecc4e2/viewer.html
19:49:10  Hand off       segment_c6ecc4e2           version=1 names=['a']  REFUSED: nothing has been cut yet
19:49:10  Mark           segment_c6ecc4e2           frame=10 on=True
19:49:10  Cut scene      segment_c6ecc4e2             count=2  version=1
19:49:10  Hand off       segment_c6ecc4e2           version=1 names=['one', 'two']  REFUSED: this clip is not inside a store's videos/<name>/ folder, so there is no video for these scenes to belong to. Cutting still works; the pieces are in /Users/carsonkramer/Rentify/Video-Editor/Customers/_Editor_Test/sandbox/03-charlie-scene/dev/_cuts.
19:49:10  Hand off       segment_c6ecc4e2           version=1 names=['one']  REFUSED: this clip is not inside a store's videos/<name>/ folder, so there is no video for these scenes to belong to. Cutting still works; the pieces are in /Users/carsonkramer/Rentify/Video-Editor/Customers/_Editor_Test/sandbox/03-charlie-scene/dev/_cuts.
19:49:10  Hand off       ../escape                  version=1 names=['a']  REFUSED: unknown slug
19:49:10  Archive        _Editor_Test               folder=sandbox
19:49:10  Archive        _Editor_Test               folder=sandbox
19:49:10  Archive        _Editor_Test               folder=elsewhere  REFUSED: folder must be 'sandbox' or 'dev'
19:49:11  Open clip      02-bravo-scene             segment.mp4  url=segment_bad6fd89/viewer.html

Editor Session:  2026-09-03T20:33:06
Player:          MP4 Splitter v11
Server:          http://localhost:8855

20:33:06  Open clip      01-alpha-scene             segment.mp4  url=segment_22137e5c/viewer.html
20:33:06  Open clip      outside                    x.mp4  REFUSED: not a video under Customers/: ../outside/x.mp4
20:33:06  + Frame        segment_22137e5c           at=10 count=1 side=right  nb_frames=41
20:33:06  + Frame        segment_22137e5c           at=10 count=1 side=sideways  REFUSED: side must be 'left' or 'right'
20:33:06  + Frame        ../escape                  at=1 count=1  REFUSED: unknown slug
20:33:06  - Frame        segment_22137e5c           at=10 count=1 side=left  nb_frames=40
20:33:07  Undo           segment_22137e5c             nb_frames=40
20:33:07  Unmark all     segment_22137e5c
20:33:07  Mark           segment_22137e5c           frame=5 on=True
20:33:07  Mark           segment_22137e5c           frame=20 on=True
20:33:07  Mark           segment_22137e5c           frame=5 on=False
20:33:07  Unmark all     segment_22137e5c
20:33:07  + Frame        segment_22137e5c           at=10 count=5 side=right  nb_frames=45
20:33:08  Save scene     segment_22137e5c             nb_frames=45  duration_s=1.8
20:33:08  Save scene     segment_22137e5c             REFUSED: stale
20:33:09  Save scene     segment_22137e5c             nb_frames=45  duration_s=1.8
20:33:09  Discard edits  segment_22137e5c             nb_frames=45
20:33:09  Unmark all     segment_22137e5c
20:33:09  Mark           segment_22137e5c           frame=15 on=True
20:33:09  Mark           segment_22137e5c           frame=30 on=True
20:33:10  Cut scene      segment_22137e5c             count=3  version=1
20:33:11  Cut scene      segment_22137e5c             count=3  version=2
20:33:11  Unmark all     segment_22137e5c
20:33:11  Cut scene      segment_22137e5c             REFUSED: no break points marked yet
20:33:11  Reset editor   segment_22137e5c
20:33:11  Open clip      03-charlie-scene           segment.mp4  url=segment_c6ecc4e2/viewer.html
20:33:11  Hand off       segment_c6ecc4e2           version=1 names=['a']  REFUSED: nothing has been cut yet
20:33:11  Mark           segment_c6ecc4e2           frame=10 on=True
20:33:11  Cut scene      segment_c6ecc4e2             count=2  version=1
20:33:11  Hand off       segment_c6ecc4e2           version=1 names=['one', 'two']  REFUSED: this clip is not inside a store's videos/<name>/ folder, so there is no video for these scenes to belong to. Cutting still works; the pieces are in /Users/carsonkramer/Rentify/Video-Editor/Customers/_Editor_Test/sandbox/03-charlie-scene/dev/_cuts.
20:33:11  Hand off       segment_c6ecc4e2           version=1 names=['one']  REFUSED: this clip is not inside a store's videos/<name>/ folder, so there is no video for these scenes to belong to. Cutting still works; the pieces are in /Users/carsonkramer/Rentify/Video-Editor/Customers/_Editor_Test/sandbox/03-charlie-scene/dev/_cuts.
20:33:11  Hand off       ../escape                  version=1 names=['a']  REFUSED: unknown slug
20:33:11  Archive        _Editor_Test               folder=sandbox
20:33:11  Archive        _Editor_Test               folder=sandbox
20:33:11  Archive        _Editor_Test               folder=elsewhere  REFUSED: folder must be 'sandbox' or 'dev'
20:33:12  Open clip      02-bravo-scene             segment.mp4  url=segment_bad6fd89/viewer.html

Editor Session:  2026-09-03T20:35:16
Player:          MP4 Splitter v11
Server:          http://localhost:8855

20:35:17  Open clip      01-alpha-scene             segment.mp4  url=segment_22137e5c/viewer.html
20:35:17  Open clip      outside                    x.mp4  REFUSED: not a video under Customers/: ../outside/x.mp4
20:35:17  + Frame        segment_22137e5c           at=10 count=1 side=right  nb_frames=41
20:35:17  + Frame        segment_22137e5c           at=10 count=1 side=sideways  REFUSED: side must be 'left' or 'right'
20:35:17  + Frame        ../escape                  at=1 count=1  REFUSED: unknown slug
20:35:17  - Frame        segment_22137e5c           at=10 count=1 side=left  nb_frames=40
20:35:17  Undo           segment_22137e5c             nb_frames=40
20:35:17  Unmark all     segment_22137e5c
20:35:17  Mark           segment_22137e5c           frame=5 on=True
20:35:17  Mark           segment_22137e5c           frame=20 on=True
20:35:17  Mark           segment_22137e5c           frame=5 on=False
20:35:17  Unmark all     segment_22137e5c
20:35:17  + Frame        segment_22137e5c           at=10 count=5 side=right  nb_frames=45
20:35:19  Save scene     segment_22137e5c             nb_frames=45  duration_s=1.8
20:35:19  Save scene     segment_22137e5c             REFUSED: stale
20:35:20  Save scene     segment_22137e5c             nb_frames=45  duration_s=1.8
20:35:20  Discard edits  segment_22137e5c             nb_frames=45
20:35:20  Unmark all     segment_22137e5c
20:35:20  Mark           segment_22137e5c           frame=15 on=True
20:35:20  Mark           segment_22137e5c           frame=30 on=True
20:35:21  Cut scene      segment_22137e5c             count=3  version=1
20:35:21  Cut scene      segment_22137e5c             count=3  version=2
20:35:21  Unmark all     segment_22137e5c
20:35:21  Cut scene      segment_22137e5c             REFUSED: no break points marked yet
20:35:21  Reset editor   segment_22137e5c
20:35:22  Open clip      03-charlie-scene           segment.mp4  url=segment_c6ecc4e2/viewer.html
20:35:22  Hand off       segment_c6ecc4e2           version=1 names=['a']  REFUSED: nothing has been cut yet
20:35:22  Mark           segment_c6ecc4e2           frame=10 on=True
20:35:22  Cut scene      segment_c6ecc4e2             count=2  version=1
20:35:22  Hand off       segment_c6ecc4e2           version=1 names=['one', 'two']  REFUSED: this clip is not inside a store's videos/<name>/ folder, so there is no video for these scenes to belong to. Cutting still works; the pieces are in /Users/carsonkramer/Rentify/Video-Editor/Customers/_Editor_Test/sandbox/03-charlie-scene/dev/_cuts.
20:35:22  Hand off       segment_c6ecc4e2           version=1 names=['one']  REFUSED: this clip is not inside a store's videos/<name>/ folder, so there is no video for these scenes to belong to. Cutting still works; the pieces are in /Users/carsonkramer/Rentify/Video-Editor/Customers/_Editor_Test/sandbox/03-charlie-scene/dev/_cuts.
20:35:22  Hand off       ../escape                  version=1 names=['a']  REFUSED: unknown slug
20:35:22  Archive        _Editor_Test               folder=sandbox
20:35:22  Archive        _Editor_Test               folder=sandbox
20:35:22  Archive        _Editor_Test               folder=elsewhere  REFUSED: folder must be 'sandbox' or 'dev'
20:35:22  Open clip      02-bravo-scene             segment.mp4  url=segment_bad6fd89/viewer.html

Editor Session:  2026-09-03T20:36:50
Player:          MP4 Splitter v11
Server:          http://localhost:8899


Editor Session:  2026-09-03T20:39:51
Player:          MP4 Splitter v11
Server:          http://localhost:8855

20:39:51  Open clip      01-alpha-scene             segment.mp4  url=segment_22137e5c/viewer.html
20:39:51  Open clip      outside                    x.mp4  REFUSED: not a video under Customers/: ../outside/x.mp4
20:39:51  + Frame        segment_22137e5c           at=10 count=1 side=right  nb_frames=41
20:39:51  + Frame        segment_22137e5c           at=10 count=1 side=sideways  REFUSED: side must be 'left' or 'right'
20:39:51  + Frame        ../escape                  at=1 count=1  REFUSED: unknown slug
20:39:51  - Frame        segment_22137e5c           at=10 count=1 side=left  nb_frames=40
20:39:52  Undo           segment_22137e5c             nb_frames=40
20:39:52  Unmark all     segment_22137e5c
20:39:52  Mark           segment_22137e5c           frame=5 on=True
20:39:52  Mark           segment_22137e5c           frame=20 on=True
20:39:52  Mark           segment_22137e5c           frame=5 on=False
20:39:52  Unmark all     segment_22137e5c
20:39:52  + Frame        segment_22137e5c           at=10 count=5 side=right  nb_frames=45
20:39:53  Save scene     segment_22137e5c             nb_frames=45  duration_s=1.8
20:39:53  Save scene     segment_22137e5c             REFUSED: stale
20:39:54  Save scene     segment_22137e5c             nb_frames=45  duration_s=1.8
20:39:54  Discard edits  segment_22137e5c             nb_frames=45
20:39:55  Unmark all     segment_22137e5c
20:39:55  Mark           segment_22137e5c           frame=15 on=True
20:39:55  Mark           segment_22137e5c           frame=30 on=True
20:39:55  Cut scene      segment_22137e5c             count=3  version=1
20:39:56  Cut scene      segment_22137e5c             count=3  version=2
20:39:56  Unmark all     segment_22137e5c
20:39:56  Cut scene      segment_22137e5c             REFUSED: no break points marked yet
20:39:56  Reset editor   segment_22137e5c
20:39:56  Open clip      03-charlie-scene           segment.mp4  url=segment_c6ecc4e2/viewer.html
20:39:56  Hand off       segment_c6ecc4e2           version=1 names=['a']  REFUSED: nothing has been cut yet
20:39:56  Mark           segment_c6ecc4e2           frame=10 on=True
20:39:56  Cut scene      segment_c6ecc4e2             count=2  version=1
20:39:56  Hand off       segment_c6ecc4e2           version=1 names=['one', 'two']  REFUSED: this clip is not inside a store's videos/<name>/ folder, so there is no video for these scenes to belong to. Cutting still works; the pieces are in /Users/carsonkramer/Rentify/Video-Editor/Customers/_Editor_Test/sandbox/03-charlie-scene/dev/_cuts.
20:39:56  Hand off       segment_c6ecc4e2           version=1 names=['one']  REFUSED: this clip is not inside a store's videos/<name>/ folder, so there is no video for these scenes to belong to. Cutting still works; the pieces are in /Users/carsonkramer/Rentify/Video-Editor/Customers/_Editor_Test/sandbox/03-charlie-scene/dev/_cuts.
20:39:56  Hand off       ../escape                  version=1 names=['a']  REFUSED: unknown slug
20:39:56  Archive        _Editor_Test               folder=sandbox
20:39:56  Archive        _Editor_Test               folder=sandbox
20:39:56  Archive        _Editor_Test               folder=elsewhere  REFUSED: folder must be 'sandbox' or 'dev'
20:39:57  Open clip      02-bravo-scene             segment.mp4  url=segment_bad6fd89/viewer.html

Editor Session:  2026-09-03T20:43:07
Player:          MP4 Splitter v11
Server:          http://localhost:8855

20:43:07  Open clip      01-alpha-scene             segment.mp4  url=segment_22137e5c/viewer.html
20:43:07  Open clip      outside                    x.mp4  REFUSED: not a video under Customers/: ../outside/x.mp4
20:43:07  + Frame        segment_22137e5c           at=10 count=1 side=right  nb_frames=41
20:43:07  + Frame        segment_22137e5c           at=10 count=1 side=sideways  REFUSED: side must be 'left' or 'right'
20:43:07  + Frame        ../escape                  at=1 count=1  REFUSED: unknown slug
20:43:07  - Frame        segment_22137e5c           at=10 count=1 side=left  nb_frames=40
20:43:07  Undo           segment_22137e5c             nb_frames=40
20:43:07  Unmark all     segment_22137e5c
20:43:07  Mark           segment_22137e5c           frame=5 on=True
20:43:07  Mark           segment_22137e5c           frame=20 on=True
20:43:07  Mark           segment_22137e5c           frame=5 on=False
20:43:07  Unmark all     segment_22137e5c
20:43:07  + Frame        segment_22137e5c           at=10 count=5 side=right  nb_frames=45
20:43:09  Save scene     segment_22137e5c             nb_frames=45  duration_s=1.8
20:43:09  Save scene     segment_22137e5c             REFUSED: stale
20:43:10  Save scene     segment_22137e5c             nb_frames=45  duration_s=1.8
20:43:10  Discard edits  segment_22137e5c             nb_frames=45
20:43:10  Unmark all     segment_22137e5c
20:43:10  Mark           segment_22137e5c           frame=15 on=True
20:43:10  Mark           segment_22137e5c           frame=30 on=True
20:43:11  Cut scene      segment_22137e5c             count=3  version=1
20:43:12  Cut scene      segment_22137e5c             count=3  version=2
20:43:12  Unmark all     segment_22137e5c
20:43:12  Cut scene      segment_22137e5c             REFUSED: no break points marked yet
20:43:12  Reset editor   segment_22137e5c
20:43:12  Open clip      03-charlie-scene           segment.mp4  url=segment_c6ecc4e2/viewer.html
20:43:12  Hand off       segment_c6ecc4e2           version=1 names=['a']  REFUSED: nothing has been cut yet
20:43:12  Mark           segment_c6ecc4e2           frame=10 on=True
20:43:12  Cut scene      segment_c6ecc4e2             count=2  version=1
20:43:12  Hand off       segment_c6ecc4e2           version=1 names=['one', 'two']  REFUSED: this clip is not inside a store's videos/<name>/ folder, so there is no video for these scenes to belong to. Cutting still works; the pieces are in /Users/carsonkramer/Rentify/Video-Editor/Customers/_Editor_Test/sandbox/03-charlie-scene/dev/_cuts.
20:43:12  Hand off       segment_c6ecc4e2           version=1 names=['one']  REFUSED: this clip is not inside a store's videos/<name>/ folder, so there is no video for these scenes to belong to. Cutting still works; the pieces are in /Users/carsonkramer/Rentify/Video-Editor/Customers/_Editor_Test/sandbox/03-charlie-scene/dev/_cuts.
20:43:12  Hand off       ../escape                  version=1 names=['a']  REFUSED: unknown slug
20:43:12  Archive        _Editor_Test               folder=sandbox
20:43:12  Archive        _Editor_Test               folder=sandbox
20:43:12  Archive        _Editor_Test               folder=elsewhere  REFUSED: folder must be 'sandbox' or 'dev'
20:43:12  Open clip      02-bravo-scene             segment.mp4  url=segment_bad6fd89/viewer.html

Editor Session:  2026-09-03T20:51:26
Player:          MP4 Splitter v11
Server:          http://localhost:8855

20:51:27  Open clip      01-alpha-scene             segment.mp4  url=segment_22137e5c/viewer.html
20:51:27  Open clip      outside                    x.mp4  REFUSED: not a video under Customers/: ../outside/x.mp4
20:51:27  + Frame        segment_22137e5c           at=10 count=1 side=right  nb_frames=41
20:51:27  + Frame        segment_22137e5c           at=10 count=1 side=sideways  REFUSED: side must be 'left' or 'right'
20:51:27  + Frame        ../escape                  at=1 count=1  REFUSED: unknown slug
20:51:27  - Frame        segment_22137e5c           at=10 count=1 side=left  nb_frames=40
20:51:27  Undo           segment_22137e5c             nb_frames=40
20:51:27  Unmark all     segment_22137e5c
20:51:27  Mark           segment_22137e5c           frame=5 on=True
20:51:27  Mark           segment_22137e5c           frame=20 on=True
20:51:27  Mark           segment_22137e5c           frame=5 on=False
20:51:27  Unmark all     segment_22137e5c
20:51:27  + Frame        segment_22137e5c           at=10 count=5 side=right  nb_frames=45
20:51:29  Save scene     segment_22137e5c             nb_frames=45  duration_s=1.8
20:51:29  Save scene     segment_22137e5c             REFUSED: stale
20:51:30  Save scene     segment_22137e5c             nb_frames=45  duration_s=1.8
20:51:30  Discard edits  segment_22137e5c             nb_frames=45
20:51:30  Unmark all     segment_22137e5c
20:51:30  Mark           segment_22137e5c           frame=15 on=True
20:51:30  Mark           segment_22137e5c           frame=30 on=True
20:51:30  Cut scene      segment_22137e5c             count=3  version=1
20:51:31  Cut scene      segment_22137e5c             count=3  version=2
20:51:31  Unmark all     segment_22137e5c
20:51:31  Cut scene      segment_22137e5c             REFUSED: no break points marked yet
20:51:31  Reset editor   segment_22137e5c
20:51:31  Open clip      03-charlie-scene           segment.mp4  url=segment_c6ecc4e2/viewer.html
20:51:31  Hand off       segment_c6ecc4e2           version=1 names=['a']  REFUSED: nothing has been cut yet
20:51:31  Mark           segment_c6ecc4e2           frame=10 on=True
20:51:32  Cut scene      segment_c6ecc4e2             count=2  version=1
20:51:32  Hand off       segment_c6ecc4e2           version=1 names=['one', 'two']  REFUSED: this clip is not inside a store's videos/<name>/ folder, so there is no video for these scenes to belong to. Cutting still works; the pieces are in /Users/carsonkramer/Rentify/Video-Editor/Customers/_Editor_Test/sandbox/03-charlie-scene/dev/_cuts.
20:51:32  Hand off       segment_c6ecc4e2           version=1 names=['one']  REFUSED: this clip is not inside a store's videos/<name>/ folder, so there is no video for these scenes to belong to. Cutting still works; the pieces are in /Users/carsonkramer/Rentify/Video-Editor/Customers/_Editor_Test/sandbox/03-charlie-scene/dev/_cuts.
20:51:32  Hand off       ../escape                  version=1 names=['a']  REFUSED: unknown slug
20:51:32  Archive        _Editor_Test               folder=sandbox
20:51:32  Archive        _Editor_Test               folder=sandbox
20:51:32  Archive        _Editor_Test               folder=elsewhere  REFUSED: folder must be 'sandbox' or 'dev'
20:51:32  Open clip      02-bravo-scene             segment.mp4  url=segment_bad6fd89/viewer.html

Editor Session:  2026-09-03T20:54:46
Player:          MP4 Splitter v11
Server:          http://localhost:8855

20:54:46  Open clip      01-alpha-scene             segment.mp4  url=segment_22137e5c/viewer.html
20:54:46  Open clip      outside                    x.mp4  REFUSED: not a video under Customers/: ../outside/x.mp4
20:54:46  + Frame        segment_22137e5c           at=10 count=1 side=right  nb_frames=41
20:54:46  + Frame        segment_22137e5c           at=10 count=1 side=sideways  REFUSED: side must be 'left' or 'right'
20:54:46  + Frame        ../escape                  at=1 count=1  REFUSED: unknown slug
20:54:46  - Frame        segment_22137e5c           at=10 count=1 side=left  nb_frames=40
20:54:47  Undo           segment_22137e5c             nb_frames=40
20:54:47  Unmark all     segment_22137e5c
20:54:47  Mark           segment_22137e5c           frame=5 on=True
20:54:47  Mark           segment_22137e5c           frame=20 on=True
20:54:47  Mark           segment_22137e5c           frame=5 on=False
20:54:47  Unmark all     segment_22137e5c
20:54:47  + Frame        segment_22137e5c           at=10 count=5 side=right  nb_frames=45
20:54:48  Save scene     segment_22137e5c             nb_frames=45  duration_s=1.8
20:54:48  Save scene     segment_22137e5c             REFUSED: stale
20:54:49  Save scene     segment_22137e5c             nb_frames=45  duration_s=1.8
20:54:49  Discard edits  segment_22137e5c             nb_frames=45
20:54:49  Unmark all     segment_22137e5c
20:54:49  Mark           segment_22137e5c           frame=15 on=True
20:54:49  Mark           segment_22137e5c           frame=30 on=True
20:54:50  Cut scene      segment_22137e5c             count=3  version=1
20:54:51  Cut scene      segment_22137e5c             count=3  version=2
20:54:51  Unmark all     segment_22137e5c
20:54:51  Cut scene      segment_22137e5c             REFUSED: no break points marked yet
20:54:51  Reset editor   segment_22137e5c
20:54:51  Open clip      03-charlie-scene           segment.mp4  url=segment_c6ecc4e2/viewer.html
20:54:51  Hand off       segment_c6ecc4e2           version=1 names=['a']  REFUSED: nothing has been cut yet
20:54:51  Mark           segment_c6ecc4e2           frame=10 on=True
20:54:51  Cut scene      segment_c6ecc4e2             count=2  version=1
20:54:51  Hand off       segment_c6ecc4e2           version=1 names=['one', 'two']  REFUSED: this clip is not inside a store's videos/<name>/ folder, so there is no video for these scenes to belong to. Cutting still works; the pieces are in /Users/carsonkramer/Rentify/Video-Editor/Customers/_Editor_Test/sandbox/03-charlie-scene/dev/_cuts.
20:54:51  Hand off       segment_c6ecc4e2           version=1 names=['one']  REFUSED: this clip is not inside a store's videos/<name>/ folder, so there is no video for these scenes to belong to. Cutting still works; the pieces are in /Users/carsonkramer/Rentify/Video-Editor/Customers/_Editor_Test/sandbox/03-charlie-scene/dev/_cuts.
20:54:51  Hand off       ../escape                  version=1 names=['a']  REFUSED: unknown slug
20:54:51  Archive        _Editor_Test               folder=sandbox
20:54:51  Archive        _Editor_Test               folder=sandbox
20:54:51  Archive        _Editor_Test               folder=elsewhere  REFUSED: folder must be 'sandbox' or 'dev'
20:54:52  Open clip      02-bravo-scene             segment.mp4  url=segment_bad6fd89/viewer.html
