
Editor Session:  2026-10-08T09:24:23
Player:          Scenes and Avatar Editor v93
Server:          http://localhost:8846


Editor Session:  2026-10-08T09:26:16
Player:          Scenes and Avatar Editor v93
Server:          http://localhost:8846

10:06:14  Open timeline  Rentify Demos Corp/ski-demo/help-videos/BCP/picklist root=Rentify Demos Corp/ski-demo/help-videos/BCP/picklist ns=0,1,2,3,4,5,6,7,8,9,10,11,12,13,14,15,16,17,18,19,20,21,22,23,24,25,26,27,28,29,30,31,32,33,34,35,36,37,38,39  url=seq_f55d1742b0/viewer.html  slug=seq_f55d1742b0
10:12:34  + Frame        segment_2bdd444b           at=2 count=75 side=right  nb_frames=98
10:12:44  Save scene     segment_2bdd444b             nb_frames=98  duration_s=3.96
10:14:22  + Frame        segment_2bdd444b           at=2 count=75 side=right  nb_frames=173
10:14:24  Save scene     segment_2bdd444b             nb_frames=98  duration_s=3.96
10:16:08  Open timeline  Rentify Demos Corp/ski-demo/help-videos/BCP/picklist root=Rentify Demos Corp/ski-demo/help-videos/BCP/picklist ns=0,1,2,3,4,5,6,7,8,9,10,11,12,13,14,15,16,17,18,19,20,21,22,23,24,25,26,27,28,29,30,31,32,33,34,35,36,37,38,39  url=seq_f55d1742b0/viewer.html  slug=seq_f55d1742b0

Editor Session:  2026-10-08T14:30:10
Player:          Scenes and Avatar Editor v93
Server:          http://localhost:8846

14:30:17  Open timeline  Rentify Demos Corp/ski-demo/help-videos/BCP/picklist root=Rentify Demos Corp/ski-demo/help-videos/BCP/picklist ns=0,1,2,3,4,5,6,7,8,9,10,11,12,13,14,15,16,17,18,19,20,21,22,23,24,25,26,27,28,29,30,31,32,33,34,35,36,37,38,39  url=seq_f55d1742b0/viewer.html  slug=seq_f55d1742b0
14:30:40  Open timeline  Rentify Demos Corp/ski-demo/help-videos/BCP/picklist root=Rentify Demos Corp/ski-demo/help-videos/BCP/picklist ns=0,1,2,3,4,5,6,7,8,9,10,11,12,13,14,15,16,17,18,19,20,21,22,23,24,25,26,27,28,29,30,31,32,33,34,35,36,37,38,39  url=seq_f55d1742b0/viewer.html  slug=seq_f55d1742b0
14:37:46  Open timeline  Rentify Demos Corp/ski-demo/help-videos/BCP/picklist root=Rentify Demos Corp/ski-demo/help-videos/BCP/picklist ns=0,1,2,3,4,5,6,7,8,9,10,11,12,13,14,15,16,17,18,19,20,21,22,23,24,25,26,27,28,29,30,31,32,33,34,35,36,37,38,39

Editor Session:  2026-10-08T14:43:08
Player:          Scenes and Avatar Editor v94
Server:          http://localhost:8846


Editor Session:  2026-10-08T14:43:26
Player:          Scenes and Avatar Editor v94
Server:          http://localhost:8846


Editor Session:  2026-10-08T14:45:25
Player:          Scenes and Avatar Editor v94
Server:          http://localhost:8846

