
Editor Session:  2026-10-06T08:28:20
Player:          Segment and Avatar Editor v82
Server:          http://localhost:8846


Editor Session:  2026-10-06T08:37:40
Player:          Segment and Avatar Editor v83
Server:          http://localhost:8846


Editor Session:  2026-10-06T08:47:17
Player:          Segment and Avatar Editor v85
Server:          http://localhost:8846

08:47:18  Group scenes   Rentify Demos Corp/ski-demo/help-videos/BCP/picklist members=[4, 5, 6]
08:47:40  Group scenes   Rentify Demos Corp/ski-demo/help-videos/BCP/picklist members=[4, 5, 6] ungroup=True

Editor Session:  2026-10-06T08:51:07
Player:          Segment and Avatar Editor v86
Server:          http://localhost:8846

09:08:19  Rename scene   Rentify Demos Corp/ski-demo/help-videos/BCP/picklist n=1 label=scene-001  label=scene-001
09:08:19  Rename scene   Rentify Demos Corp/ski-demo/help-videos/BCP/picklist n=2 label=scene-002  label=scene-002
09:08:19  Rename scene   Rentify Demos Corp/ski-demo/help-videos/BCP/picklist n=3 label=scene-003  label=scene-003
09:08:19  Rename scene   Rentify Demos Corp/ski-demo/help-videos/BCP/picklist n=4 label=scene-004  label=scene-004
09:08:19  Rename scene   Rentify Demos Corp/ski-demo/help-videos/BCP/picklist n=5 label=scene-005  label=scene-005
09:08:19  Rename scene   Rentify Demos Corp/ski-demo/help-videos/BCP/picklist n=6 label=scene-006  label=scene-006
09:08:19  Rename scene   Rentify Demos Corp/ski-demo/help-videos/BCP/picklist n=7 label=scene-007  label=scene-007
09:08:19  Rename scene   Rentify Demos Corp/ski-demo/help-videos/BCP/picklist n=8 label=scene-008  label=scene-008
09:08:19  Rename scene   Rentify Demos Corp/ski-demo/help-videos/BCP/picklist n=9 label=scene-009  label=scene-009
09:08:19  Rename scene   Rentify Demos Corp/ski-demo/help-videos/BCP/picklist n=10 label=scene-010  label=scene-010
09:08:19  Rename scene   Rentify Demos Corp/ski-demo/help-videos/BCP/picklist n=11 label=scene-011  label=scene-011
09:08:19  Rename scene   Rentify Demos Corp/ski-demo/help-videos/BCP/picklist n=12 label=scene-012  label=scene-012
09:08:19  Rename scene   Rentify Demos Corp/ski-demo/help-videos/BCP/picklist n=13 label=scene-013  label=scene-013
09:08:19  Rename scene   Rentify Demos Corp/ski-demo/help-videos/BCP/picklist n=14 label=scene-014  label=scene-014
09:08:19  Rename scene   Rentify Demos Corp/ski-demo/help-videos/BCP/picklist n=15 label=scene-015  label=scene-015
09:08:19  Rename scene   Rentify Demos Corp/ski-demo/help-videos/BCP/picklist n=16 label=scene-016  label=scene-016
09:08:19  Rename scene   Rentify Demos Corp/ski-demo/help-videos/BCP/picklist n=17 label=scene-017  label=scene-017
09:08:19  Rename scene   Rentify Demos Corp/ski-demo/help-videos/BCP/picklist n=18 label=scene-018  label=scene-018
09:08:19  Rename scene   Rentify Demos Corp/ski-demo/help-videos/BCP/picklist n=19 label=scene-019  label=scene-019
09:08:19  Rename scene   Rentify Demos Corp/ski-demo/help-videos/BCP/picklist n=20 label=scene-020  label=scene-020
09:08:19  Rename scene   Rentify Demos Corp/ski-demo/help-videos/BCP/picklist n=21 label=scene-021  label=scene-021
09:08:19  Rename scene   Rentify Demos Corp/ski-demo/help-videos/BCP/picklist n=22 label=scene-022  label=scene-022
09:08:19  Rename scene   Rentify Demos Corp/ski-demo/help-videos/BCP/picklist n=23 label=scene-023  label=scene-023
09:08:19  Rename scene   Rentify Demos Corp/ski-demo/help-videos/BCP/picklist n=24 label=scene-024  label=scene-024
09:08:19  Rename scene   Rentify Demos Corp/ski-demo/help-videos/BCP/picklist n=25 label=scene-025  label=scene-025
09:08:19  Rename scene   Rentify Demos Corp/ski-demo/help-videos/BCP/picklist n=26 label=scene-026  label=scene-026
09:08:19  Rename scene   Rentify Demos Corp/ski-demo/help-videos/BCP/picklist n=27 label=scene-027  label=scene-027
09:08:19  Rename scene   Rentify Demos Corp/ski-demo/help-videos/BCP/picklist n=28 label=scene-028  label=scene-028
09:08:19  Rename scene   Rentify Demos Corp/ski-demo/help-videos/BCP/picklist n=29 label=scene-029  label=scene-029
09:08:19  Rename scene   Rentify Demos Corp/ski-demo/help-videos/BCP/picklist n=30 label=scene-030  label=scene-030
09:08:19  Rename scene   Rentify Demos Corp/ski-demo/help-videos/BCP/picklist n=31 label=scene-031  label=scene-031
09:08:19  Rename scene   Rentify Demos Corp/ski-demo/help-videos/BCP/picklist n=32 label=scene-032  label=scene-032
09:08:19  Rename scene   Rentify Demos Corp/ski-demo/help-videos/BCP/picklist n=33 label=scene-033  label=scene-033
09:08:19  Rename scene   Rentify Demos Corp/ski-demo/help-videos/BCP/picklist n=34 label=scene-034  label=scene-034
09:08:19  Rename scene   Rentify Demos Corp/ski-demo/help-videos/BCP/picklist n=35 label=scene-035  label=scene-035
09:08:19  Rename scene   Rentify Demos Corp/ski-demo/help-videos/BCP/picklist n=36 label=scene-036  label=scene-036
09:08:19  Rename scene   Rentify Demos Corp/ski-demo/help-videos/BCP/picklist n=37 label=scene-037  label=scene-037
09:08:19  Rename scene   Rentify Demos Corp/ski-demo/help-videos/BCP/picklist n=38 label=scene-038  label=scene-038
09:08:19  Rename scene   Rentify Demos Corp/ski-demo/help-videos/BCP/picklist n=39 label=scene-039  label=scene-039

Editor Session:  2026-10-06T09:09:16
Player:          Segment and Avatar Editor v87
Server:          http://localhost:8846

09:09:17  Absorb segments Rentify Demos Corp/ski-demo/help-videos/BCP/picklist active=1 members=[2]  renamed=['02-scene-003', '03-scene-004', '04-scene-005', '05-scene-006', '06-scene-007', '07-scene-008', '08-scene-009', '09-scene-010', '10-scene-011', '11-scene-012', '12-scene-013', '13-scene-014', '14-scene-015', '15-scene-016', '16-scene-017', '17-scene-018', '18-scene-019', '19-scene-020', '20-scene-021', '21-scene-022', '22-scene-023', '23-scene-024', '24-scene-025', '25-scene-026', '26-scene-027', '27-scene-028', '28-scene-029', '29-scene-030', '30-scene-031', '31-scene-032', '32-scene-033', '33-scene-034', '34-scene-035', '35-scene-036', '36-scene-037', '37-scene-038', '38-scene-039']

Editor Session:  2026-10-06T09:14:34
Player:          Segment and Avatar Editor v88
Server:          http://localhost:8846

09:14:35  Absorb segments Rentify Demos Corp/ski-demo/help-videos/BCP/picklist active=1 members=[2, 3]  renamed=['02-scene-004', '03-scene-005', '04-scene-006', '05-scene-007', '06-scene-008', '07-scene-009', '08-scene-010', '09-scene-011', '10-scene-012', '11-scene-013', '12-scene-014', '13-scene-015', '14-scene-016', '15-scene-017', '16-scene-018', '17-scene-019', '18-scene-020', '19-scene-021', '20-scene-022', '21-scene-023', '22-scene-024', '23-scene-025', '24-scene-026', '25-scene-027', '26-scene-028', '27-scene-029', '28-scene-030', '29-scene-031', '30-scene-032', '31-scene-033', '32-scene-034', '33-scene-035', '34-scene-036', '35-scene-037', '36-scene-038', '37-scene-039']
09:14:36  Open timeline  Rentify Demos Corp/ski-demo/help-videos/BCP/picklist root=Rentify Demos Corp/ski-demo/help-videos/BCP/picklist ns=1,2,3

Editor Session:  2026-10-06T09:15:58
Player:          Segment and Avatar Editor v89
Server:          http://localhost:8846


Editor Session:  2026-10-06T09:16:34
Player:          Segment and Avatar Editor v89
Server:          http://localhost:8846

09:17:42  Open timeline  Rentify Demos Corp/ski-demo/help-videos/BCP/picklist root=Rentify Demos Corp/ski-demo/help-videos/BCP/picklist ns=1
09:18:37  Group scenes   Rentify Demos Corp/ski-demo/help-videos/BCP/picklist members=[1, 2] ungroup=False
09:19:08  Absorb segments Rentify Demos Corp/ski-demo/help-videos/BCP/picklist active=1 members=[2]  renamed=['02-scene-003', '03-scene-004', '04-scene-005', '05-scene-006', '06-scene-007', '07-scene-008', '08-scene-009', '09-scene-010', '10-scene-011', '11-scene-012', '12-scene-013', '13-scene-014', '14-scene-015', '15-scene-016', '16-scene-017', '17-scene-018', '18-scene-019', '19-scene-020', '20-scene-021', '21-scene-022', '22-scene-023', '23-scene-024', '24-scene-025', '25-scene-026', '26-scene-027', '27-scene-028', '28-scene-029', '29-scene-030', '30-scene-031', '31-scene-032', '32-scene-033', '33-scene-034', '34-scene-035', '35-scene-036', '36-scene-037', '37-scene-038', '38-scene-039']

Editor Session:  2026-10-06T09:24:30
Player:          Segment and Avatar Editor v86
Server:          http://localhost:8846


Editor Session:  2026-10-06T09:25:39
Player:          Segment and Avatar Editor v86
Server:          http://localhost:8846


Editor Session:  2026-10-06T10:01:22
Player:          Segment and Avatar Editor v87
Server:          http://localhost:8846

10:01:25  Group scenes   Rentify Demos Corp/ski-demo/help-videos/BCP/picklist members=[1, 2, 3]
10:01:47  Group scenes   Rentify Demos Corp/ski-demo/help-videos/BCP/picklist members=[1, 2, 3] ungroup=True
10:06:16  Group scenes   Rentify Demos Corp/ski-demo/help-videos/BCP/picklist members=[1, 2, 3] ungroup=False
10:06:25  Open timeline  Rentify Demos Corp/ski-demo/help-videos/BCP/picklist root=Rentify Demos Corp/ski-demo/help-videos/BCP/picklist ns=1,2,3

Editor Session:  2026-10-06T10:16:13
Player:          Segment and Avatar Editor v88
Server:          http://localhost:8846

10:16:31  Group scenes   Rentify Demos Corp/ski-demo/help-videos/BCP/picklist members=[1, 2, 3]
10:16:31  Group scenes   Rentify Demos Corp/ski-demo/help-videos/BCP/picklist members=[1, 2, 3] ungroup=True

Editor Session:  2026-10-06T10:19:18
Player:          Segment and Avatar Editor v89
Server:          http://localhost:8846

10:20:35  Group scenes   Rentify Demos Corp/ski-demo/help-videos/BCP/picklist members=[1, 2, 3] ungroup=False
10:21:28  Group scenes   Rentify Demos Corp/ski-demo/help-videos/BCP/picklist members=[1, 2, 3] ungroup=True
10:24:21  Open timeline  Rentify Demos Corp/ski-demo/help-videos/BCP/picklist root=Rentify Demos Corp/ski-demo/help-videos/BCP/picklist ns=1
10:24:42  Group scenes   Rentify Demos Corp/ski-demo/help-videos/BCP/picklist members=[1, 2, 3] ungroup=False
10:25:02  Open timeline  Rentify Demos Corp/ski-demo/help-videos/BCP/picklist root=Rentify Demos Corp/ski-demo/help-videos/BCP/picklist ns=1,2,3,4
10:25:16  Open timeline  Rentify Demos Corp/ski-demo/help-videos/BCP/picklist root=Rentify Demos Corp/ski-demo/help-videos/BCP/picklist ns=1,2,3

Editor Session:  2026-10-06T13:57:15
Player:          Segment and Avatar Editor v90
Server:          http://localhost:8846


Editor Session:  2026-10-06T13:58:02
Player:          Segment and Avatar Editor v91
Server:          http://localhost:8846


Editor Session:  2026-10-06T14:44:29
Player:          Segment and Avatar Editor v92
Server:          http://localhost:8846

14:44:51  Apply grouping to sandbox ZZ_Test_Apply/test-store/help-videos/BCP/grouptest   REFUSED: nothing is grouped — tick an active scene and some segments first
14:44:51  Group scenes   ZZ_Test_Apply/test-store/help-videos/BCP/grouptest members=[1, 2, 3]
14:44:51  Group scenes   ZZ_Test_Apply/test-store/help-videos/BCP/grouptest members=[7, 8]
14:44:51  Apply grouping to sandbox ZZ_Test_Apply/test-store/help-videos/BCP/grouptest   renamed=['02-scene-004', '03-scene-005', '04-scene-006', '05-scene-007', '06-scene-009', '07-scene-010', '08-scene-011', '09-scene-012', '10-scene-013', '11-scene-014', '12-scene-015', '13-scene-016', '14-scene-017', '15-scene-018', '16-scene-019', '17-scene-020', '18-scene-021', '19-scene-022', '20-scene-023', '21-scene-024', '22-scene-025', '23-scene-026', '24-scene-027', '25-scene-028', '26-scene-029', '27-scene-030', '28-scene-031', '29-scene-032', '30-scene-033', '31-scene-034', '32-scene-035', '33-scene-036', '34-scene-037', '35-scene-038', '36-scene-039']
14:45:18  Group scenes   ZZ_Test_Apply/test-store/help-videos/BCP/grouptest members=[2, 3]
14:45:18  Apply grouping to sandbox ZZ_Test_Apply/test-store/help-videos/BCP/grouptest   REFUSED: these grouped scenes hold work that would be stranded — ungroup them, or move the work to the scene that keeps its folder: scene 3 (scene-005) has a narration

Editor Session:  2026-10-06T15:13:45
Player:          Segment and Avatar Editor v93
Server:          http://localhost:8846

15:13:57  Group scenes   ZZ_Test_Apply/test-store/help-videos/BCP/grouptest members=[1, 2, 3]
15:13:57  Group scenes   ZZ_Test_Apply/test-store/help-videos/BCP/grouptest members=[7, 8]
15:13:57  Group scenes   ZZ_Test_Apply/test-store/help-videos/BCP/grouptest members=[20, 21, 22]
15:13:57  Apply grouping to sandbox ZZ_Test_Apply/test-store/help-videos/BCP/grouptest   renamed=['02-scene-004', '03-scene-005', '04-scene-006', '05-scene-007', '06-scene-009', '07-scene-010', '08-scene-011', '09-scene-012', '10-scene-013', '11-scene-014', '12-scene-015', '13-scene-016', '14-scene-017', '15-scene-018', '16-scene-019', '17-scene-020', '18-scene-023', '19-scene-024', '20-scene-025', '21-scene-026', '22-scene-027', '23-scene-028', '24-scene-029', '25-scene-030', '26-scene-031', '27-scene-032', '28-scene-033', '29-scene-034', '30-scene-035', '31-scene-036', '32-scene-037', '33-scene-038', '34-scene-039']
15:14:04  Unwind scene   ZZ_Test_Apply/test-store/help-videos/BCP/grouptest n=5  renamed=['07-scene-009', '08-scene-010', '09-scene-011', '10-scene-012', '11-scene-013', '12-scene-014', '13-scene-015', '14-scene-016', '15-scene-017', '16-scene-018', '17-scene-019', '18-scene-020', '19-scene-023', '20-scene-024', '21-scene-025', '22-scene-026', '23-scene-027', '24-scene-028', '25-scene-029', '26-scene-030', '27-scene-031', '28-scene-032', '29-scene-033', '30-scene-034', '31-scene-035', '32-scene-036', '33-scene-037', '34-scene-038', '35-scene-039']
15:14:32  Unwind scene   ZZ_Test_Apply/test-store/help-videos/BCP/grouptest n=5  REFUSED: scene 5 is a single segment — there is nothing to unwind
15:14:32  Unwind scene   ZZ_Test_Apply/test-store/help-videos/BCP/grouptest n=1  REFUSED: cannot unwind: Num_3 in 1_cuts has CHANGED since this scene was assembled — it was re-cut
11:20:33  Open timeline  Rentify Demos Corp/ski-demo/help-videos/BCP/picklist root=Rentify Demos Corp/ski-demo/help-videos/BCP/picklist ns=1,6
11:20:40  Open timeline  Rentify Demos Corp/ski-demo/help-videos/BCP/picklist root=Rentify Demos Corp/ski-demo/help-videos/BCP/picklist ns=1
11:20:54  Open timeline  Rentify Demos Corp/ski-demo/help-videos/BCP/picklist root=Rentify Demos Corp/ski-demo/help-videos/BCP/picklist ns=9
11:21:08  Group scenes   Rentify Demos Corp/ski-demo/help-videos/BCP/picklist members=[9, 10, 11, 12] ungroup=False
11:21:11  Open timeline  Rentify Demos Corp/ski-demo/help-videos/BCP/picklist root=Rentify Demos Corp/ski-demo/help-videos/BCP/picklist ns=9,10,11,12
11:21:41  Group scenes   Rentify Demos Corp/ski-demo/help-videos/BCP/picklist members=[9, 10, 11, 12] ungroup=True
11:21:50  Open timeline  Rentify Demos Corp/ski-demo/help-videos/BCP/picklist root=Rentify Demos Corp/ski-demo/help-videos/BCP/picklist ns=9
11:22:16  Open timeline  Rentify Demos Corp/ski-demo/help-videos/BCP/picklist root=Rentify Demos Corp/ski-demo/help-videos/BCP/picklist ns=1
