
Editor Session:  2026-10-05T17:10:50
Player:          Segment and Avatar Editor v78
Server:          http://localhost:8846


Editor Session:  2026-10-05T17:12:43
Player:          Segment and Avatar Editor v78
Server:          http://localhost:8846


Editor Session:  2026-10-05T17:13:38
Player:          Segment and Avatar Editor v78
Server:          http://localhost:8846

17:14:33  Open timeline  Rentify Demos Corp/ski-demo/help-videos/BCP/picklist root=Rentify Demos Corp/ski-demo/help-videos/BCP/picklist ns=1,2,3,4,5,6,7,8,9,10,11,12,13,14,15,16,17,18,19,20,21,22,23,24,25,26,27,28,29,30,31,32,33,34,35,36,37,38,39

Editor Session:  2026-10-05T17:35:23
Player:          Segment and Avatar Editor v79
Server:          http://localhost:8846

17:35:24  Rename scene   Rentify Demos Corp/ski-demo/help-videos/BCP/picklist n=1 label=sign-in  label=sign-in
17:35:33  Rename scene   Rentify Demos Corp/ski-demo/help-videos/BCP/picklist n=1 label=scene  label=scene
17:35:33  Rename scene   Rentify Demos Corp/ski-demo/help-videos/BCP/picklist n=1 label=  REFUSED: a scene needs a name
17:35:59  Open timeline  Rentify Demos Corp/ski-demo/help-videos/BCP/picklist root=Rentify Demos Corp/ski-demo/help-videos/BCP/picklist ns=1,2,3,4,5,6,7,8,9,10,11,12,13,14,15,16,17,18,19,20,21,22,23,24,25,26,27,28,29,30,31,32,33,34,35,36,37,38,39

Editor Session:  2026-10-05T17:38:44
Player:          Segment and Avatar Editor v80
Server:          http://localhost:8846

17:38:45  Open timeline  Rentify Demos Corp/ski-demo/help-videos/BCP/picklist root=Rentify Demos Corp/ski-demo/help-videos/BCP/picklist ns=1,2,3
17:39:07  Open timeline  Rentify Demos Corp/ski-demo/help-videos/BCP/picklist root=Rentify Demos Corp/ski-demo/help-videos/BCP/picklist ns=1,2,3
17:40:19  Rename scene   Rentify Demos Corp/ski-demo/help-videos/BCP/picklist n=2 label=dashboard  label=dashboard
17:40:27  Rename scene   Rentify Demos Corp/ski-demo/help-videos/BCP/picklist n=2 label=scene  label=scene
