
Editor Session:  2026-09-21T13:05:42
Player:          Segment and Avatar Editor v74
Server:          http://localhost:8856

13:05:44  Open timeline  _Editor_Test               root=_Editor_Test ns=1,2,3  url=seq_b3d8216b34/viewer.html  slug=seq_b3d8216b34
13:05:44  Open timeline  _Editor_Test               root=_Editor_Test ns=1,2,3  url=seq_b3d8216b34/viewer.html  slug=seq_b3d8216b34
13:05:44  Open timeline  _Editor_Test               root=_Editor_Test ns=1,2,3
13:05:44  + Frame        segment_22137e5c           at=10 count=1 side=right  nb_frames=41
13:05:44  + Frame        segment_22137e5c           at=10 count=1 side=sideways  REFUSED: side must be 'left' or 'right'
13:05:44  - Frame        segment_22137e5c           at=10 count=1 side=left  nb_frames=40
13:05:44  + Zone         segment_22137e5c           a=5 b=9  nb_frames=45
13:05:44  - Zone         segment_22137e5c           a=5 b=9  nb_frames=40
13:05:44  Undo           segment_22137e5c             nb_frames=40
13:05:44  Paste frame    segment_22137e5c           from=5 at=20  nb_frames=41
13:05:45  Undo           segment_22137e5c             nb_frames=40
13:05:45  Unmark all     segment_22137e5c
13:05:45  Mark           segment_22137e5c           frame=5 on=True
13:05:45  Mark           segment_22137e5c           frame=20 on=True
13:05:45  Mark           segment_22137e5c           frame=5 on=False
13:05:45  Unmark all     segment_22137e5c
13:05:45  + Zone         segment_22137e5c           a=5 b=9  nb_frames=45
13:05:46  Save scene     segment_22137e5c             nb_frames=45  duration_s=1.8
13:05:46  Save scene     segment_22137e5c             REFUSED: stale
13:05:47  Save scene     segment_22137e5c             nb_frames=45  duration_s=1.8
13:05:47  Unmark all     segment_22137e5c
13:05:47  Mark           segment_22137e5c           frame=15 on=True
13:05:47  Mark           segment_22137e5c           frame=30 on=True
13:05:48  Cut scene      segment_22137e5c             count=3  version=1
13:05:48  Unmark all     segment_22137e5c
13:05:48  Edit line      _Editor_Test               n=1  line=A replacement line for the first scene.
13:05:48  Edit line      _Editor_Test               n=1  line=A replacement line for the first scene.
13:05:48  Edit line      _Editor_Test               n=99  REFUSED: scene 99 is not in the script
13:05:48  Join           _Editor_Test               ns=[1] label=solo  REFUSED: a join needs at least two scenes
13:05:48  Join           _Editor_Test               ns=[1, 2] label=joined tracks=['segment', 'avatar']  joined=[1, 2]  label=joined  renamed=['02-charlie-scene']
13:05:48  Lift lock      _Editor_Test
13:05:48  Split          _Editor_Test               n=1 at=10 labels=['same', 'same']  REFUSED: the two halves need different names
13:05:56  Split          _Editor_Test               n=1 at=21 labels=['head', 'tail']  split=1  labels=['head', 'tail']  renamed=['02-tail', '03-charlie-scene']
13:05:56  Archive        _Editor_Test               folder=sandbox
13:05:56  Archive        _Editor_Test               folder=elsewhere  REFUSED: folder must be 'sandbox' or 'dev'
13:05:56  Save All archive _Editor_Test               root=_Editor_Test
13:05:56  Save All archive ../outside                 root=../outside  REFUSED: not a folder under Customers/: ../outside
13:05:57  Open timeline  _Editor_Test               root=_Editor_Test ns=1,2,3  url=seq_b3d8216b34/viewer.html  slug=seq_b3d8216b34
13:05:57  Open timeline  _Editor_Test               root=_Editor_Test ns=1,2,3  url=seq_b3d8216b34/viewer.html  slug=seq_b3d8216b34
13:05:57  Open timeline  _Editor_Test               root=_Editor_Test ns=1,2,3  url=seq_b3d8216b34/viewer.html  slug=seq_b3d8216b34

Editor Session:  2026-09-21T20:25:39
Player:          Segment and Avatar Editor v74
Server:          http://localhost:8856

20:25:41  Open timeline  _Editor_Test               root=_Editor_Test ns=1,2,3  url=seq_b3d8216b34/viewer.html  slug=seq_b3d8216b34
20:25:41  Open timeline  _Editor_Test               root=_Editor_Test ns=1,2,3  url=seq_b3d8216b34/viewer.html  slug=seq_b3d8216b34
20:25:41  Open timeline  _Editor_Test               root=_Editor_Test ns=1,2,3
20:25:41  + Frame        segment_22137e5c           at=10 count=1 side=right  nb_frames=41
20:25:41  + Frame        segment_22137e5c           at=10 count=1 side=sideways  REFUSED: side must be 'left' or 'right'
20:25:41  - Frame        segment_22137e5c           at=10 count=1 side=left  nb_frames=40
20:25:41  + Zone         segment_22137e5c           a=5 b=9  nb_frames=45
20:25:41  - Zone         segment_22137e5c           a=5 b=9  nb_frames=40
20:25:41  Undo           segment_22137e5c             nb_frames=40
20:25:41  Paste frame    segment_22137e5c           from=5 at=20  nb_frames=41
20:25:41  Undo           segment_22137e5c             nb_frames=40
20:25:41  Unmark all     segment_22137e5c
20:25:41  Mark           segment_22137e5c           frame=5 on=True
20:25:41  Mark           segment_22137e5c           frame=20 on=True
20:25:41  Mark           segment_22137e5c           frame=5 on=False
20:25:41  Unmark all     segment_22137e5c
20:25:41  + Zone         segment_22137e5c           a=5 b=9  nb_frames=45
20:25:43  Save scene     segment_22137e5c             nb_frames=45  duration_s=1.8
20:25:43  Save scene     segment_22137e5c             REFUSED: stale
20:25:44  Save scene     segment_22137e5c             nb_frames=45  duration_s=1.8
20:25:44  Unmark all     segment_22137e5c
20:25:44  Mark           segment_22137e5c           frame=15 on=True
20:25:44  Mark           segment_22137e5c           frame=30 on=True
20:25:44  Cut scene      segment_22137e5c             count=3  version=1
20:25:44  Unmark all     segment_22137e5c
20:25:44  Edit line      _Editor_Test               n=1  line=A replacement line for the first scene.
20:25:44  Edit line      _Editor_Test               n=1  line=A replacement line for the first scene.
20:25:44  Edit line      _Editor_Test               n=99  REFUSED: scene 99 is not in the script
20:25:44  Join           _Editor_Test               ns=[1] label=solo  REFUSED: a join needs at least two scenes
20:25:45  Join           _Editor_Test               ns=[1, 2] label=joined tracks=['segment', 'avatar']  joined=[1, 2]  label=joined  renamed=['02-charlie-scene']
20:25:45  Lift lock      _Editor_Test
20:25:45  Split          _Editor_Test               n=1 at=10 labels=['same', 'same']  REFUSED: the two halves need different names
20:25:53  Split          _Editor_Test               n=1 at=21 labels=['head', 'tail']  split=1  labels=['head', 'tail']  renamed=['02-tail', '03-charlie-scene']
20:25:53  Archive        _Editor_Test               folder=sandbox
20:25:53  Archive        _Editor_Test               folder=elsewhere  REFUSED: folder must be 'sandbox' or 'dev'
20:25:53  Save All archive _Editor_Test               root=_Editor_Test
20:25:53  Save All archive ../outside                 root=../outside  REFUSED: not a folder under Customers/: ../outside
20:25:54  Open timeline  _Editor_Test               root=_Editor_Test ns=1,2,3  url=seq_b3d8216b34/viewer.html  slug=seq_b3d8216b34
20:25:54  Open timeline  _Editor_Test               root=_Editor_Test ns=1,2,3  url=seq_b3d8216b34/viewer.html  slug=seq_b3d8216b34
20:25:54  Open timeline  _Editor_Test               root=_Editor_Test ns=1,2,3  url=seq_b3d8216b34/viewer.html  slug=seq_b3d8216b34

Editor Session:  2026-09-21T21:13:58
Player:          Segment and Avatar Editor v74
Server:          http://localhost:8856

21:13:59  Open timeline  _Editor_Test               root=_Editor_Test ns=1,2,3  url=seq_b3d8216b34/viewer.html  slug=seq_b3d8216b34
21:13:59  Open timeline  _Editor_Test               root=_Editor_Test ns=1,2,3  url=seq_b3d8216b34/viewer.html  slug=seq_b3d8216b34
21:13:59  Open timeline  _Editor_Test               root=_Editor_Test ns=1,2,3
21:13:59  + Frame        segment_22137e5c           at=10 count=1 side=right  nb_frames=41
21:13:59  + Frame        segment_22137e5c           at=10 count=1 side=sideways  REFUSED: side must be 'left' or 'right'
21:13:59  - Frame        segment_22137e5c           at=10 count=1 side=left  nb_frames=40
21:13:59  + Zone         segment_22137e5c           a=5 b=9  nb_frames=45
21:13:59  - Zone         segment_22137e5c           a=5 b=9  nb_frames=40
21:14:00  Undo           segment_22137e5c             nb_frames=40
21:14:00  Paste frame    segment_22137e5c           from=5 at=20  nb_frames=41
21:14:00  Undo           segment_22137e5c             nb_frames=40
21:14:00  Unmark all     segment_22137e5c
21:14:00  Mark           segment_22137e5c           frame=5 on=True
21:14:00  Mark           segment_22137e5c           frame=20 on=True
21:14:00  Mark           segment_22137e5c           frame=5 on=False
21:14:00  Unmark all     segment_22137e5c
21:14:00  + Zone         segment_22137e5c           a=5 b=9  nb_frames=45
21:14:01  Save scene     segment_22137e5c             nb_frames=45  duration_s=1.8
21:14:02  Save scene     segment_22137e5c             REFUSED: stale
21:14:02  Save scene     segment_22137e5c             nb_frames=45  duration_s=1.8
21:14:02  Unmark all     segment_22137e5c
21:14:02  Mark           segment_22137e5c           frame=15 on=True
21:14:02  Mark           segment_22137e5c           frame=30 on=True
21:14:03  Cut scene      segment_22137e5c             count=3  version=1
21:14:03  Unmark all     segment_22137e5c
21:14:03  Edit line      _Editor_Test               n=1  line=A replacement line for the first scene.
21:14:03  Edit line      _Editor_Test               n=1  line=A replacement line for the first scene.
21:14:03  Edit line      _Editor_Test               n=99  REFUSED: scene 99 is not in the script
21:14:03  Join           _Editor_Test               ns=[1] label=solo  REFUSED: a join needs at least two scenes
21:14:03  Join           _Editor_Test               ns=[1, 2] label=joined tracks=['segment', 'avatar']  joined=[1, 2]  label=joined  renamed=['02-charlie-scene']
21:14:03  Lift lock      _Editor_Test
21:14:03  Split          _Editor_Test               n=1 at=10 labels=['same', 'same']  REFUSED: the two halves need different names
21:14:11  Split          _Editor_Test               n=1 at=21 labels=['head', 'tail']  split=1  labels=['head', 'tail']  renamed=['02-tail', '03-charlie-scene']
21:14:11  Archive        _Editor_Test               folder=sandbox
21:14:12  Archive        _Editor_Test               folder=elsewhere  REFUSED: folder must be 'sandbox' or 'dev'
21:14:12  Save All archive _Editor_Test               root=_Editor_Test
21:14:12  Save All archive ../outside                 root=../outside  REFUSED: not a folder under Customers/: ../outside
21:14:12  Open timeline  _Editor_Test               root=_Editor_Test ns=1,2,3  url=seq_b3d8216b34/viewer.html  slug=seq_b3d8216b34
21:14:12  Open timeline  _Editor_Test               root=_Editor_Test ns=1,2,3  url=seq_b3d8216b34/viewer.html  slug=seq_b3d8216b34
21:14:13  Open timeline  _Editor_Test               root=_Editor_Test ns=1,2,3  url=seq_b3d8216b34/viewer.html  slug=seq_b3d8216b34

Editor Session:  2026-09-21T22:51:33
Player:          Segment and Avatar Editor v74
Server:          http://localhost:8856

22:51:35  Open timeline  _Editor_Test               root=_Editor_Test ns=1,2,3  url=seq_b3d8216b34/viewer.html  slug=seq_b3d8216b34
22:51:35  Open timeline  _Editor_Test               root=_Editor_Test ns=1,2,3  url=seq_b3d8216b34/viewer.html  slug=seq_b3d8216b34
22:51:35  Open timeline  _Editor_Test               root=_Editor_Test ns=1,2,3
22:51:35  + Frame        segment_22137e5c           at=10 count=1 side=right  nb_frames=41
22:51:35  + Frame        segment_22137e5c           at=10 count=1 side=sideways  REFUSED: side must be 'left' or 'right'
22:51:35  - Frame        segment_22137e5c           at=10 count=1 side=left  nb_frames=40
22:51:35  + Zone         segment_22137e5c           a=5 b=9  nb_frames=45
22:51:35  - Zone         segment_22137e5c           a=5 b=9  nb_frames=40
22:51:35  Undo           segment_22137e5c             nb_frames=40
22:51:35  Paste frame    segment_22137e5c           from=5 at=20  nb_frames=41
22:51:35  Undo           segment_22137e5c             nb_frames=40
22:51:35  Unmark all     segment_22137e5c
22:51:35  Mark           segment_22137e5c           frame=5 on=True
22:51:35  Mark           segment_22137e5c           frame=20 on=True
22:51:35  Mark           segment_22137e5c           frame=5 on=False
22:51:35  Unmark all     segment_22137e5c
22:51:36  + Zone         segment_22137e5c           a=5 b=9  nb_frames=45
22:51:37  Save scene     segment_22137e5c             nb_frames=45  duration_s=1.8
22:51:37  Save scene     segment_22137e5c             REFUSED: stale
22:51:38  Save scene     segment_22137e5c             nb_frames=45  duration_s=1.8
22:51:38  Unmark all     segment_22137e5c
22:51:38  Mark           segment_22137e5c           frame=15 on=True
22:51:38  Mark           segment_22137e5c           frame=30 on=True
22:51:38  Cut scene      segment_22137e5c             count=3  version=1
22:51:38  Unmark all     segment_22137e5c
22:51:38  Edit line      _Editor_Test               n=1  line=A replacement line for the first scene.
22:51:38  Edit line      _Editor_Test               n=1  line=A replacement line for the first scene.
22:51:38  Edit line      _Editor_Test               n=99  REFUSED: scene 99 is not in the script
22:51:38  Join           _Editor_Test               ns=[1] label=solo  REFUSED: a join needs at least two scenes
22:51:39  Join           _Editor_Test               ns=[1, 2] label=joined tracks=['segment', 'avatar']  joined=[1, 2]  label=joined  renamed=['02-charlie-scene']
22:51:39  Lift lock      _Editor_Test
22:51:39  Split          _Editor_Test               n=1 at=10 labels=['same', 'same']  REFUSED: the two halves need different names
22:51:47  Split          _Editor_Test               n=1 at=21 labels=['head', 'tail']  split=1  labels=['head', 'tail']  renamed=['02-tail', '03-charlie-scene']
22:51:47  Archive        _Editor_Test               folder=sandbox
22:51:47  Archive        _Editor_Test               folder=elsewhere  REFUSED: folder must be 'sandbox' or 'dev'
22:51:47  Save All archive _Editor_Test               root=_Editor_Test
22:51:47  Save All archive ../outside                 root=../outside  REFUSED: not a folder under Customers/: ../outside
22:51:48  Open timeline  _Editor_Test               root=_Editor_Test ns=1,2,3  url=seq_b3d8216b34/viewer.html  slug=seq_b3d8216b34
22:51:48  Open timeline  _Editor_Test               root=_Editor_Test ns=1,2,3  url=seq_b3d8216b34/viewer.html  slug=seq_b3d8216b34
22:51:48  Open timeline  _Editor_Test               root=_Editor_Test ns=1,2,3  url=seq_b3d8216b34/viewer.html  slug=seq_b3d8216b34
