
Editor Session:  2026-09-20T11:38:33
Player:          Segment and Avatar Editor v65
Server:          http://localhost:8846

11:38:58  + Frame        segment_1af86e67           at=10 count=1 side=right  nb_frames=176
11:38:58  Open timeline  Rentify Demos Corp/ski-demo/help-videos/BCP_raw_mp4/special-skis root=Rentify Demos Corp/ski-demo/help-videos/BCP_raw_mp4/special-skis ns=11,12,13
11:39:08  Open timeline  Rentify Demos Corp/ski-demo/help-videos/BCP_raw_mp4/special-skis root=Rentify Demos Corp/ski-demo/help-videos/BCP_raw_mp4/special-skis ns=11,12,13
11:53:27  Open timeline  Rentify Demos Corp/ski-demo/help-videos/BCP_raw_mp4/special-skis root=Rentify Demos Corp/ski-demo/help-videos/BCP_raw_mp4/special-skis ns=11,12,13
11:55:10  Save scene     segment_1af86e67             nb_frames=176  duration_s=7.08
11:56:13  Open timeline  Rentify Demos Corp/ski-demo/help-videos/BCP_raw_mp4/special-skis root=Rentify Demos Corp/ski-demo/help-videos/BCP_raw_mp4/special-skis ns=11,12,13
11:59:49  Open timeline  Rentify Demos Corp/ski-demo/help-videos/BCP_raw_mp4/special-skis root=Rentify Demos Corp/ski-demo/help-videos/BCP_raw_mp4/special-skis ns=11,12,13
12:00:42  Open timeline  Rentify Demos Corp/ski-demo/help-videos/BCP_raw_mp4/special-skis root=Rentify Demos Corp/ski-demo/help-videos/BCP_raw_mp4/special-skis ns=11,12,13,14

Editor Session:  2026-09-20T12:03:27
Player:          Segment and Avatar Editor v66
Server:          http://localhost:8846

12:03:37  Open timeline  Rentify Demos Corp/ski-demo/help-videos/BCP_raw_mp4/special-skis root=Rentify Demos Corp/ski-demo/help-videos/BCP_raw_mp4/special-skis ns=11,12,13
12:03:50  + Frame        segment_1af86e67           at=10 count=1 side=right  nb_frames=177
12:03:50  Open timeline  Rentify Demos Corp/ski-demo/help-videos/BCP_raw_mp4/special-skis root=Rentify Demos Corp/ski-demo/help-videos/BCP_raw_mp4/special-skis ns=11,12,13
12:07:39  Undo           segment_1af86e67             nb_frames=176
12:07:39  Open timeline  Rentify Demos Corp/ski-demo/help-videos/BCP_raw_mp4/special-skis root=Rentify Demos Corp/ski-demo/help-videos/BCP_raw_mp4/special-skis ns=11,12,13
12:13:22  Edit line      Rentify Demos Corp/ski-demo/help-videos/BCP_raw_mp4/special-skis n=13  line=Scroll up and return to the collections page. {1} Click the back arrow. {1} Then we can return to the store page. {2} Open the menu again using the gear icon. {1} Then choose Lookup Items.

Editor Session:  2026-09-20T12:16:14
Player:          Segment and Avatar Editor v67
Server:          http://localhost:8846


Editor Session:  2026-09-20T12:20:26
Player:          Segment and Avatar Editor v68
Server:          http://localhost:8846

12:21:50  Open timeline  Rentify Demos Corp/ski-demo/help-videos/BCP_raw_mp4/special-skis root=Rentify Demos Corp/ski-demo/help-videos/BCP_raw_mp4/special-skis ns=11,12,13
12:24:50  Edit line      Rentify Demos Corp/ski-demo/help-videos/BCP_raw_mp4/special-skis n=13  line=Scroll up and use the back arrow to return to the collections page. {1} Then we can return to the store page. {2} Open the menu again using the gear icon. {1} Then choose Lookup Items.
12:29:25  Open timeline  Rentify Demos Corp/ski-demo/help-videos/BCP_raw_mp4/special-skis root=Rentify Demos Corp/ski-demo/help-videos/BCP_raw_mp4/special-skis ns=11,12,13
12:31:28  Open timeline  Rentify Demos Corp/ski-demo/help-videos/BCP_raw_mp4/special-skis root=Rentify Demos Corp/ski-demo/help-videos/BCP_raw_mp4/special-skis ns=11,12,13
13:12:01  Open timeline  Rentify Demos Corp/ski-demo/help-videos/BCP_raw_mp4/special-skis root=Rentify Demos Corp/ski-demo/help-videos/BCP_raw_mp4/special-skis ns=11,12,13,14
13:23:35  Open timeline  Rentify Demos Corp/ski-demo/help-videos/BCP_raw_mp4/special-skis root=Rentify Demos Corp/ski-demo/help-videos/BCP_raw_mp4/special-skis ns=13,14
13:29:15  Open timeline  Rentify Demos Corp/ski-demo/help-videos/BCP_raw_mp4/special-skis root=Rentify Demos Corp/ski-demo/help-videos/BCP_raw_mp4/special-skis ns=13,14,15

Editor Session:  2026-09-20T13:33:01
Player:          Segment and Avatar Editor v68
Server:          http://localhost:8846


Editor Session:  2026-09-20T13:34:10
Player:          Segment and Avatar Editor v68
Server:          http://localhost:8856

13:34:12  Open timeline  _Editor_Test               root=_Editor_Test ns=1,2,3  url=seq_b3d8216b34/viewer.html  slug=seq_b3d8216b34
13:34:12  Open timeline  _Editor_Test               root=_Editor_Test ns=1,2,3  url=seq_b3d8216b34/viewer.html  slug=seq_b3d8216b34
13:34:12  Open timeline  _Editor_Test               root=_Editor_Test ns=1,2,3
13:34:12  + Frame        segment_22137e5c           at=10 count=1 side=right  nb_frames=41
13:34:12  + Frame        segment_22137e5c           at=10 count=1 side=sideways  REFUSED: side must be 'left' or 'right'
13:34:12  - Frame        segment_22137e5c           at=10 count=1 side=left  nb_frames=40
13:34:12  + Zone         segment_22137e5c           a=5 b=9  nb_frames=45
13:34:12  - Zone         segment_22137e5c           a=5 b=9  nb_frames=40
13:34:12  Undo           segment_22137e5c             nb_frames=40
13:34:12  Paste frame    segment_22137e5c           from=5 at=20  nb_frames=41
13:34:12  Undo           segment_22137e5c             nb_frames=40
13:34:12  Unmark all     segment_22137e5c
13:34:12  Mark           segment_22137e5c           frame=5 on=True
13:34:12  Mark           segment_22137e5c           frame=20 on=True
13:34:12  Mark           segment_22137e5c           frame=5 on=False
13:34:12  Unmark all     segment_22137e5c
13:34:13  + Zone         segment_22137e5c           a=5 b=9  nb_frames=45
13:34:14  Save scene     segment_22137e5c             nb_frames=45  duration_s=1.8
13:34:14  Save scene     segment_22137e5c             REFUSED: stale
13:34:15  Save scene     segment_22137e5c             nb_frames=45  duration_s=1.8
13:34:15  Unmark all     segment_22137e5c
13:34:15  Mark           segment_22137e5c           frame=15 on=True
13:34:15  Mark           segment_22137e5c           frame=30 on=True
13:34:15  Cut scene      segment_22137e5c             count=3  version=1
13:34:15  Unmark all     segment_22137e5c
13:34:15  Edit line      _Editor_Test               n=1  line=A replacement line for the first scene.
13:34:15  Edit line      _Editor_Test               n=1  line=A replacement line for the first scene.
13:34:15  Edit line      _Editor_Test               n=99  REFUSED: scene 99 is not in the script
13:34:15  Join           _Editor_Test               ns=[1] label=solo  REFUSED: a join needs at least two scenes
13:34:16  Join           _Editor_Test               ns=[1, 2] label=joined tracks=['segment', 'avatar']  joined=[1, 2]  label=joined  renamed=['02-charlie-scene']
13:34:16  Lift lock      _Editor_Test
13:34:16  Split          _Editor_Test               n=1 at=10 labels=['same', 'same']  REFUSED: the two halves need different names
13:34:24  Split          _Editor_Test               n=1 at=21 labels=['head', 'tail']  split=1  labels=['head', 'tail']  renamed=['02-tail', '03-charlie-scene']
13:34:24  Archive        _Editor_Test               folder=sandbox
13:34:24  Archive        _Editor_Test               folder=elsewhere  REFUSED: folder must be 'sandbox' or 'dev'
13:34:24  Save All archive _Editor_Test               root=_Editor_Test
13:34:24  Save All archive ../outside                 root=../outside  REFUSED: not a folder under Customers/: ../outside
13:34:25  Open timeline  _Editor_Test               root=_Editor_Test ns=1,2,3  url=seq_b3d8216b34/viewer.html  slug=seq_b3d8216b34
13:34:25  Open timeline  _Editor_Test               root=_Editor_Test ns=1,2,3  url=seq_b3d8216b34/viewer.html  slug=seq_b3d8216b34
13:34:25  Open timeline  _Editor_Test               root=_Editor_Test ns=1,2,3  url=seq_b3d8216b34/viewer.html  slug=seq_b3d8216b34

Editor Session:  2026-09-20T13:35:33
Player:          Segment and Avatar Editor v68
Server:          http://localhost:8846


Editor Session:  2026-09-20T13:35:49
Player:          Segment and Avatar Editor v68
Server:          http://localhost:8856

13:35:51  Open timeline  _Editor_Test               root=_Editor_Test ns=1,2,3  url=seq_b3d8216b34/viewer.html  slug=seq_b3d8216b34
13:35:51  Open timeline  _Editor_Test               root=_Editor_Test ns=1,2,3  url=seq_b3d8216b34/viewer.html  slug=seq_b3d8216b34
13:35:51  Open timeline  _Editor_Test               root=_Editor_Test ns=1,2,3
13:35:51  + Frame        segment_22137e5c           at=10 count=1 side=right  nb_frames=41
13:35:51  + Frame        segment_22137e5c           at=10 count=1 side=sideways  REFUSED: side must be 'left' or 'right'
13:35:51  - Frame        segment_22137e5c           at=10 count=1 side=left  nb_frames=40
13:35:51  + Zone         segment_22137e5c           a=5 b=9  nb_frames=45
13:35:51  - Zone         segment_22137e5c           a=5 b=9  nb_frames=40
13:35:51  Undo           segment_22137e5c             nb_frames=40
13:35:51  Paste frame    segment_22137e5c           from=5 at=20  nb_frames=41
13:35:52  Undo           segment_22137e5c             nb_frames=40
13:35:52  Unmark all     segment_22137e5c
13:35:52  Mark           segment_22137e5c           frame=5 on=True
13:35:52  Mark           segment_22137e5c           frame=20 on=True
13:35:52  Mark           segment_22137e5c           frame=5 on=False
13:35:52  Unmark all     segment_22137e5c
13:35:52  + Zone         segment_22137e5c           a=5 b=9  nb_frames=45
13:35:53  Save scene     segment_22137e5c             nb_frames=45  duration_s=1.8
13:35:53  Save scene     segment_22137e5c             REFUSED: stale
13:35:54  Save scene     segment_22137e5c             nb_frames=45  duration_s=1.8
13:35:54  Unmark all     segment_22137e5c
13:35:54  Mark           segment_22137e5c           frame=15 on=True
13:35:54  Mark           segment_22137e5c           frame=30 on=True
13:35:54  Cut scene      segment_22137e5c             count=3  version=1
13:35:54  Unmark all     segment_22137e5c
13:35:54  Edit line      _Editor_Test               n=1  line=A replacement line for the first scene.
13:35:54  Edit line      _Editor_Test               n=1  line=A replacement line for the first scene.
13:35:54  Edit line      _Editor_Test               n=99  REFUSED: scene 99 is not in the script
13:35:54  Join           _Editor_Test               ns=[1] label=solo  REFUSED: a join needs at least two scenes
13:35:55  Join           _Editor_Test               ns=[1, 2] label=joined tracks=['segment', 'avatar']  joined=[1, 2]  label=joined  renamed=['02-charlie-scene']
13:35:55  Lift lock      _Editor_Test
13:35:55  Split          _Editor_Test               n=1 at=10 labels=['same', 'same']  REFUSED: the two halves need different names
13:36:03  Split          _Editor_Test               n=1 at=21 labels=['head', 'tail']  split=1  labels=['head', 'tail']  renamed=['02-tail', '03-charlie-scene']
13:36:03  Archive        _Editor_Test               folder=sandbox
13:36:03  Archive        _Editor_Test               folder=elsewhere  REFUSED: folder must be 'sandbox' or 'dev'
13:36:03  Save All archive _Editor_Test               root=_Editor_Test
13:36:03  Save All archive ../outside                 root=../outside  REFUSED: not a folder under Customers/: ../outside
13:36:04  Open timeline  _Editor_Test               root=_Editor_Test ns=1,2,3  url=seq_b3d8216b34/viewer.html  slug=seq_b3d8216b34
13:36:04  Open timeline  _Editor_Test               root=_Editor_Test ns=1,2,3  url=seq_b3d8216b34/viewer.html  slug=seq_b3d8216b34
13:36:04  Open timeline  _Editor_Test               root=_Editor_Test ns=1,2,3  url=seq_b3d8216b34/viewer.html  slug=seq_b3d8216b34

Editor Session:  2026-09-20T13:39:46
Player:          Segment and Avatar Editor v69
Server:          http://localhost:8856

13:39:48  Open timeline  _Editor_Test               root=_Editor_Test ns=1,2,3  url=seq_b3d8216b34/viewer.html  slug=seq_b3d8216b34
13:39:48  Open timeline  _Editor_Test               root=_Editor_Test ns=1,2,3  url=seq_b3d8216b34/viewer.html  slug=seq_b3d8216b34
13:39:48  Open timeline  _Editor_Test               root=_Editor_Test ns=1,2,3
13:39:48  + Frame        segment_22137e5c           at=10 count=1 side=right  nb_frames=41
13:39:48  + Frame        segment_22137e5c           at=10 count=1 side=sideways  REFUSED: side must be 'left' or 'right'
13:39:48  - Frame        segment_22137e5c           at=10 count=1 side=left  nb_frames=40
13:39:48  + Zone         segment_22137e5c           a=5 b=9  nb_frames=45
13:39:48  - Zone         segment_22137e5c           a=5 b=9  nb_frames=40
13:39:48  Undo           segment_22137e5c             nb_frames=40
13:39:48  Paste frame    segment_22137e5c           from=5 at=20  nb_frames=41
13:39:48  Undo           segment_22137e5c             nb_frames=40
13:39:48  Unmark all     segment_22137e5c
13:39:48  Mark           segment_22137e5c           frame=5 on=True
13:39:48  Mark           segment_22137e5c           frame=20 on=True
13:39:48  Mark           segment_22137e5c           frame=5 on=False
13:39:48  Unmark all     segment_22137e5c
13:39:49  + Zone         segment_22137e5c           a=5 b=9  nb_frames=45
13:39:50  Save scene     segment_22137e5c             nb_frames=45  duration_s=1.8
13:39:50  Save scene     segment_22137e5c             REFUSED: stale
13:39:51  Save scene     segment_22137e5c             nb_frames=45  duration_s=1.8
13:39:51  Unmark all     segment_22137e5c
13:39:51  Mark           segment_22137e5c           frame=15 on=True
13:39:51  Mark           segment_22137e5c           frame=30 on=True
13:39:51  Cut scene      segment_22137e5c             count=3  version=1
13:39:51  Unmark all     segment_22137e5c
13:39:51  Edit line      _Editor_Test               n=1  line=A replacement line for the first scene.
13:39:51  Edit line      _Editor_Test               n=1  line=A replacement line for the first scene.
13:39:51  Edit line      _Editor_Test               n=99  REFUSED: scene 99 is not in the script
13:39:51  Join           _Editor_Test               ns=[1] label=solo  REFUSED: a join needs at least two scenes
13:39:52  Join           _Editor_Test               ns=[1, 2] label=joined tracks=['segment', 'avatar']  joined=[1, 2]  label=joined  renamed=['02-charlie-scene']
13:39:52  Lift lock      _Editor_Test
13:39:52  Split          _Editor_Test               n=1 at=10 labels=['same', 'same']  REFUSED: the two halves need different names
13:40:00  Split          _Editor_Test               n=1 at=21 labels=['head', 'tail']  split=1  labels=['head', 'tail']  renamed=['02-tail', '03-charlie-scene']
13:40:00  Archive        _Editor_Test               folder=sandbox
13:40:00  Archive        _Editor_Test               folder=elsewhere  REFUSED: folder must be 'sandbox' or 'dev'
13:40:00  Save All archive _Editor_Test               root=_Editor_Test
13:40:00  Save All archive ../outside                 root=../outside  REFUSED: not a folder under Customers/: ../outside
13:40:01  Open timeline  _Editor_Test               root=_Editor_Test ns=1,2,3  url=seq_b3d8216b34/viewer.html  slug=seq_b3d8216b34
13:40:01  Open timeline  _Editor_Test               root=_Editor_Test ns=1,2,3  url=seq_b3d8216b34/viewer.html  slug=seq_b3d8216b34
13:40:01  Open timeline  _Editor_Test               root=_Editor_Test ns=1,2,3  url=seq_b3d8216b34/viewer.html  slug=seq_b3d8216b34

Editor Session:  2026-09-20T13:40:01
Player:          Segment and Avatar Editor v69
Server:          http://localhost:8846


Editor Session:  2026-09-20T13:45:06
Player:          Segment and Avatar Editor v69
Server:          http://localhost:8856

13:45:08  Open timeline  _Editor_Test               root=_Editor_Test ns=1,2,3  url=seq_b3d8216b34/viewer.html  slug=seq_b3d8216b34
13:45:08  Open timeline  _Editor_Test               root=_Editor_Test ns=1,2,3  url=seq_b3d8216b34/viewer.html  slug=seq_b3d8216b34
13:45:08  Open timeline  _Editor_Test               root=_Editor_Test ns=1,2,3
13:45:08  + Frame        segment_22137e5c           at=10 count=1 side=right  nb_frames=41
13:45:08  + Frame        segment_22137e5c           at=10 count=1 side=sideways  REFUSED: side must be 'left' or 'right'
13:45:08  - Frame        segment_22137e5c           at=10 count=1 side=left  nb_frames=40
13:45:08  + Zone         segment_22137e5c           a=5 b=9  nb_frames=45
13:45:08  - Zone         segment_22137e5c           a=5 b=9  nb_frames=40
13:45:08  Undo           segment_22137e5c             nb_frames=40
13:45:08  Paste frame    segment_22137e5c           from=5 at=20  nb_frames=41
13:45:08  Undo           segment_22137e5c             nb_frames=40
13:45:08  Unmark all     segment_22137e5c
13:45:08  Mark           segment_22137e5c           frame=5 on=True
13:45:08  Mark           segment_22137e5c           frame=20 on=True
13:45:08  Mark           segment_22137e5c           frame=5 on=False
13:45:08  Unmark all     segment_22137e5c
13:45:09  + Zone         segment_22137e5c           a=5 b=9  nb_frames=45
13:45:10  Save scene     segment_22137e5c             nb_frames=45  duration_s=1.8
13:45:10  Save scene     segment_22137e5c             REFUSED: stale
13:45:11  Save scene     segment_22137e5c             nb_frames=45  duration_s=1.8
13:45:11  Unmark all     segment_22137e5c
13:45:11  Mark           segment_22137e5c           frame=15 on=True
13:45:11  Mark           segment_22137e5c           frame=30 on=True
13:45:11  Cut scene      segment_22137e5c             count=3  version=1
13:45:11  Unmark all     segment_22137e5c
13:45:11  Edit line      _Editor_Test               n=1  line=A replacement line for the first scene.
13:45:11  Edit line      _Editor_Test               n=1  line=A replacement line for the first scene.
13:45:11  Edit line      _Editor_Test               n=99  REFUSED: scene 99 is not in the script
13:45:11  Join           _Editor_Test               ns=[1] label=solo  REFUSED: a join needs at least two scenes
13:45:12  Join           _Editor_Test               ns=[1, 2] label=joined tracks=['segment', 'avatar']  joined=[1, 2]  label=joined  renamed=['02-charlie-scene']
13:45:12  Lift lock      _Editor_Test
13:45:12  Split          _Editor_Test               n=1 at=10 labels=['same', 'same']  REFUSED: the two halves need different names
13:45:19  Split          _Editor_Test               n=1 at=21 labels=['head', 'tail']  split=1  labels=['head', 'tail']  renamed=['02-tail', '03-charlie-scene']
13:45:20  Archive        _Editor_Test               folder=sandbox
13:45:20  Archive        _Editor_Test               folder=elsewhere  REFUSED: folder must be 'sandbox' or 'dev'
13:45:20  Save All archive _Editor_Test               root=_Editor_Test
13:45:20  Save All archive ../outside                 root=../outside  REFUSED: not a folder under Customers/: ../outside
13:45:21  Open timeline  _Editor_Test               root=_Editor_Test ns=1,2,3  url=seq_b3d8216b34/viewer.html  slug=seq_b3d8216b34
13:45:21  Open timeline  _Editor_Test               root=_Editor_Test ns=1,2,3  url=seq_b3d8216b34/viewer.html  slug=seq_b3d8216b34
13:45:21  Open timeline  _Editor_Test               root=_Editor_Test ns=1,2,3  url=seq_b3d8216b34/viewer.html  slug=seq_b3d8216b34

Editor Session:  2026-09-20T13:47:21
Player:          Segment and Avatar Editor v69
Server:          http://localhost:8846


Editor Session:  2026-09-20T13:57:45
Player:          Segment and Avatar Editor v69
Server:          http://localhost:8856

13:57:47  Open timeline  _Editor_Test               root=_Editor_Test ns=1,2,3  url=seq_b3d8216b34/viewer.html  slug=seq_b3d8216b34
13:57:47  Open timeline  _Editor_Test               root=_Editor_Test ns=1,2,3  url=seq_b3d8216b34/viewer.html  slug=seq_b3d8216b34
13:57:47  Open timeline  _Editor_Test               root=_Editor_Test ns=1,2,3
13:57:47  + Frame        segment_22137e5c           at=10 count=1 side=right  nb_frames=41
13:57:47  + Frame        segment_22137e5c           at=10 count=1 side=sideways  REFUSED: side must be 'left' or 'right'
13:57:47  - Frame        segment_22137e5c           at=10 count=1 side=left  nb_frames=40
13:57:47  + Zone         segment_22137e5c           a=5 b=9  nb_frames=45
13:57:47  - Zone         segment_22137e5c           a=5 b=9  nb_frames=40
13:57:47  Undo           segment_22137e5c             nb_frames=40
13:57:47  Paste frame    segment_22137e5c           from=5 at=20  nb_frames=41
13:57:47  Undo           segment_22137e5c             nb_frames=40
13:57:47  Unmark all     segment_22137e5c
13:57:47  Mark           segment_22137e5c           frame=5 on=True
13:57:47  Mark           segment_22137e5c           frame=20 on=True
13:57:47  Mark           segment_22137e5c           frame=5 on=False
13:57:47  Unmark all     segment_22137e5c
13:57:48  + Zone         segment_22137e5c           a=5 b=9  nb_frames=45
13:57:49  Save scene     segment_22137e5c             nb_frames=45  duration_s=1.8
13:57:49  Save scene     segment_22137e5c             REFUSED: stale
13:57:50  Save scene     segment_22137e5c             nb_frames=45  duration_s=1.8
13:57:50  Unmark all     segment_22137e5c
13:57:50  Mark           segment_22137e5c           frame=15 on=True
13:57:50  Mark           segment_22137e5c           frame=30 on=True
13:57:50  Cut scene      segment_22137e5c             count=3  version=1
13:57:50  Unmark all     segment_22137e5c
13:57:50  Edit line      _Editor_Test               n=1  line=A replacement line for the first scene.
13:57:50  Edit line      _Editor_Test               n=1  line=A replacement line for the first scene.
13:57:50  Edit line      _Editor_Test               n=99  REFUSED: scene 99 is not in the script
13:57:50  Join           _Editor_Test               ns=[1] label=solo  REFUSED: a join needs at least two scenes
13:57:51  Join           _Editor_Test               ns=[1, 2] label=joined tracks=['segment', 'avatar']  joined=[1, 2]  label=joined  renamed=['02-charlie-scene']
13:57:51  Lift lock      _Editor_Test
13:57:51  Split          _Editor_Test               n=1 at=10 labels=['same', 'same']  REFUSED: the two halves need different names
13:57:58  Split          _Editor_Test               n=1 at=21 labels=['head', 'tail']  split=1  labels=['head', 'tail']  renamed=['02-tail', '03-charlie-scene']
13:57:59  Archive        _Editor_Test               folder=sandbox
13:57:59  Archive        _Editor_Test               folder=elsewhere  REFUSED: folder must be 'sandbox' or 'dev'
13:57:59  Save All archive _Editor_Test               root=_Editor_Test
13:57:59  Save All archive ../outside                 root=../outside  REFUSED: not a folder under Customers/: ../outside
13:58:00  Open timeline  _Editor_Test               root=_Editor_Test ns=1,2,3  url=seq_b3d8216b34/viewer.html  slug=seq_b3d8216b34
13:58:00  Open timeline  _Editor_Test               root=_Editor_Test ns=1,2,3  url=seq_b3d8216b34/viewer.html  slug=seq_b3d8216b34
13:58:00  Open timeline  _Editor_Test               root=_Editor_Test ns=1,2,3  url=seq_b3d8216b34/viewer.html  slug=seq_b3d8216b34

Editor Session:  2026-09-20T14:01:40
Player:          Segment and Avatar Editor v69
Server:          http://localhost:8856

14:01:42  Open timeline  _Editor_Test               root=_Editor_Test ns=1,2,3  url=seq_b3d8216b34/viewer.html  slug=seq_b3d8216b34
14:01:42  Open timeline  _Editor_Test               root=_Editor_Test ns=1,2,3  url=seq_b3d8216b34/viewer.html  slug=seq_b3d8216b34
14:01:42  Open timeline  _Editor_Test               root=_Editor_Test ns=1,2,3
14:01:42  + Frame        segment_22137e5c           at=10 count=1 side=right  nb_frames=41
14:01:42  + Frame        segment_22137e5c           at=10 count=1 side=sideways  REFUSED: side must be 'left' or 'right'
14:01:42  - Frame        segment_22137e5c           at=10 count=1 side=left  nb_frames=40
14:01:42  + Zone         segment_22137e5c           a=5 b=9  nb_frames=45
14:01:42  - Zone         segment_22137e5c           a=5 b=9  nb_frames=40
14:01:42  Undo           segment_22137e5c             nb_frames=40
14:01:42  Paste frame    segment_22137e5c           from=5 at=20  nb_frames=41
14:01:43  Undo           segment_22137e5c             nb_frames=40
14:01:43  Unmark all     segment_22137e5c
14:01:43  Mark           segment_22137e5c           frame=5 on=True
14:01:43  Mark           segment_22137e5c           frame=20 on=True
14:01:43  Mark           segment_22137e5c           frame=5 on=False
14:01:43  Unmark all     segment_22137e5c
14:01:43  + Zone         segment_22137e5c           a=5 b=9  nb_frames=45
14:01:44  Save scene     segment_22137e5c             nb_frames=45  duration_s=1.8
14:01:44  Save scene     segment_22137e5c             REFUSED: stale
14:01:45  Save scene     segment_22137e5c             nb_frames=45  duration_s=1.8
14:01:45  Unmark all     segment_22137e5c
14:01:45  Mark           segment_22137e5c           frame=15 on=True
14:01:45  Mark           segment_22137e5c           frame=30 on=True
14:01:46  Cut scene      segment_22137e5c             count=3  version=1
14:01:46  Unmark all     segment_22137e5c
14:01:46  Edit line      _Editor_Test               n=1  line=A replacement line for the first scene.
14:01:46  Edit line      _Editor_Test               n=1  line=A replacement line for the first scene.
14:01:46  Edit line      _Editor_Test               n=99  REFUSED: scene 99 is not in the script
14:01:46  Join           _Editor_Test               ns=[1] label=solo  REFUSED: a join needs at least two scenes
14:01:46  Join           _Editor_Test               ns=[1, 2] label=joined tracks=['segment', 'avatar']  joined=[1, 2]  label=joined  renamed=['02-charlie-scene']
14:01:46  Lift lock      _Editor_Test
14:01:46  Split          _Editor_Test               n=1 at=10 labels=['same', 'same']  REFUSED: the two halves need different names
14:01:54  Split          _Editor_Test               n=1 at=21 labels=['head', 'tail']  split=1  labels=['head', 'tail']  renamed=['02-tail', '03-charlie-scene']
14:01:54  Archive        _Editor_Test               folder=sandbox
14:01:54  Archive        _Editor_Test               folder=elsewhere  REFUSED: folder must be 'sandbox' or 'dev'
14:01:54  Save All archive _Editor_Test               root=_Editor_Test
14:01:54  Save All archive ../outside                 root=../outside  REFUSED: not a folder under Customers/: ../outside
14:01:55  Open timeline  _Editor_Test               root=_Editor_Test ns=1,2,3  url=seq_b3d8216b34/viewer.html  slug=seq_b3d8216b34
14:01:55  Open timeline  _Editor_Test               root=_Editor_Test ns=1,2,3  url=seq_b3d8216b34/viewer.html  slug=seq_b3d8216b34
14:01:55  Open timeline  _Editor_Test               root=_Editor_Test ns=1,2,3  url=seq_b3d8216b34/viewer.html  slug=seq_b3d8216b34

Editor Session:  2026-09-20T14:03:10
Player:          Segment and Avatar Editor v69
Server:          http://localhost:8846


Editor Session:  2026-09-20T14:19:13
Player:          Segment and Avatar Editor v70
Server:          http://localhost:8856

14:19:15  Open timeline  _Editor_Test               root=_Editor_Test ns=1,2,3  url=seq_b3d8216b34/viewer.html  slug=seq_b3d8216b34
14:19:15  Open timeline  _Editor_Test               root=_Editor_Test ns=1,2,3  url=seq_b3d8216b34/viewer.html  slug=seq_b3d8216b34
14:19:15  Open timeline  _Editor_Test               root=_Editor_Test ns=1,2,3
14:19:15  + Frame        segment_22137e5c           at=10 count=1 side=right  nb_frames=41
14:19:15  + Frame        segment_22137e5c           at=10 count=1 side=sideways  REFUSED: side must be 'left' or 'right'
14:19:15  - Frame        segment_22137e5c           at=10 count=1 side=left  nb_frames=40
14:19:15  + Zone         segment_22137e5c           a=5 b=9  nb_frames=45
14:19:15  - Zone         segment_22137e5c           a=5 b=9  nb_frames=40
14:19:15  Undo           segment_22137e5c             nb_frames=40
14:19:15  Paste frame    segment_22137e5c           from=5 at=20  nb_frames=41
14:19:16  Undo           segment_22137e5c             nb_frames=40
14:19:16  Unmark all     segment_22137e5c
14:19:16  Mark           segment_22137e5c           frame=5 on=True
14:19:16  Mark           segment_22137e5c           frame=20 on=True
14:19:16  Mark           segment_22137e5c           frame=5 on=False
14:19:16  Unmark all     segment_22137e5c
14:19:16  + Zone         segment_22137e5c           a=5 b=9  nb_frames=45
14:19:17  Save scene     segment_22137e5c             nb_frames=45  duration_s=1.8
14:19:17  Save scene     segment_22137e5c             REFUSED: stale
14:19:18  Save scene     segment_22137e5c             nb_frames=45  duration_s=1.8
14:19:18  Unmark all     segment_22137e5c
14:19:18  Mark           segment_22137e5c           frame=15 on=True
14:19:18  Mark           segment_22137e5c           frame=30 on=True
14:19:19  Cut scene      segment_22137e5c             count=3  version=1
14:19:19  Unmark all     segment_22137e5c
14:19:19  Edit line      _Editor_Test               n=1  line=A replacement line for the first scene.
14:19:19  Edit line      _Editor_Test               n=1  line=A replacement line for the first scene.
14:19:19  Edit line      _Editor_Test               n=99  REFUSED: scene 99 is not in the script
14:19:19  Join           _Editor_Test               ns=[1] label=solo  REFUSED: a join needs at least two scenes
14:19:19  Join           _Editor_Test               ns=[1, 2] label=joined tracks=['segment', 'avatar']  joined=[1, 2]  label=joined  renamed=['02-charlie-scene']
14:19:19  Lift lock      _Editor_Test
14:19:19  Split          _Editor_Test               n=1 at=10 labels=['same', 'same']  REFUSED: the two halves need different names
14:19:27  Split          _Editor_Test               n=1 at=21 labels=['head', 'tail']  split=1  labels=['head', 'tail']  renamed=['02-tail', '03-charlie-scene']
14:19:27  Archive        _Editor_Test               folder=sandbox
14:19:27  Archive        _Editor_Test               folder=elsewhere  REFUSED: folder must be 'sandbox' or 'dev'
14:19:27  Save All archive _Editor_Test               root=_Editor_Test
14:19:27  Save All archive ../outside                 root=../outside  REFUSED: not a folder under Customers/: ../outside
14:19:28  Open timeline  _Editor_Test               root=_Editor_Test ns=1,2,3  url=seq_b3d8216b34/viewer.html  slug=seq_b3d8216b34
14:19:28  Open timeline  _Editor_Test               root=_Editor_Test ns=1,2,3  url=seq_b3d8216b34/viewer.html  slug=seq_b3d8216b34
14:19:28  Open timeline  _Editor_Test               root=_Editor_Test ns=1,2,3  url=seq_b3d8216b34/viewer.html  slug=seq_b3d8216b34

Editor Session:  2026-09-20T14:19:28
Player:          Segment and Avatar Editor v70
Server:          http://localhost:8846


Editor Session:  2026-09-20T14:22:15
Player:          Segment and Avatar Editor v70
Server:          http://localhost:8856

14:22:16  Open timeline  _Editor_Test               root=_Editor_Test ns=1,2,3  url=seq_b3d8216b34/viewer.html  slug=seq_b3d8216b34
14:22:16  Open timeline  _Editor_Test               root=_Editor_Test ns=1,2,3  url=seq_b3d8216b34/viewer.html  slug=seq_b3d8216b34
14:22:16  Open timeline  _Editor_Test               root=_Editor_Test ns=1,2,3
14:22:16  + Frame        segment_22137e5c           at=10 count=1 side=right  nb_frames=41
14:22:16  + Frame        segment_22137e5c           at=10 count=1 side=sideways  REFUSED: side must be 'left' or 'right'
14:22:16  - Frame        segment_22137e5c           at=10 count=1 side=left  nb_frames=40
14:22:16  + Zone         segment_22137e5c           a=5 b=9  nb_frames=45
14:22:16  - Zone         segment_22137e5c           a=5 b=9  nb_frames=40
14:22:17  Undo           segment_22137e5c             nb_frames=40
14:22:17  Paste frame    segment_22137e5c           from=5 at=20  nb_frames=41
14:22:17  Undo           segment_22137e5c             nb_frames=40
14:22:17  Unmark all     segment_22137e5c
14:22:17  Mark           segment_22137e5c           frame=5 on=True
14:22:17  Mark           segment_22137e5c           frame=20 on=True
14:22:17  Mark           segment_22137e5c           frame=5 on=False
14:22:17  Unmark all     segment_22137e5c
14:22:17  + Zone         segment_22137e5c           a=5 b=9  nb_frames=45
14:22:18  Save scene     segment_22137e5c             nb_frames=45  duration_s=1.8
14:22:19  Save scene     segment_22137e5c             REFUSED: stale
14:22:19  Save scene     segment_22137e5c             nb_frames=45  duration_s=1.8
14:22:19  Unmark all     segment_22137e5c
14:22:19  Mark           segment_22137e5c           frame=15 on=True
14:22:19  Mark           segment_22137e5c           frame=30 on=True
14:22:20  Cut scene      segment_22137e5c             count=3  version=1
14:22:20  Unmark all     segment_22137e5c
14:22:20  Edit line      _Editor_Test               n=1  line=A replacement line for the first scene.
14:22:20  Edit line      _Editor_Test               n=1  line=A replacement line for the first scene.
14:22:20  Edit line      _Editor_Test               n=99  REFUSED: scene 99 is not in the script
14:22:20  Join           _Editor_Test               ns=[1] label=solo  REFUSED: a join needs at least two scenes
14:22:20  Join           _Editor_Test               ns=[1, 2] label=joined tracks=['segment', 'avatar']  joined=[1, 2]  label=joined  renamed=['02-charlie-scene']
14:22:20  Lift lock      _Editor_Test
14:22:20  Split          _Editor_Test               n=1 at=10 labels=['same', 'same']  REFUSED: the two halves need different names
14:22:28  Split          _Editor_Test               n=1 at=21 labels=['head', 'tail']  split=1  labels=['head', 'tail']  renamed=['02-tail', '03-charlie-scene']
14:22:29  Archive        _Editor_Test               folder=sandbox
14:22:29  Archive        _Editor_Test               folder=elsewhere  REFUSED: folder must be 'sandbox' or 'dev'
14:22:29  Save All archive _Editor_Test               root=_Editor_Test
14:22:29  Save All archive ../outside                 root=../outside  REFUSED: not a folder under Customers/: ../outside
14:22:30  Open timeline  _Editor_Test               root=_Editor_Test ns=1,2,3  url=seq_b3d8216b34/viewer.html  slug=seq_b3d8216b34
14:22:30  Open timeline  _Editor_Test               root=_Editor_Test ns=1,2,3  url=seq_b3d8216b34/viewer.html  slug=seq_b3d8216b34
14:22:30  Open timeline  _Editor_Test               root=_Editor_Test ns=1,2,3  url=seq_b3d8216b34/viewer.html  slug=seq_b3d8216b34

Editor Session:  2026-09-20T14:22:42
Player:          Segment and Avatar Editor v70
Server:          http://localhost:8846

14:22:43  Open timeline  Rentify Demos Corp/ski-demo/help-videos/BCP_raw_mp4/special-skis root=Rentify Demos Corp/ski-demo/help-videos/BCP_raw_mp4/special-skis ns=12,13
14:22:43  Open timeline  Rentify Demos Corp/ski-demo/help-videos/BCP_raw_mp4/special-skis root=Rentify Demos Corp/ski-demo/help-videos/BCP_raw_mp4/special-skis ns=12,13

Editor Session:  2026-09-20T14:29:08
Player:          Segment and Avatar Editor v72
Server:          http://localhost:8856

14:29:10  Open timeline  _Editor_Test               root=_Editor_Test ns=1,2,3  url=seq_b3d8216b34/viewer.html  slug=seq_b3d8216b34
14:29:10  Open timeline  _Editor_Test               root=_Editor_Test ns=1,2,3  url=seq_b3d8216b34/viewer.html  slug=seq_b3d8216b34
14:29:10  Open timeline  _Editor_Test               root=_Editor_Test ns=1,2,3
14:29:10  + Frame        segment_22137e5c           at=10 count=1 side=right  nb_frames=41
14:29:10  + Frame        segment_22137e5c           at=10 count=1 side=sideways  REFUSED: side must be 'left' or 'right'
14:29:10  - Frame        segment_22137e5c           at=10 count=1 side=left  nb_frames=40
14:29:10  + Zone         segment_22137e5c           a=5 b=9  nb_frames=45
14:29:10  - Zone         segment_22137e5c           a=5 b=9  nb_frames=40
14:29:10  Undo           segment_22137e5c             nb_frames=40
14:29:10  Paste frame    segment_22137e5c           from=5 at=20  nb_frames=41
14:29:11  Undo           segment_22137e5c             nb_frames=40
14:29:11  Unmark all     segment_22137e5c
14:29:11  Mark           segment_22137e5c           frame=5 on=True
14:29:11  Mark           segment_22137e5c           frame=20 on=True
14:29:11  Mark           segment_22137e5c           frame=5 on=False
14:29:11  Unmark all     segment_22137e5c
14:29:11  + Zone         segment_22137e5c           a=5 b=9  nb_frames=45
14:29:12  Save scene     segment_22137e5c             nb_frames=45  duration_s=1.8
14:29:12  Save scene     segment_22137e5c             REFUSED: stale
14:29:13  Save scene     segment_22137e5c             nb_frames=45  duration_s=1.8
14:29:13  Unmark all     segment_22137e5c
14:29:13  Mark           segment_22137e5c           frame=15 on=True
14:29:13  Mark           segment_22137e5c           frame=30 on=True
14:29:14  Cut scene      segment_22137e5c             count=3  version=1
14:29:14  Unmark all     segment_22137e5c
14:29:14  Edit line      _Editor_Test               n=1  line=A replacement line for the first scene.
14:29:14  Edit line      _Editor_Test               n=1  line=A replacement line for the first scene.
14:29:14  Edit line      _Editor_Test               n=99  REFUSED: scene 99 is not in the script
14:29:14  Join           _Editor_Test               ns=[1] label=solo  REFUSED: a join needs at least two scenes
14:29:14  Join           _Editor_Test               ns=[1, 2] label=joined tracks=['segment', 'avatar']  joined=[1, 2]  label=joined  renamed=['02-charlie-scene']
14:29:14  Lift lock      _Editor_Test
14:29:14  Split          _Editor_Test               n=1 at=10 labels=['same', 'same']  REFUSED: the two halves need different names
14:29:22  Split          _Editor_Test               n=1 at=21 labels=['head', 'tail']  split=1  labels=['head', 'tail']  renamed=['02-tail', '03-charlie-scene']
14:29:22  Archive        _Editor_Test               folder=sandbox
14:29:22  Archive        _Editor_Test               folder=elsewhere  REFUSED: folder must be 'sandbox' or 'dev'
14:29:22  Save All archive _Editor_Test               root=_Editor_Test
14:29:22  Save All archive ../outside                 root=../outside  REFUSED: not a folder under Customers/: ../outside
14:29:23  Open timeline  _Editor_Test               root=_Editor_Test ns=1,2,3  url=seq_b3d8216b34/viewer.html  slug=seq_b3d8216b34
14:29:23  Open timeline  _Editor_Test               root=_Editor_Test ns=1,2,3  url=seq_b3d8216b34/viewer.html  slug=seq_b3d8216b34
14:29:23  Open timeline  _Editor_Test               root=_Editor_Test ns=1,2,3  url=seq_b3d8216b34/viewer.html  slug=seq_b3d8216b34

Editor Session:  2026-09-20T14:29:23
Player:          Segment and Avatar Editor v72
Server:          http://localhost:8846


Editor Session:  2026-09-20T14:30:39
Player:          Segment and Avatar Editor v72
Server:          http://localhost:8856

14:30:41  Open timeline  _Editor_Test               root=_Editor_Test ns=1,2,3  url=seq_b3d8216b34/viewer.html  slug=seq_b3d8216b34
14:30:41  Open timeline  _Editor_Test               root=_Editor_Test ns=1,2,3  url=seq_b3d8216b34/viewer.html  slug=seq_b3d8216b34
14:30:41  Open timeline  _Editor_Test               root=_Editor_Test ns=1,2,3
14:30:41  + Frame        segment_22137e5c           at=10 count=1 side=right  nb_frames=41
14:30:41  + Frame        segment_22137e5c           at=10 count=1 side=sideways  REFUSED: side must be 'left' or 'right'
14:30:41  - Frame        segment_22137e5c           at=10 count=1 side=left  nb_frames=40
14:30:41  + Zone         segment_22137e5c           a=5 b=9  nb_frames=45
14:30:41  - Zone         segment_22137e5c           a=5 b=9  nb_frames=40
14:30:41  Undo           segment_22137e5c             nb_frames=40
14:30:41  Paste frame    segment_22137e5c           from=5 at=20  nb_frames=41
14:30:42  Undo           segment_22137e5c             nb_frames=40
14:30:42  Unmark all     segment_22137e5c
14:30:42  Mark           segment_22137e5c           frame=5 on=True
14:30:42  Mark           segment_22137e5c           frame=20 on=True
14:30:42  Mark           segment_22137e5c           frame=5 on=False
14:30:42  Unmark all     segment_22137e5c
14:30:42  + Zone         segment_22137e5c           a=5 b=9  nb_frames=45
14:30:43  Save scene     segment_22137e5c             nb_frames=45  duration_s=1.8
14:30:43  Save scene     segment_22137e5c             REFUSED: stale
14:30:44  Save scene     segment_22137e5c             nb_frames=45  duration_s=1.8
14:30:44  Unmark all     segment_22137e5c
14:30:44  Mark           segment_22137e5c           frame=15 on=True
14:30:44  Mark           segment_22137e5c           frame=30 on=True
14:30:45  Cut scene      segment_22137e5c             count=3  version=1
14:30:45  Unmark all     segment_22137e5c
14:30:45  Edit line      _Editor_Test               n=1  line=A replacement line for the first scene.
14:30:45  Edit line      _Editor_Test               n=1  line=A replacement line for the first scene.
14:30:45  Edit line      _Editor_Test               n=99  REFUSED: scene 99 is not in the script
14:30:45  Join           _Editor_Test               ns=[1] label=solo  REFUSED: a join needs at least two scenes
14:30:45  Join           _Editor_Test               ns=[1, 2] label=joined tracks=['segment', 'avatar']  joined=[1, 2]  label=joined  renamed=['02-charlie-scene']
14:30:45  Lift lock      _Editor_Test
14:30:45  Split          _Editor_Test               n=1 at=10 labels=['same', 'same']  REFUSED: the two halves need different names
14:30:53  Split          _Editor_Test               n=1 at=21 labels=['head', 'tail']  split=1  labels=['head', 'tail']  renamed=['02-tail', '03-charlie-scene']
14:30:53  Archive        _Editor_Test               folder=sandbox
14:30:53  Archive        _Editor_Test               folder=elsewhere  REFUSED: folder must be 'sandbox' or 'dev'
14:30:53  Save All archive _Editor_Test               root=_Editor_Test
14:30:53  Save All archive ../outside                 root=../outside  REFUSED: not a folder under Customers/: ../outside
14:30:54  Open timeline  _Editor_Test               root=_Editor_Test ns=1,2,3  url=seq_b3d8216b34/viewer.html  slug=seq_b3d8216b34
14:30:54  Open timeline  _Editor_Test               root=_Editor_Test ns=1,2,3  url=seq_b3d8216b34/viewer.html  slug=seq_b3d8216b34
14:30:54  Open timeline  _Editor_Test               root=_Editor_Test ns=1,2,3  url=seq_b3d8216b34/viewer.html  slug=seq_b3d8216b34

Editor Session:  2026-09-20T14:30:54
Player:          Segment and Avatar Editor v72
Server:          http://localhost:8846

14:36:50  Open timeline  Rentify Demos Corp/ski-demo/help-videos/BCP_raw_mp4/special-skis root=Rentify Demos Corp/ski-demo/help-videos/BCP_raw_mp4/special-skis ns=12,13

Editor Session:  2026-09-20T14:45:01
Player:          Segment and Avatar Editor v74
Server:          http://localhost:8856

14:45:03  Open timeline  _Editor_Test               root=_Editor_Test ns=1,2,3  url=seq_b3d8216b34/viewer.html  slug=seq_b3d8216b34
14:45:03  Open timeline  _Editor_Test               root=_Editor_Test ns=1,2,3  url=seq_b3d8216b34/viewer.html  slug=seq_b3d8216b34
14:45:03  Open timeline  _Editor_Test               root=_Editor_Test ns=1,2,3
14:45:03  + Frame        segment_22137e5c           at=10 count=1 side=right  nb_frames=41
14:45:03  + Frame        segment_22137e5c           at=10 count=1 side=sideways  REFUSED: side must be 'left' or 'right'
14:45:03  - Frame        segment_22137e5c           at=10 count=1 side=left  nb_frames=40
14:45:03  + Zone         segment_22137e5c           a=5 b=9  nb_frames=45
14:45:03  - Zone         segment_22137e5c           a=5 b=9  nb_frames=40
14:45:03  Undo           segment_22137e5c             nb_frames=40
14:45:03  Paste frame    segment_22137e5c           from=5 at=20  nb_frames=41
14:45:04  Undo           segment_22137e5c             nb_frames=40
14:45:04  Unmark all     segment_22137e5c
14:45:04  Mark           segment_22137e5c           frame=5 on=True
14:45:04  Mark           segment_22137e5c           frame=20 on=True
14:45:04  Mark           segment_22137e5c           frame=5 on=False
14:45:04  Unmark all     segment_22137e5c
14:45:04  + Zone         segment_22137e5c           a=5 b=9  nb_frames=45
14:45:05  Save scene     segment_22137e5c             nb_frames=45  duration_s=1.8
14:45:05  Save scene     segment_22137e5c             REFUSED: stale
14:45:06  Save scene     segment_22137e5c             nb_frames=45  duration_s=1.8
14:45:06  Unmark all     segment_22137e5c
14:45:06  Mark           segment_22137e5c           frame=15 on=True
14:45:06  Mark           segment_22137e5c           frame=30 on=True
14:45:06  Cut scene      segment_22137e5c             count=3  version=1
14:45:06  Unmark all     segment_22137e5c
14:45:06  Edit line      _Editor_Test               n=1  line=A replacement line for the first scene.
14:45:06  Edit line      _Editor_Test               n=1  line=A replacement line for the first scene.
14:45:06  Edit line      _Editor_Test               n=99  REFUSED: scene 99 is not in the script
14:45:06  Join           _Editor_Test               ns=[1] label=solo  REFUSED: a join needs at least two scenes
14:45:07  Join           _Editor_Test               ns=[1, 2] label=joined tracks=['segment', 'avatar']  joined=[1, 2]  label=joined  renamed=['02-charlie-scene']
14:45:07  Lift lock      _Editor_Test
14:45:07  Split          _Editor_Test               n=1 at=10 labels=['same', 'same']  REFUSED: the two halves need different names
14:45:15  Split          _Editor_Test               n=1 at=21 labels=['head', 'tail']  split=1  labels=['head', 'tail']  renamed=['02-tail', '03-charlie-scene']
14:45:15  Archive        _Editor_Test               folder=sandbox
14:45:15  Archive        _Editor_Test               folder=elsewhere  REFUSED: folder must be 'sandbox' or 'dev'
14:45:15  Save All archive _Editor_Test               root=_Editor_Test
14:45:15  Save All archive ../outside                 root=../outside  REFUSED: not a folder under Customers/: ../outside
14:45:16  Open timeline  _Editor_Test               root=_Editor_Test ns=1,2,3  url=seq_b3d8216b34/viewer.html  slug=seq_b3d8216b34
14:45:16  Open timeline  _Editor_Test               root=_Editor_Test ns=1,2,3  url=seq_b3d8216b34/viewer.html  slug=seq_b3d8216b34
14:45:16  Open timeline  _Editor_Test               root=_Editor_Test ns=1,2,3  url=seq_b3d8216b34/viewer.html  slug=seq_b3d8216b34

Editor Session:  2026-09-20T14:45:16
Player:          Segment and Avatar Editor v74
Server:          http://localhost:8846

14:47:02  Edit line      Rentify Demos Corp/ski-demo/help-videos/BCP_raw_mp4/special-skis n=13  line=Scroll up and use the back arrow to return to the collections page. {1} Then we can return to the store page. {2} Open the menu again using the gear icon.
14:47:07  Open timeline  Rentify Demos Corp/ski-demo/help-videos/BCP_raw_mp4/special-skis root=Rentify Demos Corp/ski-demo/help-videos/BCP_raw_mp4/special-skis ns=12,13
14:47:56  Open timeline  Rentify Demos Corp/ski-demo/help-videos/BCP_raw_mp4/special-skis root=Rentify Demos Corp/ski-demo/help-videos/BCP_raw_mp4/special-skis ns=12,13,14,15
14:52:33  - Zone         segment_28ebe6d2           a=179 b=179  nb_frames=376
14:53:02  - Zone         segment_28ebe6d2           a=179 b=179  nb_frames=375
14:54:14  - Zone         segment_28ebe6d2           a=179 b=179  nb_frames=374
14:54:15  - Zone         segment_28ebe6d2           a=179 b=179  nb_frames=373
14:54:15  - Zone         segment_28ebe6d2           a=179 b=179  nb_frames=372
14:54:16  - Zone         segment_28ebe6d2           a=179 b=179  nb_frames=371
14:54:16  - Zone         segment_28ebe6d2           a=179 b=179  nb_frames=370
14:54:17  - Zone         segment_28ebe6d2           a=179 b=179  nb_frames=369
14:54:17  - Zone         segment_28ebe6d2           a=179 b=179  nb_frames=368
14:54:18  - Zone         segment_28ebe6d2           a=179 b=179  nb_frames=367
14:54:18  - Zone         segment_28ebe6d2           a=179 b=179  nb_frames=366
14:54:19  - Zone         segment_28ebe6d2           a=179 b=179  nb_frames=365
14:54:20  - Zone         segment_28ebe6d2           a=179 b=179  nb_frames=364
14:54:22  - Zone         segment_28ebe6d2           a=179 b=179  nb_frames=363
14:54:23  - Zone         segment_28ebe6d2           a=179 b=179  nb_frames=362
14:54:24  - Zone         segment_28ebe6d2           a=179 b=179  nb_frames=361
14:54:24  - Zone         segment_28ebe6d2           a=179 b=179  nb_frames=360
14:54:25  - Zone         segment_28ebe6d2           a=179 b=179  nb_frames=359
14:54:25  - Zone         segment_28ebe6d2           a=179 b=179  nb_frames=358
14:54:26  - Zone         segment_28ebe6d2           a=179 b=179  nb_frames=357
14:54:26  - Zone         segment_28ebe6d2           a=179 b=179  nb_frames=356
14:54:27  - Zone         segment_28ebe6d2           a=179 b=179  nb_frames=355
14:54:28  - Zone         segment_28ebe6d2           a=179 b=179  nb_frames=354
14:54:28  - Zone         segment_28ebe6d2           a=179 b=179  nb_frames=353
14:54:29  - Zone         segment_28ebe6d2           a=179 b=179  nb_frames=352
14:54:29  - Zone         segment_28ebe6d2           a=179 b=179  nb_frames=351
14:54:30  - Zone         segment_28ebe6d2           a=179 b=179  nb_frames=350
14:56:02  Edit line      Rentify Demos Corp/ski-demo/help-videos/BCP_raw_mp4/special-skis n=14  line=This is where all the store's items can be found. {0.5} To add a new item, click the plus icon button.
14:56:11  Edit line      Rentify Demos Corp/ski-demo/help-videos/BCP_raw_mp4/special-skis n=13  line=Scroll up and use the back arrow to return to the collections page. {1} Then we can return to the store page.
14:56:29  Edit line      Rentify Demos Corp/ski-demo/help-videos/BCP_raw_mp4/special-skis n=14  line=This is where all the store's items can be found. {0.5} To add a new item, click the plus icon button. {.5} {2} Open the menu again using the gear icon.
14:56:38  Save scene     segment_28ebe6d2             nb_frames=350  duration_s=14.04
14:56:45  Open timeline  Rentify Demos Corp/ski-demo/help-videos/BCP_raw_mp4/special-skis root=Rentify Demos Corp/ski-demo/help-videos/BCP_raw_mp4/special-skis ns=12,13,14,15
15:01:50  Open timeline  Rentify Demos Corp/ski-demo/help-videos/BCP_raw_mp4/special-skis root=Rentify Demos Corp/ski-demo/help-videos/BCP_raw_mp4/special-skis ns=13,14
15:05:37  Open timeline  Rentify Demos Corp/ski-demo/help-videos/BCP_raw_mp4/special-skis root=Rentify Demos Corp/ski-demo/help-videos/BCP_raw_mp4/special-skis ns=14,15
15:05:44  Open timeline  Rentify Demos Corp/ski-demo/help-videos/BCP_raw_mp4/special-skis root=Rentify Demos Corp/ski-demo/help-videos/BCP_raw_mp4/special-skis ns=12,13,14,15
15:10:01  Edit line      Rentify Demos Corp/ski-demo/help-videos/BCP_raw_mp4/special-skis n=14  line=Click on the gear icon.{0.5} To add a new item, click the plus icon button. {.5} {2} Open the menu again using the gear icon.
15:13:17  Edit line      Rentify Demos Corp/ski-demo/help-videos/BCP_raw_mp4/special-skis n=14  line=Click on the gear icon to open the options menu.{0.5} Manage your Collections, Requirements, and Items from here. {.5} {2} Click to open Look up Collections.
15:14:04  Edit line      Rentify Demos Corp/ski-demo/help-videos/BCP_raw_mp4/special-skis n=14  line=Click on the gear icon to open the options menu.{0.5} Manage your Collections, Requirements, and Items from here. {.5} {2} Click to open Look up Items.
15:14:51  Open timeline  Rentify Demos Corp/ski-demo/help-videos/BCP_raw_mp4/special-skis root=Rentify Demos Corp/ski-demo/help-videos/BCP_raw_mp4/special-skis ns=12,13,14,15
15:15:55  Edit line      Rentify Demos Corp/ski-demo/help-videos/BCP_raw_mp4/special-skis n=14  line=Click on the gear icon to open the options menu.{0.5} You can manage your Collections, Requirements, and Items from here. {.5} {2} Click to open Look up Items.
18:32:14  + Frame        segment_9998a5e7           at=94 count=50 side=right  nb_frames=295
18:32:14  Open timeline  Rentify Demos Corp/ski-demo/help-videos/BCP_raw_mp4/special-skis root=Rentify Demos Corp/ski-demo/help-videos/BCP_raw_mp4/special-skis ns=12,13,14,15
20:18:17  Save scene     segment_9998a5e7             nb_frames=295  duration_s=11.8
20:18:23  Open timeline  Rentify Demos Corp/ski-demo/help-videos/BCP_raw_mp4/special-skis root=Rentify Demos Corp/ski-demo/help-videos/BCP_raw_mp4/special-skis ns=12,13,14,15
08:13:44  Open timeline  Rentify Demos Corp/ski-demo/help-videos/BCP_raw_mp4/special-skis root=Rentify Demos Corp/ski-demo/help-videos/BCP_raw_mp4/special-skis ns=16,17,18,19,20
08:30:22  Open timeline  Rentify Demos Corp/ski-demo/help-videos/BCP_raw_mp4/special-skis root=Rentify Demos Corp/ski-demo/help-videos/BCP_raw_mp4/special-skis ns=12,13,14,15
08:30:27  Open timeline  Rentify Demos Corp/ski-demo/help-videos/BCP_raw_mp4/special-skis root=Rentify Demos Corp/ski-demo/help-videos/BCP_raw_mp4/special-skis ns=12,13,14,15  url=seq_2f00ec0cb3/viewer.html  slug=seq_2f00ec0cb3
08:30:32  Open timeline  Rentify Demos Corp/ski-demo/help-videos/BCP_raw_mp4/special-skis root=Rentify Demos Corp/ski-demo/help-videos/BCP_raw_mp4/special-skis ns=12,13,14,15  url=seq_2f00ec0cb3/viewer.html  slug=seq_2f00ec0cb3
08:49:57  Open timeline  Rentify Demos Corp/ski-demo/help-videos/BCP_raw_mp4/special-skis root=Rentify Demos Corp/ski-demo/help-videos/BCP_raw_mp4/special-skis ns=12,13,14,15
08:58:04  Open timeline  Rentify Demos Corp/ski-demo/help-videos/BCP_raw_mp4/special-skis root=Rentify Demos Corp/ski-demo/help-videos/BCP_raw_mp4/special-skis ns=19,20,21,22
09:01:33  Edit line      Rentify Demos Corp/ski-demo/help-videos/BCP_raw_mp4/special-skis n=21  line=Go back at the dashboard when you are done. {0.3} Use control or command plus K as the short cut keys. The Logout card here.
09:01:41  Open timeline  Rentify Demos Corp/ski-demo/help-videos/BCP_raw_mp4/special-skis root=Rentify Demos Corp/ski-demo/help-videos/BCP_raw_mp4/special-skis ns=19,20,21,22
09:03:33  Open timeline  Rentify Demos Corp/ski-demo/help-videos/BCP_raw_mp4/special-skis root=Rentify Demos Corp/ski-demo/help-videos/BCP_raw_mp4/special-skis ns=17
09:06:48  + Frame        segment_18b57e95           at=497 count=40 side=right  nb_frames=645
09:06:53  Open timeline  Rentify Demos Corp/ski-demo/help-videos/BCP_raw_mp4/special-skis root=Rentify Demos Corp/ski-demo/help-videos/BCP_raw_mp4/special-skis ns=17
09:09:49  - Zone         segment_18b57e95           a=498 b=537  nb_frames=605
09:09:59  Open timeline  Rentify Demos Corp/ski-demo/help-videos/BCP_raw_mp4/special-skis root=Rentify Demos Corp/ski-demo/help-videos/BCP_raw_mp4/special-skis ns=17
09:10:16  Undo           segment_18b57e95             nb_frames=605
09:10:23  Open timeline  Rentify Demos Corp/ski-demo/help-videos/BCP_raw_mp4/special-skis root=Rentify Demos Corp/ski-demo/help-videos/BCP_raw_mp4/special-skis ns=17
09:12:46  Mark           segment_18b57e95           frame=281 on=True
09:12:59  Mark           segment_18b57e95           frame=281 on=False
09:13:15  Mark           segment_18b57e95           frame=250 on=True
09:13:28  Mark           segment_18b57e95           frame=280 on=True
09:13:30  - Zone         segment_18b57e95           a=280 b=605  nb_frames=279
09:14:40  Undo           segment_18b57e95             nb_frames=605
09:14:43  Undo           segment_18b57e95             nb_frames=605
09:15:22  Mark           segment_18b57e95           frame=300 on=True
09:15:33  - Zone         segment_18b57e95           a=250 b=250  nb_frames=604
09:15:34  - Zone         segment_18b57e95           a=250 b=250  nb_frames=603
09:15:34  - Zone         segment_18b57e95           a=250 b=250  nb_frames=602
09:15:34  - Zone         segment_18b57e95           a=250 b=250  nb_frames=601
09:15:34  - Zone         segment_18b57e95           a=250 b=250  nb_frames=600
09:15:35  - Zone         segment_18b57e95           a=250 b=250  nb_frames=599
09:15:35  - Zone         segment_18b57e95           a=250 b=250  nb_frames=598
09:15:35  - Zone         segment_18b57e95           a=250 b=250  nb_frames=597
09:15:35  - Zone         segment_18b57e95           a=250 b=250  nb_frames=596
09:15:36  - Zone         segment_18b57e95           a=250 b=250  nb_frames=595
09:15:36  - Zone         segment_18b57e95           a=250 b=250  nb_frames=594
09:15:36  - Zone         segment_18b57e95           a=250 b=250  nb_frames=593
09:15:36  - Zone         segment_18b57e95           a=250 b=250  nb_frames=592
09:15:36  - Zone         segment_18b57e95           a=250 b=250  nb_frames=591
09:15:37  - Zone         segment_18b57e95           a=250 b=250  nb_frames=590
09:15:37  - Zone         segment_18b57e95           a=250 b=250  nb_frames=589
09:15:37  - Zone         segment_18b57e95           a=250 b=250  nb_frames=588
09:15:37  - Zone         segment_18b57e95           a=250 b=250  nb_frames=587
09:15:38  - Zone         segment_18b57e95           a=250 b=250  nb_frames=586
09:15:38  - Zone         segment_18b57e95           a=250 b=250  nb_frames=585
09:15:38  - Zone         segment_18b57e95           a=250 b=250  nb_frames=584
09:15:38  - Zone         segment_18b57e95           a=250 b=250  nb_frames=583
09:15:38  - Zone         segment_18b57e95           a=250 b=250  nb_frames=582
09:15:39  - Zone         segment_18b57e95           a=250 b=250  nb_frames=581
09:15:39  - Zone         segment_18b57e95           a=250 b=250  nb_frames=580
09:15:39  - Zone         segment_18b57e95           a=250 b=250  nb_frames=579
09:15:39  - Zone         segment_18b57e95           a=250 b=250  nb_frames=578
09:15:40  - Zone         segment_18b57e95           a=250 b=250  nb_frames=577
09:15:40  - Zone         segment_18b57e95           a=250 b=250  nb_frames=576
09:15:40  - Zone         segment_18b57e95           a=250 b=250  nb_frames=575
09:15:40  - Zone         segment_18b57e95           a=250 b=250  nb_frames=574
09:15:40  - Zone         segment_18b57e95           a=250 b=250  nb_frames=573
09:15:41  - Zone         segment_18b57e95           a=250 b=250  nb_frames=572
09:15:41  - Zone         segment_18b57e95           a=250 b=250  nb_frames=571
09:15:41  - Zone         segment_18b57e95           a=250 b=250  nb_frames=570
09:15:41  - Zone         segment_18b57e95           a=250 b=250  nb_frames=569
09:15:41  - Zone         segment_18b57e95           a=250 b=250  nb_frames=568
09:15:42  - Zone         segment_18b57e95           a=250 b=250  nb_frames=567
09:15:42  - Zone         segment_18b57e95           a=250 b=250  nb_frames=566
09:15:42  - Zone         segment_18b57e95           a=250 b=250  nb_frames=565
09:15:42  - Zone         segment_18b57e95           a=250 b=250  nb_frames=564
09:15:42  - Zone         segment_18b57e95           a=250 b=250  nb_frames=563
09:15:43  - Zone         segment_18b57e95           a=250 b=250  nb_frames=562
09:15:43  - Zone         segment_18b57e95           a=250 b=250  nb_frames=561
09:15:43  - Zone         segment_18b57e95           a=250 b=250  nb_frames=560
09:15:43  - Zone         segment_18b57e95           a=250 b=250  nb_frames=559
09:15:44  - Zone         segment_18b57e95           a=250 b=250  nb_frames=558
09:15:44  - Zone         segment_18b57e95           a=250 b=250  nb_frames=557
09:15:45  - Zone         segment_18b57e95           a=250 b=250  nb_frames=556
09:15:47  - Zone         segment_18b57e95           a=250 b=250  nb_frames=555
09:15:50  - Zone         segment_18b57e95           a=250 b=250  nb_frames=554
09:17:20  Edit line      Rentify Demos Corp/ski-demo/help-videos/BCP_raw_mp4/special-skis n=17  line=Finally add the specific options for this item. {.5} Select the brand variant from the dropdown list. {2} Then select the length variant. {2} The star after the option name indicates that you made these a required field. {.5} This means the renter will need to make a variant selection. {2} Then click the update button.
09:17:36  Save scene     segment_18b57e95             nb_frames=554  duration_s=22.2
09:17:43  Open timeline  Rentify Demos Corp/ski-demo/help-videos/BCP_raw_mp4/special-skis root=Rentify Demos Corp/ski-demo/help-videos/BCP_raw_mp4/special-skis ns=17
09:19:17  Edit line      Rentify Demos Corp/ski-demo/help-videos/BCP_raw_mp4/special-skis n=17  line=Finally add the specific options for this item. {.5} Select the brand variant from the dropdown list. {2} Then select the length variant. {2} The star after the option name indicates that you made these a required field. {2} Then click the update button.
09:19:20  Open timeline  Rentify Demos Corp/ski-demo/help-videos/BCP_raw_mp4/special-skis root=Rentify Demos Corp/ski-demo/help-videos/BCP_raw_mp4/special-skis ns=17
09:20:47  Open timeline  Rentify Demos Corp/ski-demo/help-videos/BCP_raw_mp4/special-skis root=Rentify Demos Corp/ski-demo/help-videos/BCP_raw_mp4/special-skis ns=17,18
09:21:25  Edit line      Rentify Demos Corp/ski-demo/help-videos/BCP_raw_mp4/special-skis n=17  line=Finally add the specific options for this item. {.5} Select the brand variant from the dropdown list. {2} Then select the length variant. {2} The star after the option name indicates that you made these a required field. {2} Then click the update button.
09:21:47  Edit line      Rentify Demos Corp/ski-demo/help-videos/BCP_raw_mp4/special-skis n=17  line=Finally add the specific options for this item. {.5} Select the brand variant from the dropdown list. {1} Then select the length variant. {1} The star after the option name indicates that you made these a required field. {2} Then click the update button.
09:21:50  Open timeline  Rentify Demos Corp/ski-demo/help-videos/BCP_raw_mp4/special-skis root=Rentify Demos Corp/ski-demo/help-videos/BCP_raw_mp4/special-skis ns=17,18
09:23:26  Edit line      Rentify Demos Corp/ski-demo/help-videos/BCP_raw_mp4/special-skis n=17  line=Finally add the specific options for this item. {.5} Select the brand variant from the dropdown list. {2} Then select the length variant. {1} The star after the option name indicates that you made these a required field. {2} Then click the update button.
09:23:32  Open timeline  Rentify Demos Corp/ski-demo/help-videos/BCP_raw_mp4/special-skis root=Rentify Demos Corp/ski-demo/help-videos/BCP_raw_mp4/special-skis ns=17,18
09:24:19  Edit line      Rentify Demos Corp/ski-demo/help-videos/BCP_raw_mp4/special-skis n=17  line=Finally add the specific options for this item. {.5} Select the brand variant from the dropdown list. {2} Then select the length variant. {1} The star after the option name indicates that you made these a required field. {2} Then click the update button.
09:24:33  Edit line      Rentify Demos Corp/ski-demo/help-videos/BCP_raw_mp4/special-skis n=17  line=Finally add the specific options for this item. {.5} Select the brand variant from the dropdown list. {2} Then select the length variant. {3} The star after the option name indicates that you made these a required field. {2} Then click the update button.
09:24:37  Open timeline  Rentify Demos Corp/ski-demo/help-videos/BCP_raw_mp4/special-skis root=Rentify Demos Corp/ski-demo/help-videos/BCP_raw_mp4/special-skis ns=17,18
09:31:55  Open timeline  Rentify Demos Corp/ski-demo/help-videos/BCP_raw_mp4/special-skis root=Rentify Demos Corp/ski-demo/help-videos/BCP_raw_mp4/special-skis ns=13
09:37:47  + Frame        segment_28ebe6d2           at=90 count=30 side=right  nb_frames=330
09:37:55  Open timeline  Rentify Demos Corp/ski-demo/help-videos/BCP_raw_mp4/special-skis root=Rentify Demos Corp/ski-demo/help-videos/BCP_raw_mp4/special-skis ns=13
10:39:09  Open timeline  Rentify Demos Corp/ski-demo/help-videos/BCP_raw_mp4/special-skis root=Rentify Demos Corp/ski-demo/help-videos/BCP_raw_mp4/special-skis ns=13,14
10:40:44  Edit line      Rentify Demos Corp/ski-demo/help-videos/BCP_raw_mp4/special-skis n=13  line=Scroll up and use the back arrow to return to the collections page. {2} Then we can return to the store page.
10:41:00  Save scene     segment_28ebe6d2             nb_frames=330  duration_s=13.2
10:41:04  Open timeline  Rentify Demos Corp/ski-demo/help-videos/BCP_raw_mp4/special-skis root=Rentify Demos Corp/ski-demo/help-videos/BCP_raw_mp4/special-skis ns=13,14
10:43:24  - Zone         segment_28ebe6d2           a=304 b=304  nb_frames=328
10:43:24  - Zone         segment_28ebe6d2           a=304 b=304  nb_frames=327
10:43:25  - Zone         segment_28ebe6d2           a=304 b=304  nb_frames=326
10:43:25  - Zone         segment_28ebe6d2           a=304 b=304  nb_frames=325
10:43:26  - Zone         segment_28ebe6d2           a=304 b=304  nb_frames=324
10:43:26  - Zone         segment_28ebe6d2           a=304 b=304  nb_frames=323
10:43:26  - Zone         segment_28ebe6d2           a=304 b=304  nb_frames=322
10:43:26  - Zone         segment_28ebe6d2           a=304 b=304  nb_frames=321
10:43:27  - Zone         segment_28ebe6d2           a=304 b=304  nb_frames=320
10:43:27  - Zone         segment_28ebe6d2           a=304 b=304  nb_frames=319
10:43:27  - Zone         segment_28ebe6d2           a=304 b=304  nb_frames=318
10:43:27  - Zone         segment_28ebe6d2           a=304 b=304  nb_frames=317
10:43:28  - Zone         segment_28ebe6d2           a=304 b=304  nb_frames=316
10:43:28  - Zone         segment_28ebe6d2           a=304 b=304  nb_frames=315
10:43:28  - Zone         segment_28ebe6d2           a=304 b=304  nb_frames=314
10:43:28  - Zone         segment_28ebe6d2           a=304 b=304  nb_frames=313
10:43:29  - Zone         segment_28ebe6d2           a=304 b=304  nb_frames=312
10:43:29  - Zone         segment_28ebe6d2           a=304 b=304  nb_frames=311
10:43:29  - Zone         segment_28ebe6d2           a=304 b=304  nb_frames=310
10:43:30  - Zone         segment_28ebe6d2           a=304 b=304  nb_frames=309
10:43:30  - Zone         segment_28ebe6d2           a=304 b=304  nb_frames=308
10:43:31  - Zone         segment_28ebe6d2           a=304 b=304  nb_frames=307
10:43:32  - Zone         segment_28ebe6d2           a=304 b=304  nb_frames=306
10:44:11  - Zone         segment_28ebe6d2           a=240 b=240  nb_frames=305
10:44:11  - Zone         segment_28ebe6d2           a=240 b=240  nb_frames=304
10:44:12  - Zone         segment_28ebe6d2           a=240 b=240  nb_frames=303
10:44:12  - Zone         segment_28ebe6d2           a=240 b=240  nb_frames=302
10:44:12  - Zone         segment_28ebe6d2           a=240 b=240  nb_frames=301
10:44:13  - Zone         segment_28ebe6d2           a=240 b=240  nb_frames=300
10:44:13  - Zone         segment_28ebe6d2           a=240 b=240  nb_frames=299
10:44:14  - Zone         segment_28ebe6d2           a=240 b=240  nb_frames=298
10:44:14  - Zone         segment_28ebe6d2           a=240 b=240  nb_frames=297
10:44:15  - Zone         segment_28ebe6d2           a=240 b=240  nb_frames=296
10:44:40  - Zone         segment_28ebe6d2           a=248 b=248  nb_frames=295
10:44:41  - Zone         segment_28ebe6d2           a=248 b=248  nb_frames=294
10:44:41  - Zone         segment_28ebe6d2           a=248 b=248  nb_frames=293
10:44:41  - Zone         segment_28ebe6d2           a=248 b=248  nb_frames=292
10:44:41  - Zone         segment_28ebe6d2           a=248 b=248  nb_frames=291
10:44:42  - Zone         segment_28ebe6d2           a=248 b=248  nb_frames=290
10:44:42  - Zone         segment_28ebe6d2           a=248 b=248  nb_frames=289
10:44:43  - Zone         segment_28ebe6d2           a=248 b=248  nb_frames=288
10:44:44  - Zone         segment_28ebe6d2           a=248 b=248  nb_frames=287
10:44:44  - Zone         segment_28ebe6d2           a=248 b=248  nb_frames=286
10:45:27  - Zone         segment_28ebe6d2           a=275 b=275  nb_frames=285
10:45:27  - Zone         segment_28ebe6d2           a=275 b=275  nb_frames=284
10:45:28  - Zone         segment_28ebe6d2           a=275 b=275  nb_frames=283
10:45:28  - Zone         segment_28ebe6d2           a=275 b=275  nb_frames=282
10:45:29  - Zone         segment_28ebe6d2           a=275 b=275  nb_frames=281
10:45:29  - Zone         segment_28ebe6d2           a=275 b=275  nb_frames=280
10:45:30  - Zone         segment_28ebe6d2           a=275 b=275  nb_frames=279
10:45:31  - Zone         segment_28ebe6d2           a=275 b=275  nb_frames=278
10:45:31  - Zone         segment_28ebe6d2           a=275 b=275  nb_frames=277
10:45:33  - Zone         segment_28ebe6d2           a=275 b=275  nb_frames=276
10:46:07  + Frame        segment_9998a5e7           at=22 count=1 side=right  nb_frames=295
10:46:10  + Frame        segment_9998a5e7           at=23 count=1 side=right  nb_frames=296
10:46:11  + Frame        segment_9998a5e7           at=24 count=1 side=right  nb_frames=297
10:46:11  + Frame        segment_9998a5e7           at=25 count=1 side=right  nb_frames=298
10:46:11  + Frame        segment_9998a5e7           at=26 count=1 side=right  nb_frames=299
10:46:12  + Frame        segment_9998a5e7           at=27 count=1 side=right  nb_frames=300
10:46:12  + Frame        segment_9998a5e7           at=28 count=1 side=right  nb_frames=301
10:46:12  + Frame        segment_9998a5e7           at=29 count=1 side=right  nb_frames=302
10:46:13  + Frame        segment_9998a5e7           at=30 count=1 side=right  nb_frames=303
10:46:13  + Frame        segment_9998a5e7           at=31 count=1 side=right  nb_frames=304
10:46:14  + Frame        segment_9998a5e7           at=32 count=1 side=right  nb_frames=305
10:46:31  Save scene     segment_28ebe6d2             nb_frames=276  duration_s=11.08
10:46:36  Save scene     segment_9998a5e7             nb_frames=305  duration_s=12.24
10:46:47  Open timeline  Rentify Demos Corp/ski-demo/help-videos/BCP_raw_mp4/special-skis root=Rentify Demos Corp/ski-demo/help-videos/BCP_raw_mp4/special-skis ns=13,14
10:48:11  + Frame        segment_9998a5e7           at=190 count=1 side=right  nb_frames=306
10:48:12  + Frame        segment_9998a5e7           at=191 count=1 side=right  nb_frames=307
10:48:12  + Frame        segment_9998a5e7           at=192 count=1 side=right  nb_frames=308
10:48:13  + Frame        segment_9998a5e7           at=193 count=1 side=right  nb_frames=309
10:48:13  + Frame        segment_9998a5e7           at=194 count=1 side=right  nb_frames=310
10:48:13  + Frame        segment_9998a5e7           at=195 count=1 side=right  nb_frames=311
10:48:14  + Frame        segment_9998a5e7           at=196 count=1 side=right  nb_frames=312
10:48:15  + Frame        segment_9998a5e7           at=197 count=1 side=right  nb_frames=313
10:48:16  + Frame        segment_9998a5e7           at=198 count=1 side=right  nb_frames=314
10:49:02  + Frame        segment_9998a5e7           at=34 count=1 side=right  nb_frames=315
10:49:03  + Frame        segment_9998a5e7           at=35 count=1 side=right  nb_frames=316
10:49:03  + Frame        segment_9998a5e7           at=36 count=1 side=right  nb_frames=317
10:49:03  + Frame        segment_9998a5e7           at=37 count=1 side=right  nb_frames=318
10:49:04  + Frame        segment_9998a5e7           at=38 count=1 side=right  nb_frames=319
10:49:04  + Frame        segment_9998a5e7           at=39 count=1 side=right  nb_frames=320
10:49:04  + Frame        segment_9998a5e7           at=40 count=1 side=right  nb_frames=321
10:49:05  + Frame        segment_9998a5e7           at=41 count=1 side=right  nb_frames=322
10:49:06  + Frame        segment_9998a5e7           at=42 count=1 side=right  nb_frames=323
10:49:07  + Frame        segment_9998a5e7           at=43 count=1 side=right  nb_frames=324
10:49:35  Save scene     segment_9998a5e7             nb_frames=324  duration_s=13.0
10:49:45  Open timeline  Rentify Demos Corp/ski-demo/help-videos/BCP_raw_mp4/special-skis root=Rentify Demos Corp/ski-demo/help-videos/BCP_raw_mp4/special-skis ns=13,14
10:50:41  + Frame        segment_9998a5e7           at=70 count=1 side=right  nb_frames=325
10:50:41  + Frame        segment_9998a5e7           at=71 count=1 side=right  nb_frames=326
10:50:42  + Frame        segment_9998a5e7           at=72 count=1 side=right  nb_frames=327
10:50:42  + Frame        segment_9998a5e7           at=73 count=1 side=right  nb_frames=328
10:50:42  + Frame        segment_9998a5e7           at=74 count=1 side=right  nb_frames=329
10:50:43  + Frame        segment_9998a5e7           at=75 count=1 side=right  nb_frames=330
10:50:43  + Frame        segment_9998a5e7           at=76 count=1 side=right  nb_frames=331
10:50:44  + Frame        segment_9998a5e7           at=77 count=1 side=right  nb_frames=332
10:50:44  + Frame        segment_9998a5e7           at=78 count=1 side=right  nb_frames=333
10:50:45  + Frame        segment_9998a5e7           at=79 count=1 side=right  nb_frames=334
10:50:56  + Frame        segment_9998a5e7           at=80 count=1 side=right  nb_frames=335
10:50:56  + Frame        segment_9998a5e7           at=81 count=1 side=right  nb_frames=336
10:50:57  + Frame        segment_9998a5e7           at=82 count=1 side=right  nb_frames=337
10:50:57  + Frame        segment_9998a5e7           at=83 count=1 side=right  nb_frames=338
10:50:58  + Frame        segment_9998a5e7           at=84 count=1 side=right  nb_frames=339
10:51:00  + Frame        segment_9998a5e7           at=85 count=1 side=right  nb_frames=340
10:51:00  + Frame        segment_9998a5e7           at=86 count=1 side=right  nb_frames=341
10:51:01  + Frame        segment_9998a5e7           at=87 count=1 side=right  nb_frames=342
10:51:01  + Frame        segment_9998a5e7           at=88 count=1 side=right  nb_frames=343
10:51:02  + Frame        segment_9998a5e7           at=89 count=1 side=right  nb_frames=344
10:51:48  + Frame        segment_9998a5e7           at=224 count=1 side=right  nb_frames=345
10:51:49  + Frame        segment_9998a5e7           at=225 count=1 side=right  nb_frames=346
10:51:49  + Frame        segment_9998a5e7           at=226 count=1 side=right  nb_frames=347
10:51:49  + Frame        segment_9998a5e7           at=227 count=1 side=right  nb_frames=348
10:51:50  + Frame        segment_9998a5e7           at=228 count=1 side=right  nb_frames=349
10:51:50  + Frame        segment_9998a5e7           at=229 count=1 side=right  nb_frames=350
10:51:51  + Frame        segment_9998a5e7           at=230 count=1 side=right  nb_frames=351
10:51:51  + Frame        segment_9998a5e7           at=231 count=1 side=right  nb_frames=352
10:51:51  + Frame        segment_9998a5e7           at=232 count=1 side=right  nb_frames=353
10:51:52  + Frame        segment_9998a5e7           at=233 count=1 side=right  nb_frames=354
10:52:07  Save scene     segment_9998a5e7             nb_frames=354  duration_s=14.2
10:52:12  Open timeline  Rentify Demos Corp/ski-demo/help-videos/BCP_raw_mp4/special-skis root=Rentify Demos Corp/ski-demo/help-videos/BCP_raw_mp4/special-skis ns=13,14
10:53:22  Open timeline  Rentify Demos Corp/ski-demo/help-videos/BCP_raw_mp4/special-skis root=Rentify Demos Corp/ski-demo/help-videos/BCP_raw_mp4/special-skis ns=19,20,21
10:54:51  + Frame        segment_1dacdad6           at=33 count=1 side=right  nb_frames=201
10:54:52  + Frame        segment_1dacdad6           at=34 count=1 side=right  nb_frames=202
10:54:52  + Frame        segment_1dacdad6           at=35 count=1 side=right  nb_frames=203
10:54:53  + Frame        segment_1dacdad6           at=36 count=1 side=right  nb_frames=204
10:54:53  + Frame        segment_1dacdad6           at=37 count=1 side=right  nb_frames=205
10:54:54  + Frame        segment_1dacdad6           at=38 count=1 side=right  nb_frames=206
10:54:54  + Frame        segment_1dacdad6           at=39 count=1 side=right  nb_frames=207
10:54:55  + Frame        segment_1dacdad6           at=40 count=1 side=right  nb_frames=208
10:54:55  + Frame        segment_1dacdad6           at=41 count=1 side=right  nb_frames=209
10:54:56  + Frame        segment_1dacdad6           at=42 count=1 side=right  nb_frames=210
10:54:58  + Frame        segment_1dacdad6           at=43 count=1 side=right  nb_frames=211
10:54:59  + Frame        segment_1dacdad6           at=44 count=1 side=right  nb_frames=212
10:54:59  + Frame        segment_1dacdad6           at=45 count=1 side=right  nb_frames=213
10:55:00  + Frame        segment_1dacdad6           at=46 count=1 side=right  nb_frames=214
10:55:00  + Frame        segment_1dacdad6           at=47 count=1 side=right  nb_frames=215
10:55:01  + Frame        segment_1dacdad6           at=48 count=1 side=right  nb_frames=216
10:55:01  + Frame        segment_1dacdad6           at=49 count=1 side=right  nb_frames=217
10:55:02  + Frame        segment_1dacdad6           at=50 count=1 side=right  nb_frames=218
10:55:02  + Frame        segment_1dacdad6           at=51 count=1 side=right  nb_frames=219
10:55:03  + Frame        segment_1dacdad6           at=52 count=1 side=right  nb_frames=220
10:55:09  Save scene     segment_1dacdad6             nb_frames=220  duration_s=8.84
10:55:13  Open timeline  Rentify Demos Corp/ski-demo/help-videos/BCP_raw_mp4/special-skis root=Rentify Demos Corp/ski-demo/help-videos/BCP_raw_mp4/special-skis ns=19,20,21
10:56:30  + Frame        segment_806e525d           at=28 count=1 side=right  nb_frames=176
10:56:30  + Frame        segment_806e525d           at=29 count=1 side=right  nb_frames=177
10:56:30  + Frame        segment_806e525d           at=30 count=1 side=right  nb_frames=178
10:56:30  + Frame        segment_806e525d           at=31 count=1 side=right  nb_frames=179
10:56:31  + Frame        segment_806e525d           at=32 count=1 side=right  nb_frames=180
10:56:31  + Frame        segment_806e525d           at=33 count=1 side=right  nb_frames=181
10:56:31  + Frame        segment_806e525d           at=34 count=1 side=right  nb_frames=182
10:56:32  + Frame        segment_806e525d           at=35 count=1 side=right  nb_frames=183
10:56:32  + Frame        segment_806e525d           at=36 count=1 side=right  nb_frames=184
10:56:32  + Frame        segment_806e525d           at=37 count=1 side=right  nb_frames=185
10:56:34  + Frame        segment_806e525d           at=38 count=1 side=right  nb_frames=186
10:56:34  + Frame        segment_806e525d           at=39 count=1 side=right  nb_frames=187
10:56:34  + Frame        segment_806e525d           at=40 count=1 side=right  nb_frames=188
10:56:35  + Frame        segment_806e525d           at=41 count=1 side=right  nb_frames=189
10:56:35  + Frame        segment_806e525d           at=42 count=1 side=right  nb_frames=190
10:56:35  + Frame        segment_806e525d           at=43 count=1 side=right  nb_frames=191
10:56:36  + Frame        segment_806e525d           at=44 count=1 side=right  nb_frames=192
10:56:36  + Frame        segment_806e525d           at=45 count=1 side=right  nb_frames=193
10:56:36  + Frame        segment_806e525d           at=46 count=1 side=right  nb_frames=194
10:56:37  + Frame        segment_806e525d           at=47 count=1 side=right  nb_frames=195
10:56:44  Save scene     segment_806e525d             nb_frames=195  duration_s=7.84
10:56:49  Open timeline  Rentify Demos Corp/ski-demo/help-videos/BCP_raw_mp4/special-skis root=Rentify Demos Corp/ski-demo/help-videos/BCP_raw_mp4/special-skis ns=19,20,21
10:58:02  - Zone         segment_1dacdad6           a=215 b=215  nb_frames=219
10:58:03  - Zone         segment_1dacdad6           a=215 b=215  nb_frames=218
10:58:21  - Zone         segment_1dacdad6           a=215 b=215  nb_frames=217
10:58:23  - Zone         segment_1dacdad6           a=215 b=215  nb_frames=216
10:58:26  - Zone         segment_1dacdad6           a=215 b=215  nb_frames=215
10:58:29  - Zone         segment_1dacdad6           a=215 b=215  nb_frames=214
10:59:12  + Frame        segment_806e525d           at=1 count=1 side=right  nb_frames=196
10:59:12  + Frame        segment_806e525d           at=2 count=1 side=right  nb_frames=197
10:59:12  + Frame        segment_806e525d           at=3 count=1 side=right  nb_frames=198
10:59:13  + Frame        segment_806e525d           at=4 count=1 side=right  nb_frames=199
10:59:13  + Frame        segment_806e525d           at=5 count=1 side=right  nb_frames=200
10:59:13  + Frame        segment_806e525d           at=6 count=1 side=right  nb_frames=201
10:59:14  + Frame        segment_806e525d           at=7 count=1 side=right  nb_frames=202
10:59:14  + Frame        segment_806e525d           at=8 count=1 side=right  nb_frames=203
10:59:14  + Frame        segment_806e525d           at=9 count=1 side=right  nb_frames=204
10:59:15  + Frame        segment_806e525d           at=10 count=1 side=right  nb_frames=205
10:59:19  + Frame        segment_806e525d           at=11 count=1 side=right  nb_frames=206
10:59:19  + Frame        segment_806e525d           at=12 count=1 side=right  nb_frames=207
10:59:19  + Frame        segment_806e525d           at=13 count=1 side=right  nb_frames=208
10:59:20  + Frame        segment_806e525d           at=14 count=1 side=right  nb_frames=209
10:59:20  + Frame        segment_806e525d           at=15 count=1 side=right  nb_frames=210
10:59:21  + Frame        segment_806e525d           at=16 count=1 side=right  nb_frames=211
10:59:21  + Frame        segment_806e525d           at=17 count=1 side=right  nb_frames=212
10:59:22  + Frame        segment_806e525d           at=18 count=1 side=right  nb_frames=213
10:59:22  + Frame        segment_806e525d           at=19 count=1 side=right  nb_frames=214
10:59:22  + Frame        segment_806e525d           at=20 count=1 side=right  nb_frames=215
10:59:27  Save scene     segment_1dacdad6             nb_frames=214  duration_s=8.56
10:59:30  Save scene     segment_806e525d             nb_frames=215  duration_s=8.6
10:59:41  Open timeline  Rentify Demos Corp/ski-demo/help-videos/BCP_raw_mp4/special-skis root=Rentify Demos Corp/ski-demo/help-videos/BCP_raw_mp4/special-skis ns=19,20,21
11:10:10  Open timeline  Rentify Demos Corp/ski-demo/help-videos/BCP_raw_mp4/special-skis root=Rentify Demos Corp/ski-demo/help-videos/BCP_raw_mp4/special-skis ns=19,20,21
11:12:35  Open timeline  Rentify Demos Corp/ski-demo/help-videos/BCP_raw_mp4/special-skis root=Rentify Demos Corp/ski-demo/help-videos/BCP_raw_mp4/special-skis ns=19,20,21
11:15:37  Open timeline  Rentify Demos Corp/ski-demo/help-videos/BCP_raw_mp4/special-skis root=Rentify Demos Corp/ski-demo/help-videos/BCP_raw_mp4/special-skis ns=19,20,21
11:25:26  Open timeline  Rentify Demos Corp/ski-demo/help-videos/BCP_raw_mp4/special-skis root=Rentify Demos Corp/ski-demo/help-videos/BCP_raw_mp4/special-skis ns=19,20,21
11:27:54  Open timeline  Rentify Demos Corp/ski-demo/help-videos/BCP_raw_mp4/special-skis root=Rentify Demos Corp/ski-demo/help-videos/BCP_raw_mp4/special-skis ns=19,20,21
11:28:58  Open timeline  Rentify Demos Corp/ski-demo/help-videos/BCP_raw_mp4/special-skis root=Rentify Demos Corp/ski-demo/help-videos/BCP_raw_mp4/special-skis ns=20,21,22
11:29:35  + Frame        segment_806e525d           at=26 count=1 side=right  nb_frames=216
11:29:36  + Frame        segment_806e525d           at=27 count=1 side=right  nb_frames=217
11:29:36  + Frame        segment_806e525d           at=28 count=1 side=right  nb_frames=218
11:29:37  + Frame        segment_806e525d           at=29 count=1 side=right  nb_frames=219
11:29:37  + Frame        segment_806e525d           at=30 count=1 side=right  nb_frames=220
11:29:37  + Frame        segment_806e525d           at=31 count=1 side=right  nb_frames=221
11:29:38  + Frame        segment_806e525d           at=32 count=1 side=right  nb_frames=222
11:29:38  + Frame        segment_806e525d           at=33 count=1 side=right  nb_frames=223
11:29:39  + Frame        segment_806e525d           at=34 count=1 side=right  nb_frames=224
11:29:39  + Frame        segment_806e525d           at=35 count=1 side=right  nb_frames=225
11:29:58  + Frame        segment_806e525d           at=220 count=1 side=right  nb_frames=226
11:29:59  + Frame        segment_806e525d           at=221 count=1 side=right  nb_frames=227
11:29:59  + Frame        segment_806e525d           at=222 count=1 side=right  nb_frames=228
11:30:00  + Frame        segment_806e525d           at=223 count=1 side=right  nb_frames=229
11:30:00  + Frame        segment_806e525d           at=224 count=1 side=right  nb_frames=230
11:30:00  + Frame        segment_806e525d           at=225 count=1 side=right  nb_frames=231
11:30:01  + Frame        segment_806e525d           at=226 count=1 side=right  nb_frames=232
11:30:01  + Frame        segment_806e525d           at=227 count=1 side=right  nb_frames=233
11:30:01  + Frame        segment_806e525d           at=228 count=1 side=right  nb_frames=234
11:30:02  + Frame        segment_806e525d           at=229 count=1 side=right  nb_frames=235
11:30:02  + Frame        segment_806e525d           at=230 count=1 side=right  nb_frames=236
11:30:03  + Frame        segment_806e525d           at=231 count=1 side=right  nb_frames=237
11:30:03  + Frame        segment_806e525d           at=232 count=1 side=right  nb_frames=238
11:30:03  + Frame        segment_806e525d           at=233 count=1 side=right  nb_frames=239
11:30:03  + Frame        segment_806e525d           at=234 count=1 side=right  nb_frames=240
11:30:04  + Frame        segment_806e525d           at=235 count=1 side=right  nb_frames=241
11:30:04  + Frame        segment_806e525d           at=236 count=1 side=right  nb_frames=242
11:30:04  + Frame        segment_806e525d           at=237 count=1 side=right  nb_frames=243
11:30:04  + Frame        segment_806e525d           at=238 count=1 side=right  nb_frames=244
11:30:05  + Frame        segment_806e525d           at=239 count=1 side=right  nb_frames=245
11:30:08  + Frame        segment_806e525d           at=240 count=1 side=right  nb_frames=246
11:30:09  + Frame        segment_806e525d           at=241 count=1 side=right  nb_frames=247
11:30:09  + Frame        segment_806e525d           at=242 count=1 side=right  nb_frames=248
11:30:09  + Frame        segment_806e525d           at=243 count=1 side=right  nb_frames=249
11:30:10  + Frame        segment_806e525d           at=244 count=1 side=right  nb_frames=250
11:30:10  + Frame        segment_806e525d           at=245 count=1 side=right  nb_frames=251
11:30:39  - Zone         segment_a5a418ea           a=17 b=17  nb_frames=243
11:30:40  - Zone         segment_a5a418ea           a=17 b=17  nb_frames=242
11:30:41  - Zone         segment_a5a418ea           a=17 b=17  nb_frames=241
11:30:42  - Zone         segment_a5a418ea           a=17 b=17  nb_frames=240
11:30:43  - Zone         segment_a5a418ea           a=17 b=17  nb_frames=239
11:30:43  - Zone         segment_a5a418ea           a=17 b=17  nb_frames=238
11:30:44  - Zone         segment_a5a418ea           a=17 b=17  nb_frames=237
11:30:44  - Zone         segment_a5a418ea           a=17 b=17  nb_frames=236
11:30:44  - Zone         segment_a5a418ea           a=17 b=17  nb_frames=235
11:30:44  - Zone         segment_a5a418ea           a=17 b=17  nb_frames=234
11:30:45  - Zone         segment_a5a418ea           a=17 b=17  nb_frames=233
11:30:45  - Zone         segment_a5a418ea           a=17 b=17  nb_frames=232
11:30:45  - Zone         segment_a5a418ea           a=17 b=17  nb_frames=231
11:30:46  - Zone         segment_a5a418ea           a=17 b=17  nb_frames=230
11:30:46  - Zone         segment_a5a418ea           a=17 b=17  nb_frames=229
11:30:46  - Zone         segment_a5a418ea           a=17 b=17  nb_frames=228
11:30:46  - Zone         segment_a5a418ea           a=17 b=17  nb_frames=227
11:31:06  - Zone         segment_a5a418ea           a=2 b=2  nb_frames=226
11:31:09  - Zone         segment_a5a418ea           a=2 b=2  nb_frames=225
11:31:11  - Zone         segment_a5a418ea           a=2 b=2  nb_frames=224
11:31:11  - Zone         segment_a5a418ea           a=2 b=2  nb_frames=223
11:31:12  - Zone         segment_a5a418ea           a=2 b=2  nb_frames=222
11:31:13  - Zone         segment_a5a418ea           a=2 b=2  nb_frames=221
11:31:14  - Zone         segment_a5a418ea           a=2 b=2  nb_frames=220
11:31:14  - Zone         segment_a5a418ea           a=2 b=2  nb_frames=219
11:31:15  - Zone         segment_a5a418ea           a=2 b=2  nb_frames=218
11:31:16  - Zone         segment_a5a418ea           a=2 b=2  nb_frames=217
11:31:17  - Zone         segment_a5a418ea           a=2 b=2  nb_frames=216
11:31:18  - Zone         segment_a5a418ea           a=2 b=2  nb_frames=215
11:31:19  - Zone         segment_a5a418ea           a=2 b=2  nb_frames=214
11:31:19  - Zone         segment_a5a418ea           a=2 b=2  nb_frames=213
11:31:19  - Zone         segment_a5a418ea           a=2 b=2  nb_frames=212
11:31:20  - Zone         segment_a5a418ea           a=2 b=2  nb_frames=211
11:31:36  Save scene     segment_806e525d             nb_frames=251  duration_s=10.08
11:31:39  Save scene     segment_a5a418ea             nb_frames=211  duration_s=8.48
11:31:45  Open timeline  Rentify Demos Corp/ski-demo/help-videos/BCP_raw_mp4/special-skis root=Rentify Demos Corp/ski-demo/help-videos/BCP_raw_mp4/special-skis ns=20,21,22
11:33:32  Edit line      Rentify Demos Corp/ski-demo/help-videos/BCP_raw_mp4/special-skis n=21  line=Go back to the dashboard when you are done. {0.3} Use control or command plus the K key as the short cut keys. The Logout card is here.
11:33:36  Open timeline  Rentify Demos Corp/ski-demo/help-videos/BCP_raw_mp4/special-skis root=Rentify Demos Corp/ski-demo/help-videos/BCP_raw_mp4/special-skis ns=20,21,22
11:35:10  Edit line      Rentify Demos Corp/ski-demo/help-videos/BCP_raw_mp4/special-skis n=22  line=You are signed out. {1} Your collection and all nine of its variants are saved and ready to rent.
11:35:12  Open timeline  Rentify Demos Corp/ski-demo/help-videos/BCP_raw_mp4/special-skis root=Rentify Demos Corp/ski-demo/help-videos/BCP_raw_mp4/special-skis ns=20,21,22
11:36:14  Edit line      Rentify Demos Corp/ski-demo/help-videos/BCP_raw_mp4/special-skis n=21  line=Go back to the dashboard when you are done. {0.3} Use control or command plus the K key as the short cut keys. Use the Logout card is here.
11:36:17  Open timeline  Rentify Demos Corp/ski-demo/help-videos/BCP_raw_mp4/special-skis root=Rentify Demos Corp/ski-demo/help-videos/BCP_raw_mp4/special-skis ns=20,21,22
11:55:15  Open timeline  Rentify Demos Corp/ski-demo/help-videos/BCP_raw_mp4/special-skis root=Rentify Demos Corp/ski-demo/help-videos/BCP_raw_mp4/special-skis ns=1
12:04:02  Open timeline  Rentify Demos Corp/ski-demo/help-videos/BCP_raw_mp4/special-skis root=Rentify Demos Corp/ski-demo/help-videos/BCP_raw_mp4/special-skis ns=0,1,2
12:04:33  Open timeline  Rentify Demos Corp/ski-demo/help-videos/BCP_raw_mp4/special-skis root=Rentify Demos Corp/ski-demo/help-videos/BCP_raw_mp4/special-skis ns=0,1
12:10:01  Open timeline  Rentify Demos Corp/ski-demo/help-videos/BCP_raw_mp4/special-skis root=Rentify Demos Corp/ski-demo/help-videos/BCP_raw_mp4/special-skis ns=0,1,2
